Component: ARM Compiler 5.06 update 5 (build 528) Tool: armlink [4d35e2]

==============================================================================

Section Cross References

    startup_stm32f103xb.o(RESET) refers to startup_stm32f103xb.o(STACK) for __initial_sp
    startup_stm32f103xb.o(RESET) refers to startup_stm32f103xb.o(.text) for Reset_Handler
    startup_stm32f103xb.o(RESET) refers to stm32f1xx_it.o(i.NMI_Handler) for NMI_Handler
    startup_stm32f103xb.o(RESET) refers to stm32f1xx_it.o(i.HardFault_Handler) for HardFault_Handler
    startup_stm32f103xb.o(RESET) refers to stm32f1xx_it.o(i.MemManage_Handler) for MemManage_Handler
    startup_stm32f103xb.o(RESET) refers to stm32f1xx_it.o(i.BusFault_Handler) for BusFault_Handler
    startup_stm32f103xb.o(RESET) refers to stm32f1xx_it.o(i.UsageFault_Handler) for UsageFault_Handler
    startup_stm32f103xb.o(RESET) refers to stm32f1xx_it.o(i.SVC_Handler) for SVC_Handler
    startup_stm32f103xb.o(RESET) refers to stm32f1xx_it.o(i.DebugMon_Handler) for DebugMon_Handler
    startup_stm32f103xb.o(RESET) refers to stm32f1xx_it.o(i.PendSV_Handler) for PendSV_Handler
    startup_stm32f103xb.o(RESET) refers to stm32f1xx_it.o(i.SysTick_Handler) for SysTick_Handler
    startup_stm32f103xb.o(RESET) refers to stm32f1xx_it.o(i.EXTI4_IRQHandler) for EXTI4_IRQHandler
    startup_stm32f103xb.o(RESET) refers to stm32f1xx_it.o(i.TIM1_UP_IRQHandler) for TIM1_UP_IRQHandler
    startup_stm32f103xb.o(RESET) refers to stm32f1xx_it.o(i.TIM2_IRQHandler) for TIM2_IRQHandler
    startup_stm32f103xb.o(RESET) refers to stm32f1xx_it.o(i.TIM3_IRQHandler) for TIM3_IRQHandler
    startup_stm32f103xb.o(RESET) refers to stm32f1xx_it.o(i.TIM4_IRQHandler) for TIM4_IRQHandler
    startup_stm32f103xb.o(RESET) refers to uart.o(i.USART1_IRQHandler) for USART1_IRQHandler
    startup_stm32f103xb.o(RESET) refers to stm32f1xx_it.o(i.USART3_IRQHandler) for USART3_IRQHandler
    startup_stm32f103xb.o(RESET) refers to stm32f1xx_it.o(i.EXTI15_10_IRQHandler) for EXTI15_10_IRQHandler
    startup_stm32f103xb.o(.text) refers to system_stm32f1xx.o(i.SystemInit) for SystemInit
    startup_stm32f103xb.o(.text) refers to entry.o(.ARM.Collect$$$$00000000) for __main
    stm32f1xx_hal_gpio_ex.o(i.HAL_GPIOEx_ConfigEventout) refers to main.o(i.assert_failed) for assert_failed
    stm32f1xx_hal_adc.o(i.ADC_ConversionStop_Disable) refers to stm32f1xx_hal.o(i.HAL_GetTick) for HAL_GetTick
    stm32f1xx_hal_adc.o(i.ADC_DMAConvCplt) refers to stm32f1xx_hal_adc.o(i.HAL_ADC_ConvCpltCallback) for HAL_ADC_ConvCpltCallback
    stm32f1xx_hal_adc.o(i.ADC_DMAError) refers to stm32f1xx_hal_adc.o(i.HAL_ADC_ErrorCallback) for HAL_ADC_ErrorCallback
    stm32f1xx_hal_adc.o(i.ADC_DMAHalfConvCplt) refers to stm32f1xx_hal_adc.o(i.HAL_ADC_ConvHalfCpltCallback) for HAL_ADC_ConvHalfCpltCallback
    stm32f1xx_hal_adc.o(i.ADC_Enable) refers to stm32f1xx_hal.o(i.HAL_GetTick) for HAL_GetTick
    stm32f1xx_hal_adc.o(i.ADC_Enable) refers to system_stm32f1xx.o(.data) for SystemCoreClock
    stm32f1xx_hal_adc.o(i.HAL_ADC_AnalogWDGConfig) refers to main.o(i.assert_failed) for assert_failed
    stm32f1xx_hal_adc.o(i.HAL_ADC_ConfigChannel) refers to main.o(i.assert_failed) for assert_failed
    stm32f1xx_hal_adc.o(i.HAL_ADC_ConfigChannel) refers to system_stm32f1xx.o(.data) for SystemCoreClock
    stm32f1xx_hal_adc.o(i.HAL_ADC_DeInit) refers to main.o(i.assert_failed) for assert_failed
    stm32f1xx_hal_adc.o(i.HAL_ADC_DeInit) refers to stm32f1xx_hal_adc.o(i.ADC_ConversionStop_Disable) for ADC_ConversionStop_Disable
    stm32f1xx_hal_adc.o(i.HAL_ADC_DeInit) refers to adc.o(i.HAL_ADC_MspDeInit) for HAL_ADC_MspDeInit
    stm32f1xx_hal_adc.o(i.HAL_ADC_GetValue) refers to main.o(i.assert_failed) for assert_failed
    stm32f1xx_hal_adc.o(i.HAL_ADC_IRQHandler) refers to main.o(i.assert_failed) for assert_failed
    stm32f1xx_hal_adc.o(i.HAL_ADC_IRQHandler) refers to stm32f1xx_hal_adc.o(i.HAL_ADC_ConvCpltCallback) for HAL_ADC_ConvCpltCallback
    stm32f1xx_hal_adc.o(i.HAL_ADC_IRQHandler) refers to stm32f1xx_hal_adc_ex.o(i.HAL_ADCEx_InjectedConvCpltCallback) for HAL_ADCEx_InjectedConvCpltCallback
    stm32f1xx_hal_adc.o(i.HAL_ADC_IRQHandler) refers to stm32f1xx_hal_adc.o(i.HAL_ADC_LevelOutOfWindowCallback) for HAL_ADC_LevelOutOfWindowCallback
    stm32f1xx_hal_adc.o(i.HAL_ADC_Init) refers to main.o(i.assert_failed) for assert_failed
    stm32f1xx_hal_adc.o(i.HAL_ADC_Init) refers to adc.o(i.HAL_ADC_MspInit) for HAL_ADC_MspInit
    stm32f1xx_hal_adc.o(i.HAL_ADC_Init) refers to stm32f1xx_hal_adc.o(i.ADC_ConversionStop_Disable) for ADC_ConversionStop_Disable
    stm32f1xx_hal_adc.o(i.HAL_ADC_PollForConversion) refers to main.o(i.assert_failed) for assert_failed
    stm32f1xx_hal_adc.o(i.HAL_ADC_PollForConversion) refers to stm32f1xx_hal.o(i.HAL_GetTick) for HAL_GetTick
    stm32f1xx_hal_adc.o(i.HAL_ADC_PollForConversion) refers to stm32f1xx_hal_rcc_ex.o(i.HAL_RCCEx_GetPeriphCLKFreq) for HAL_RCCEx_GetPeriphCLKFreq
[...]
    motor.o(i.Motor_set) refers to tim.o(.bss) for htim1
    motor.o(.data) refers to motor.o(i.Motor_set) for Motor_set
    motor.o(.data) refers to motor.o(i.Motor_SpeedUp) for Motor_SpeedUp
    motor.o(.data) refers to motor.o(i.Motor_SpeedCut) for Motor_SpeedCut
    time.o(i.Time_Init) refers to stm32f1xx_hal_tim.o(i.HAL_TIM_PWM_Start) for HAL_TIM_PWM_Start
    time.o(i.Time_Init) refers to stm32f1xx_hal_tim.o(i.HAL_TIM_Encoder_Start) for HAL_TIM_Encoder_Start
    time.o(i.Time_Init) refers to stm32f1xx_hal_tim.o(i.HAL_TIM_Base_Start_IT) for HAL_TIM_Base_Start_IT
    time.o(i.Time_Init) refers to tim.o(.bss) for htim1
    time.o(.data) refers to time.o(i.Time_Init) for Time_Init
    niming.o(i.ANO_DT_Send_F1) refers to stm32f1xx_hal_uart.o(i.HAL_UART_Transmit) for HAL_UART_Transmit
    niming.o(i.ANO_DT_Send_F1) refers to niming.o(.bss) for .bss
    niming.o(i.ANO_DT_Send_F1) refers to usart.o(.bss) for huart1
    niming.o(i.ANO_DT_Send_F2) refers to stm32f1xx_hal_uart.o(i.HAL_UART_Transmit) for HAL_UART_Transmit
    niming.o(i.ANO_DT_Send_F2) refers to niming.o(.bss) for .bss
    niming.o(i.ANO_DT_Send_F2) refers to usart.o(.bss) for huart1
    niming.o(i.ANO_DT_Send_F3) refers to stm32f1xx_hal_uart.o(i.HAL_UART_Transmit) for HAL_UART_Transmit
    niming.o(i.ANO_DT_Send_F3) refers to niming.o(.bss) for .bss
    niming.o(i.ANO_DT_Send_F3) refers to usart.o(.bss) for huart1
    pid.o(i.HC_SR04_Follow) refers to stm32f1xx_hal.o(i.HAL_Delay) for HAL_Delay
    pid.o(i.HC_SR04_Follow) refers to hc_sr04.o(.data) for HC_SR04
    pid.o(i.HC_SR04_Follow) refers to pid.o(.data) for .data
    pid.o(i.HC_SR04_Follow) refers to pid.o(.bss) for .bss
    pid.o(i.Motor_Set_Speed) refers to ffixi.o(.text) for __aeabi_f2iz
    pid.o(i.Motor_Set_Speed) refers to pid.o(.bss) for .bss
    pid.o(i.Motor_Set_Speed) refers to pid.o(.data) for .data
    pid.o(i.Motor_Set_Speed) refers to time.o(.data) for Motor2Speed
    pid.o(i.Motor_Set_Speed) refers to time.o(.data) for Motor1Speed
    pid.o(i.Motor_Set_Speed) refers to motor.o(.data) for Motor
    pid.o(i.PID_HC_SR04_Follow_Init) refers to pid.o(.bss) for .bss
    pid.o(i.PID_Init) refers to pid.o(i.PID_Motor1_Speed_Init) for PID_Motor1_Speed_Init
    pid.o(i.PID_Init) refers to pid.o(i.PID_Motor2_Speed_Init) for PID_Motor2_Speed_Init
    pid.o(i.PID_Init) refers to pid.o(i.PID_Ir_Tracking_Init) for PID_Ir_Tracking_Init
    pid.o(i.PID_Init) refers to pid.o(i.PID_HC_SR04_Follow_Init) for PID_HC_SR04_Follow_Init
    pid.o(i.PID_Ir_Tracking) refers to stm32f1xx_hal_gpio.o(i.HAL_GPIO_ReadPin) for HAL_GPIO_ReadPin
    pid.o(i.PID_Ir_Tracking) refers to fflti.o(.text) for __aeabi_i2f
    pid.o(i.PID_Ir_Tracking) refers to fadd.o(.text) for __aeabi_fadd
    pid.o(i.PID_Ir_Tracking) refers to pid.o(.data) for .data
    pid.o(i.PID_Ir_Tracking) refers to pid.o(.bss) for .bss
    pid.o(i.PID_Ir_Tracking_Init) refers to pid.o(.bss) for .bss
    pid.o(i.PID_Motor1_Speed_Init) refers to pid.o(.bss) for .bss
    pid.o(i.PID_Motor2_Speed_Init) refers to pid.o(.bss) for .bss
    pid.o(i.PID_realize) refers to fadd.o(.text) for __aeabi_fsub
    pid.o(i.PID_realize) refers to fmul.o(.text) for __aeabi_fmul
    pid.o(i.PI_realize) refers to fadd.o(.text) for __aeabi_fsub
    pid.o(i.PI_realize) refers to fmul.o(.text) for __aeabi_fmul
    pid.o(i.P_realize) refers to fadd.o(.text) for __aeabi_fsub
    pid.o(i.P_realize) refers to fmul.o(.text) for __aeabi_fmul
    pid.o(.data) refers to pid.o(i.PID_Init) for PID_Init
    pid.o(.data) refers to pid.o(i.P_realize) for P_realize
    pid.o(.data) refers to pid.o(i.PI_realize) for PI_realize
    pid.o(.data) refers to pid.o(i.PID_realize) for PID_realize
    pid.o(.data) refers to pid.o(i.Motor_Set_Speed) for Motor_Set_Speed
    pid.o(.data) refers to pid.o(i.PID_Ir_Tracking) for PID_Ir_Tracking
    uart.o(i.UART_JSON_Parser) refers to uart.o(i.Usart_WaitRessFinish) for Usart_WaitRessFinish
    uart.o(i.UART_JSON_Parser) refers to cjson.o(i.cJSON_Parse) for cJSON_Parse
    uart.o(i.UART_JSON_Parser) refers to cjson.o(i.cJSON_GetObjectItem) for cJSON_GetObjectItem
    uart.o(i.UART_JSON_Parser) refers to d2f.o(.text) for __aeabi_d2f
    uart.o(i.UART_JSON_Parser) refers to cjson.o(i.cJSON_Delete) for cJSON_Delete
    uart.o(i.UART_JSON_Parser) refers to memseta.o(.text) for __aeabi_memclr
    uart.o(i.UART_JSON_Parser) refers to f2d.o(.text) for __aeabi_f2d
    uart.o(i.UART_JSON_Parser) refers to printfa.o(i.__0printf) for __2printf
    uart.o(i.UART_JSON_Parser) refers to uart.o(.bss) for .bss
    uart.o(i.UART_JSON_Parser) refers to pid.o(.bss) for PID_Motor1_Speed
    uart.o(i.USART1_IRQHandler) refers to stm32f1xx_hal_uart.o(i.HAL_UART_Receive) for HAL_UART_Receive
    uart.o(i.USART1_IRQHandler) refers to stm32f1xx_hal_uart.o(i.HAL_UART_IRQHandler) for HAL_UART_IRQHandler
    uart.o(i.USART1_IRQHandler) refers to usart.o(.bss) for huart1
    uart.o(i.USART1_IRQHandler) refers to uart.o(.data) for .data
    uart.o(i.USART1_IRQHandler) refers to uart.o(.bss) for .bss
    uart.o(i.Usart_WaitRessFinish) refers to uart.o(.data) for .data
    cjson.o(i.add_item_to_object) refers to cjson.o(i.cJSON_strdup) for cJSON_strdup
    cjson.o(i.add_item_to_object) refers to cjson.o(i.add_item_to_array) for add_item_to_array
    cjson.o(i.cJSON_AddArrayToObject) refers to cjson.o(i.cJSON_CreateArray) for cJSON_CreateArray
    cjson.o(i.cJSON_AddArrayToObject) refers to cjson.o(i.add_item_to_object) for add_item_to_object
    cjson.o(i.cJSON_AddArrayToObject) refers to cjson.o(i.cJSON_Delete) for cJSON_Delete
    cjson.o(i.cJSON_AddArrayToObject) refers to cjson.o(.data) for .data
    cjson.o(i.cJSON_AddBoolToObject) refers to cjson.o(i.cJSON_CreateBool) for cJSON_CreateBool
    cjson.o(i.cJSON_AddBoolToObject) refers to cjson.o(i.add_item_to_object) for add_item_to_object
    cjson.o(i.cJSON_AddBoolToObject) refers to cjson.o(i.cJSON_Delete) for cJSON_Delete
    cjson.o(i.cJSON_AddBoolToObject) refers to cjson.o(.data) for .data
    cjson.o(i.cJSON_AddFalseToObject) refers to cjson.o(i.cJSON_CreateFalse) for cJSON_CreateFalse
    cjson.o(i.cJSON_AddFalseToObject) refers to cjson.o(i.add_item_to_object) for add_item_to_object
    cjson.o(i.cJSON_AddFalseToObject) refers to cjson.o(i.cJSON_Delete) for cJSON_Delete
    cjson.o(i.cJSON_AddFalseToObject) refers to cjson.o(.data) for .data
    cjson.o(i.cJSON_AddItemReferenceToArray) refers to cjson.o(i.create_reference) for create_reference
    cjson.o(i.cJSON_AddItemReferenceToArray) refers to cjson.o(i.add_item_to_array) for add_item_to_array
    cjson.o(i.cJSON_AddItemReferenceToArray) refers to cjson.o(.data) for .data
    cjson.o(i.cJSON_AddItemReferenceToObject) refers to cjson.o(i.create_reference) for create_reference
    cjson.o(i.cJSON_AddItemReferenceToObject) refers to cjson.o(i.add_item_to_object) for add_item_to_object
    cjson.o(i.cJSON_AddItemReferenceToObject) refers to cjson.o(.data) for .data
    cjson.o(i.cJSON_AddItemToArray) refers to cjson.o(i.add_item_to_array) for add_item_to_array
    cjson.o(i.cJSON_AddItemToObject) refers to cjson.o(i.add_item_to_object) for add_item_to_object
    cjson.o(i.cJSON_AddItemToObject) refers to cjson.o(.data) for .data
    cjson.o(i.cJSON_AddItemToObjectCS) refers to cjson.o(i.add_item_to_object) for add_item_to_object
    cjson.o(i.cJSON_AddItemToObjectCS) refers to cjson.o(.data) for .data
    cjson.o(i.cJSON_AddNullToObject) refers to cjson.o(i.cJSON_CreateNull) for cJSON_CreateNull
    cjson.o(i.cJSON_AddNullToObject) refers to cjson.o(i.add_item_to_object) for add_item_to_object
    cjson.o(i.cJSON_AddNullToObject) refers to cjson.o(i.cJSON_Delete) for cJSON_Delete
    cjson.o(i.cJSON_AddNullToObject) refers to cjson.o(.data) for .data
    cjson.o(i.cJSON_AddNumberToObject) refers to cjson.o(i.cJSON_CreateNumber) for cJSON_CreateNumber
    cjson.o(i.cJSON_AddNumberToObject) refers to cjson.o(i.add_item_to_object) for add_item_to_object
    cjson.o(i.cJSON_AddNumberToObject) refers to cjson.o(i.cJSON_Delete) for cJSON_Delete
    cjson.o(i.cJSON_AddNumberToObject) refers to cjson.o(.data) for .data
    cjson.o(i.cJSON_AddObjectToObject) refers to cjson.o(i.cJSON_CreateObject) for cJSON_CreateObject
    cjson.o(i.cJSON_AddObjectToObject) refers to cjson.o(i.add_item_to_object) for add_item_to_object
    cjson.o(i.cJSON_AddObjectToObject) refers to cjson.o(i.cJSON_Delete) for cJSON_Delete
    cjson.o(i.cJSON_AddObjectToObject) refers to cjson.o(.data) for .data
    cjson.o(i.cJSON_AddRawToObject) refers to cjson.o(i.cJSON_CreateRaw) for cJSON_CreateRaw
    cjson.o(i.cJSON_AddRawToObject) refers to cjson.o(i.add_item_to_object) for add_item_to_object
    cjson.o(i.cJSON_AddRawToObject) refers to cjson.o(i.cJSON_Delete) for cJSON_Delete
    cjson.o(i.cJSON_AddRawToObject) refers to cjson.o(.data) for .data
    cjson.o(i.cJSON_AddStringToObject) refers to cjson.o(i.cJSON_CreateString) for cJSON_CreateString
    cjson.o(i.cJSON_AddStringToObject) refers to cjson.o(i.add_item_to_object) for add_item_to_object
    cjson.o(i.cJSON_AddStringToObject) refers to cjson.o(i.cJSON_Delete) for cJSON_Delete
    cjson.o(i.cJSON_AddStringToObject) refers to cjson.o(.data) for .data
    cjson.o(i.cJSON_AddTrueToObject) refers to cjson.o(i.cJSON_CreateTrue) for cJSON_CreateTrue
    cjson.o(i.cJSON_AddTrueToObject) refers to cjson.o(i.add_item_to_object) for add_item_to_object
    cjson.o(i.cJSON_AddTrueToObject) refers to cjson.o(i.cJSON_Delete) for cJSON_Delete
    cjson.o(i.cJSON_AddTrueToObject) refers to cjson.o(.data) for .data
    cjson.o(i.cJSON_Compare) refers to cjson.o(i.cJSON_IsInvalid) for cJSON_IsInvalid
    cjson.o(i.cJSON_Compare) refers to cjson.o(i.compare_double) for compare_double
    cjson.o(i.cJSON_Compare) refers to strcmp.o(.text) for strcmp
    cjson.o(i.cJSON_Compare) refers to cjson.o(i.get_object_item) for get_object_item
    cjson.o(i.cJSON_CreateArray) refers to cjson.o(i.cJSON_New_Item) for cJSON_New_Item
    cjson.o(i.cJSON_CreateArray) refers to cjson.o(.data) for .data
    cjson.o(i.cJSON_CreateArrayReference) refers to cjson.o(i.cJSON_New_Item) for cJSON_New_Item
    cjson.o(i.cJSON_CreateArrayReference) refers to cjson.o(.data) for .data
    cjson.o(i.cJSON_CreateBool) refers to cjson.o(i.cJSON_New_Item) for cJSON_New_Item
    cjson.o(i.cJSON_CreateBool) refers to cjson.o(.data) for .data
    cjson.o(i.cJSON_CreateDoubleArray) refers to cjson.o(i.cJSON_CreateArray) for cJSON_CreateArray
    cjson.o(i.cJSON_CreateDoubleArray) refers to cjson.o(i.cJSON_CreateNumber) for cJSON_CreateNumber
    cjson.o(i.cJSON_CreateDoubleArray) refers to cjson.o(i.cJSON_Delete) for cJSON_Delete
    cjson.o(i.cJSON_CreateFalse) refers to cjson.o(i.cJSON_New_Item) for cJSON_New_Item
    cjson.o(i.cJSON_CreateFalse) refers to cjson.o(.data) for .data
    cjson.o(i.cJSON_CreateFloatArray) refers to cjson.o(i.cJSON_CreateArray) for cJSON_CreateArray
    cjson.o(i.cJSON_CreateFloatArray) refers to f2d.o(.text) for __aeabi_f2d
    cjson.o(i.cJSON_CreateFloatArray) refers to cjson.o(i.cJSON_CreateNumber) for cJSON_CreateNumber
    cjson.o(i.cJSON_CreateFloatArray) refers to cjson.o(i.cJSON_Delete) for cJSON_Delete
    cjson.o(i.cJSON_CreateIntArray) refers to cjson.o(i.cJSON_CreateArray) for cJSON_CreateArray
    cjson.o(i.cJSON_CreateIntArray) refers to dflti.o(.text) for __aeabi_i2d
    cjson.o(i.cJSON_CreateIntArray) refers to cjson.o(i.cJSON_CreateNumber) for cJSON_CreateNumber
    cjson.o(i.cJSON_CreateIntArray) refers to cjson.o(i.cJSON_Delete) for cJSON_Delete
    cjson.o(i.cJSON_CreateNull) refers to cjson.o(i.cJSON_New_Item) for cJSON_New_Item
    cjson.o(i.cJSON_CreateNull) refers to cjson.o(.data) for .data
    cjson.o(i.cJSON_CreateNumber) refers to cjson.o(i.cJSON_New_Item) for cJSON_New_Item
    cjson.o(i.cJSON_CreateNumber) refers to cdrcmple.o(.text) for __aeabi_cdrcmple
    cjson.o(i.cJSON_CreateNumber) refers to cdcmple.o(.text) for __aeabi_cdcmple
    cjson.o(i.cJSON_CreateNumber) refers to dfixi.o(.text) for __aeabi_d2iz
    cjson.o(i.cJSON_CreateNumber) refers to cjson.o(.data) for .data
    cjson.o(i.cJSON_CreateObject) refers to cjson.o(i.cJSON_New_Item) for cJSON_New_Item
    cjson.o(i.cJSON_CreateObject) refers to cjson.o(.data) for .data
    cjson.o(i.cJSON_CreateObjectReference) refers to cjson.o(i.cJSON_New_Item) for cJSON_New_Item
    cjson.o(i.cJSON_CreateObjectReference) refers to cjson.o(.data) for .data
    cjson.o(i.cJSON_CreateRaw) refers to cjson.o(i.cJSON_New_Item) for cJSON_New_Item
    cjson.o(i.cJSON_CreateRaw) refers to cjson.o(i.cJSON_strdup) for cJSON_strdup
    cjson.o(i.cJSON_CreateRaw) refers to cjson.o(i.cJSON_Delete) for cJSON_Delete
    cjson.o(i.cJSON_CreateRaw) refers to cjson.o(.data) for .data
    cjson.o(i.cJSON_CreateString) refers to cjson.o(i.cJSON_New_Item) for cJSON_New_Item
    cjson.o(i.cJSON_CreateString) refers to cjson.o(i.cJSON_strdup) for cJSON_strdup
    cjson.o(i.cJSON_CreateString) refers to cjson.o(i.cJSON_Delete) for cJSON_Delete
    cjson.o(i.cJSON_CreateString) refers to cjson.o(.data) for .data
    cjson.o(i.cJSON_CreateStringArray) refers to cjson.o(i.cJSON_CreateArray) for cJSON_CreateArray
    cjson.o(i.cJSON_CreateStringArray) refers to cjson.o(i.cJSON_CreateString) for cJSON_CreateString
    cjson.o(i.cJSON_CreateStringArray) refers to cjson.o(i.cJSON_Delete) for cJSON_Delete
    cjson.o(i.cJSON_CreateStringReference) refers to cjson.o(i.cJSON_New_Item) for cJSON_New_Item
    cjson.o(i.cJSON_CreateStringReference) refers to cjson.o(.data) for .data
    cjson.o(i.cJSON_CreateTrue) refers to cjson.o(i.cJSON_New_Item) for cJSON_New_Item
    cjson.o(i.cJSON_CreateTrue) refers to cjson.o(.data) for .data
    cjson.o(i.cJSON_Delete) refers to cjson.o(.data) for .data
    cjson.o(i.cJSON_DeleteItemFromArray) refers to cjson.o(i.cJSON_DetachItemFromArray) for cJSON_DetachItemFromArray
    cjson.o(i.cJSON_DeleteItemFromArray) refers to cjson.o(i.cJSON_Delete) for cJSON_Delete
    cjson.o(i.cJSON_DeleteItemFromObject) refers to cjson.o(i.cJSON_DetachItemFromObject) for cJSON_DetachItemFromObject
    cjson.o(i.cJSON_DeleteItemFromObject) refers to cjson.o(i.cJSON_Delete) for cJSON_Delete
    cjson.o(i.cJSON_DeleteItemFromObjectCaseSensitive) refers to cjson.o(i.cJSON_DetachItemFromObjectCaseSensitive) for cJSON_DetachItemFromObjectCaseSensitive
    cjson.o(i.cJSON_DeleteItemFromObjectCaseSensitive) refers to cjson.o(i.cJSON_Delete) for cJSON_Delete
    cjson.o(i.cJSON_DetachItemFromArray) refers to cjson.o(i.get_array_item) for get_array_item
    cjson.o(i.cJSON_DetachItemFromArray) refers to cjson.o(i.cJSON_DetachItemViaPointer) for cJSON_DetachItemViaPointer
    cjson.o(i.cJSON_DetachItemFromObject) refers to cjson.o(i.cJSON_GetObjectItem) for cJSON_GetObjectItem
    cjson.o(i.cJSON_DetachItemFromObject) refers to cjson.o(i.cJSON_DetachItemViaPointer) for cJSON_DetachItemViaPointer
    cjson.o(i.cJSON_DetachItemFromObjectCaseSensitive) refers to cjson.o(i.cJSON_GetObjectItemCaseSensitive) for cJSON_GetObjectItemCaseSensitive
    cjson.o(i.cJSON_DetachItemFromObjectCaseSensitive) refers to cjson.o(i.cJSON_DetachItemViaPointer) for cJSON_DetachItemViaPointer
    cjson.o(i.cJSON_Duplicate) refers to cjson.o(i.cJSON_New_Item) for cJSON_New_Item
    cjson.o(i.cJSON_Duplicate) refers to cjson.o(i.cJSON_strdup) for cJSON_strdup
    cjson.o(i.cJSON_Duplicate) refers to cjson.o(i.cJSON_Delete) for cJSON_Delete
    cjson.o(i.cJSON_Duplicate) refers to cjson.o(.data) for .data
    cjson.o(i.cJSON_GetArrayItem) refers to cjson.o(i.get_array_item) for get_array_item
    cjson.o(i.cJSON_GetErrorPtr) refers to cjson.o(.data) for .data
    cjson.o(i.cJSON_GetNumberValue) refers to cjson.o(i.cJSON_IsNumber) for cJSON_IsNumber
    cjson.o(i.cJSON_GetObjectItem) refers to cjson.o(i.get_object_item) for get_object_item
    cjson.o(i.cJSON_GetObjectItemCaseSensitive) refers to cjson.o(i.get_object_item) for get_object_item
    cjson.o(i.cJSON_GetStringValue) refers to cjson.o(i.cJSON_IsString) for cJSON_IsString
    cjson.o(i.cJSON_HasObjectItem) refers to cjson.o(i.cJSON_GetObjectItem) for cJSON_GetObjectItem
    cjson.o(i.cJSON_InitHooks) refers to mallocr.o(i.realloc) for realloc
    cjson.o(i.cJSON_InitHooks) refers to mallocr.o(i.__malloc$realloc) for malloc
    cjson.o(i.cJSON_InitHooks) refers to mallocr.o(i.__free$realloc) for free
    cjson.o(i.cJSON_InitHooks) refers to cjson.o(.data) for .data
    cjson.o(i.cJSON_InsertItemInArray) refers to cjson.o(i.get_array_item) for get_array_item
    cjson.o(i.cJSON_InsertItemInArray) refers to cjson.o(i.add_item_to_array) for add_item_to_array
    cjson.o(i.cJSON_Minify) refers to cjson.o(i.minify_string) for minify_string
    cjson.o(i.cJSON_New_Item) refers to memseta.o(.text) for __aeabi_memclr4
    cjson.o(i.cJSON_Parse) refers to cjson.o(i.cJSON_ParseWithOpts) for cJSON_ParseWithOpts
    cjson.o(i.cJSON_ParseWithLength) refers to cjson.o(i.cJSON_ParseWithLengthOpts) for cJSON_ParseWithLengthOpts
    cjson.o(i.cJSON_ParseWithLengthOpts) refers to memseta.o(.text) for __aeabi_memclr4
    cjson.o(i.cJSON_ParseWithLengthOpts) refers to cjson.o(i.cJSON_New_Item) for cJSON_New_Item
    cjson.o(i.cJSON_ParseWithLengthOpts) refers to strncmp.o(.text) for strncmp
    cjson.o(i.cJSON_ParseWithLengthOpts) refers to cjson.o(i.buffer_skip_whitespace) for buffer_skip_whitespace
    cjson.o(i.cJSON_ParseWithLengthOpts) refers to cjson.o(i.parse_value) for parse_value
    cjson.o(i.cJSON_ParseWithLengthOpts) refers to cjson.o(i.cJSON_Delete) for cJSON_Delete
    cjson.o(i.cJSON_ParseWithLengthOpts) refers to cjson.o(.data) for .data
    cjson.o(i.cJSON_ParseWithOpts) refers to strlen.o(.text) for strlen
    cjson.o(i.cJSON_ParseWithOpts) refers to cjson.o(i.cJSON_ParseWithLengthOpts) for cJSON_ParseWithLengthOpts
    cjson.o(i.cJSON_Print) refers to cjson.o(i.print) for print
    cjson.o(i.cJSON_Print) refers to cjson.o(.data) for .data
    cjson.o(i.cJSON_PrintBuffered) refers to memseta.o(.text) for __aeabi_memclr4
    cjson.o(i.cJSON_PrintBuffered) refers to cjson.o(i.print_value) for print_value
    cjson.o(i.cJSON_PrintBuffered) refers to cjson.o(.data) for .data
    cjson.o(i.cJSON_PrintPreallocated) refers to memseta.o(.text) for __aeabi_memclr4
    cjson.o(i.cJSON_PrintPreallocated) refers to cjson.o(i.print_value) for print_value
    cjson.o(i.cJSON_PrintPreallocated) refers to cjson.o(.data) for .data
    cjson.o(i.cJSON_PrintUnformatted) refers to cjson.o(i.print) for print
    cjson.o(i.cJSON_PrintUnformatted) refers to cjson.o(.data) for .data
    cjson.o(i.cJSON_ReplaceItemInArray) refers to cjson.o(i.get_array_item) for get_array_item
    cjson.o(i.cJSON_ReplaceItemInArray) refers to cjson.o(i.cJSON_ReplaceItemViaPointer) for cJSON_ReplaceItemViaPointer
    cjson.o(i.cJSON_ReplaceItemInObject) refers to cjson.o(i.replace_item_in_object) for replace_item_in_object
    cjson.o(i.cJSON_ReplaceItemInObjectCaseSensitive) refers to cjson.o(i.replace_item_in_object) for replace_item_in_object
    cjson.o(i.cJSON_ReplaceItemViaPointer) refers to cjson.o(i.cJSON_Delete) for cJSON_Delete
    cjson.o(i.cJSON_SetNumberHelper) refers to cdrcmple.o(.text) for __aeabi_cdrcmple
    cjson.o(i.cJSON_SetNumberHelper) refers to cdcmple.o(.text) for __aeabi_cdcmple
    cjson.o(i.cJSON_SetNumberHelper) refers to dfixi.o(.text) for __aeabi_d2iz
    cjson.o(i.cJSON_SetValuestring) refers to strlen.o(.text) for strlen
    cjson.o(i.cJSON_SetValuestring) refers to strcpy.o(.text) for strcpy
    cjson.o(i.cJSON_SetValuestring) refers to cjson.o(i.cJSON_strdup) for cJSON_strdup
    cjson.o(i.cJSON_SetValuestring) refers to cjson.o(i.cJSON_free) for cJSON_free
    cjson.o(i.cJSON_SetValuestring) refers to cjson.o(.data) for .data
    cjson.o(i.cJSON_Version) refers to printfa.o(i.__0sprintf) for __2sprintf
    cjson.o(i.cJSON_Version) refers to cjson.o(.bss) for .bss
    cjson.o(i.cJSON_free) refers to cjson.o(.data) for .data
    cjson.o(i.cJSON_malloc) refers to cjson.o(.data) for .data
    cjson.o(i.cJSON_strdup) refers to strlen.o(.text) for strlen
    cjson.o(i.cJSON_strdup) refers to memcpya.o(.text) for __aeabi_memcpy
    cjson.o(i.compare_double) refers to cdrcmple.o(.text) for __aeabi_cdrcmple
    cjson.o(i.compare_double) refers to dscalb.o(.text) for __ARM_scalbn
    cjson.o(i.compare_double) refers to dadd.o(.text) for __aeabi_dsub
    cjson.o(i.compare_double) refers to cdcmple.o(.text) for __aeabi_cdcmple
    cjson.o(i.create_reference) refers to cjson.o(i.cJSON_New_Item) for cJSON_New_Item
    cjson.o(i.create_reference) refers to memcpya.o(.text) for __aeabi_memcpy4
    cjson.o(i.ensure) refers to memcpya.o(.text) for __aeabi_memcpy
    cjson.o(i.get_object_item) refers to strcmp.o(.text) for strcmp
    cjson.o(i.get_object_item) refers to tolower.o(.text) for tolower
    cjson.o(i.parse_array) refers to cjson.o(i.buffer_skip_whitespace) for buffer_skip_whitespace
    cjson.o(i.parse_array) refers to cjson.o(i.cJSON_New_Item) for cJSON_New_Item
    cjson.o(i.parse_array) refers to cjson.o(i.parse_value) for parse_value
    cjson.o(i.parse_array) refers to cjson.o(i.cJSON_Delete) for cJSON_Delete
    cjson.o(i.parse_number) refers to strtod.o(i.strtod) for strtod
    cjson.o(i.parse_number) refers to cdrcmple.o(.text) for __aeabi_cdrcmple
    cjson.o(i.parse_number) refers to cdcmple.o(.text) for __aeabi_cdcmple
    cjson.o(i.parse_number) refers to dfixi.o(.text) for __aeabi_d2iz
    cjson.o(i.parse_object) refers to cjson.o(i.buffer_skip_whitespace) for buffer_skip_whitespace
    cjson.o(i.parse_object) refers to cjson.o(i.cJSON_New_Item) for cJSON_New_Item
    cjson.o(i.parse_object) refers to cjson.o(i.parse_string) for parse_string
    cjson.o(i.parse_object) refers to cjson.o(i.parse_value) for parse_value
    cjson.o(i.parse_object) refers to cjson.o(i.cJSON_Delete) for cJSON_Delete
    cjson.o(i.parse_string) refers to cjson.o(i.utf16_literal_to_utf8) for utf16_literal_to_utf8
    cjson.o(i.parse_value) refers to strncmp.o(.text) for strncmp
    cjson.o(i.parse_value) refers to cjson.o(i.parse_number) for parse_number
    cjson.o(i.parse_value) refers to cjson.o(i.parse_string) for parse_string
    cjson.o(i.parse_value) refers to cjson.o(i.parse_array) for parse_array
    cjson.o(i.parse_value) refers to cjson.o(i.parse_object) for parse_object
    cjson.o(i.print) refers to memseta.o(.text) for __aeabi_memclr4
    cjson.o(i.print) refers to cjson.o(i.print_value) for print_value
    cjson.o(i.print) refers to cjson.o(i.update_offset) for update_offset
    cjson.o(i.print) refers to memcpya.o(.text) for __aeabi_memcpy
    cjson.o(i.print_array) refers to cjson.o(i.ensure) for ensure
    cjson.o(i.print_array) refers to cjson.o(i.print_value) for print_value
    cjson.o(i.print_array) refers to cjson.o(i.update_offset) for update_offset
    cjson.o(i.print_number) refers to scanf_fp.o(.text) for _scanf_real
    cjson.o(i.print_number) refers to memseta.o(.text) for __aeabi_memclr4
    cjson.o(i.print_number) refers to printfa.o(i.__0sprintf) for __2sprintf
    cjson.o(i.print_number) refers to __0sscanf.o(.text) for __0sscanf
    cjson.o(i.print_number) refers to cjson.o(i.compare_double) for compare_double
    cjson.o(i.print_number) refers to cjson.o(i.ensure) for ensure
    cjson.o(i.print_object) refers to cjson.o(i.ensure) for ensure
    cjson.o(i.print_object) refers to cjson.o(i.print_string_ptr) for print_string_ptr
    cjson.o(i.print_object) refers to cjson.o(i.update_offset) for update_offset
    cjson.o(i.print_object) refers to cjson.o(i.print_value) for print_value
    cjson.o(i.print_string_ptr) refers to cjson.o(i.ensure) for ensure
    cjson.o(i.print_string_ptr) refers to strcpy.o(.text) for strcpy
    cjson.o(i.print_string_ptr) refers to memcpya.o(.text) for __aeabi_memcpy
    cjson.o(i.print_string_ptr) refers to printfa.o(i.__0sprintf) for __2sprintf
    cjson.o(i.print_value) refers to cjson.o(i.ensure) for ensure
    cjson.o(i.print_value) refers to strcpy.o(.text) for strcpy
    cjson.o(i.print_value) refers to cjson.o(i.print_number) for print_number
    cjson.o(i.print_value) refers to strlen.o(.text) for strlen
    cjson.o(i.print_value) refers to memcpya.o(.text) for __aeabi_memcpy
    cjson.o(i.print_value) refers to cjson.o(i.print_string_ptr) for print_string_ptr
    cjson.o(i.print_value) refers to cjson.o(i.print_array) for print_array
    cjson.o(i.print_value) refers to cjson.o(i.print_object) for print_object
    cjson.o(i.replace_item_in_object) refers to cjson.o(i.cJSON_free) for cJSON_free
    cjson.o(i.replace_item_in_object) refers to cjson.o(i.cJSON_strdup) for cJSON_strdup
    cjson.o(i.replace_item_in_object) refers to cjson.o(i.get_object_item) for get_object_item
    cjson.o(i.replace_item_in_object) refers to cjson.o(i.cJSON_ReplaceItemViaPointer) for cJSON_ReplaceItemViaPointer
    cjson.o(i.replace_item_in_object) refers to cjson.o(.data) for .data
    cjson.o(i.update_offset) refers to strlen.o(.text) for strlen
    cjson.o(i.utf16_literal_to_utf8) refers to cjson.o(i.parse_hex4) for parse_hex4
    cjson.o(.data) refers to mallocr.o(i.__malloc$realloc) for malloc
    cjson.o(.data) refers to mallocr.o(i.__free$realloc) for free
    cjson.o(.data) refers to mallocr.o(i.realloc) for realloc
    adc2.o(i.ADC_Get_Battery_Voltage) refers to stm32f1xx_hal_adc.o(i.HAL_ADC_Start) for HAL_ADC_Start
    adc2.o(i.ADC_Get_Battery_Voltage) refers to stm32f1xx_hal_adc.o(i.HAL_ADC_PollForConversion) for HAL_ADC_PollForConversion
    adc2.o(i.ADC_Get_Battery_Voltage) refers to stm32f1xx_hal_adc.o(i.HAL_ADC_GetValue) for HAL_ADC_GetValue
    adc2.o(i.ADC_Get_Battery_Voltage) refers to ffltui.o(.text) for __aeabi_ui2f
    adc2.o(i.ADC_Get_Battery_Voltage) refers to fscalb.o(.text) for __ARM_scalbnf
    adc2.o(i.ADC_Get_Battery_Voltage) refers to f2d.o(.text) for __aeabi_f2d
    adc2.o(i.ADC_Get_Battery_Voltage) refers to dmul.o(.text) for __aeabi_dmul
    adc2.o(i.ADC_Get_Battery_Voltage) refers to d2f.o(.text) for __aeabi_d2f
    adc2.o(i.ADC_Get_Battery_Voltage) refers to adc.o(.bss) for hadc2
    adc2.o(.data) refers to adc2.o(i.ADC_Get_Battery_Voltage) for ADC_Get_Battery_Voltage
    ir_sensor.o(i.Ir_Tracking) refers to stm32f1xx_hal_gpio.o(i.HAL_GPIO_ReadPin) for HAL_GPIO_ReadPin
    ir_sensor.o(i.Ir_Tracking) refers to pid.o(.data) for PID
    ir_sensor.o(.data) refers to ir_sensor.o(i.Ir_Tracking) for Ir_Tracking
    hc_sr04.o(i.HC_SR04_Elude) refers to hc_sr04.o(i.HC_SR04_Read_Distance) for HC_SR04_Read_Distance
    hc_sr04.o(i.HC_SR04_Elude) refers to stm32f1xx_hal.o(i.HAL_Delay) for HAL_Delay
    hc_sr04.o(i.HC_SR04_Elude) refers to pid.o(.data) for PID
    hc_sr04.o(i.HC_SR04_Read_Distance) refers to stm32f1xx_hal_gpio.o(i.HAL_GPIO_WritePin) for HAL_GPIO_WritePin
    hc_sr04.o(i.HC_SR04_Read_Distance) refers to stm32f1xx_hal_gpio.o(i.HAL_GPIO_ReadPin) for HAL_GPIO_ReadPin
    hc_sr04.o(i.HC_SR04_Read_Distance) refers to dfltui.o(.text) for __aeabi_ui2d
    hc_sr04.o(i.HC_SR04_Read_Distance) refers to dmul.o(.text) for __aeabi_dmul
    hc_sr04.o(i.HC_SR04_Read_Distance) refers to dscalb.o(.text) for __ARM_scalbn
    hc_sr04.o(i.HC_SR04_Read_Distance) refers to dadd.o(.text) for __aeabi_dsub
    hc_sr04.o(i.HC_SR04_Read_Distance) refers to d2f.o(.text) for __aeabi_d2f
    hc_sr04.o(i.HC_SR04_Read_Distance) refers to public.o(.data) for Public
    hc_sr04.o(.data) refers to hc_sr04.o(i.HC_SR04_Read_Distance) for HC_SR04_Read_Distance
    hc_sr04.o(.data) refers to hc_sr04.o(i.HC_SR04_Elude) for HC_SR04_Elude
    oled.o(i.IIC_Start) refers to stm32f1xx_hal_gpio.o(i.HAL_GPIO_WritePin) for HAL_GPIO_WritePin
    oled.o(i.IIC_Stop) refers to stm32f1xx_hal_gpio.o(i.HAL_GPIO_WritePin) for HAL_GPIO_WritePin
    oled.o(i.IIC_Wait_Ack) refers to stm32f1xx_hal_gpio.o(i.HAL_GPIO_WritePin) for HAL_GPIO_WritePin
    oled.o(i.OLED_Clear) refers to oled.o(i.OLED_WR_Byte) for OLED_WR_Byte
    oled.o(i.OLED_Display_Off) refers to oled.o(i.OLED_WR_Byte) for OLED_WR_Byte
    oled.o(i.OLED_Display_On) refers to oled.o(i.OLED_WR_Byte) for OLED_WR_Byte
    oled.o(i.OLED_DrawBMP) refers to oled.o(i.OLED_Set_Pos) for OLED_Set_Pos
    oled.o(i.OLED_DrawBMP) refers to oled.o(i.OLED_WR_Byte) for OLED_WR_Byte
    oled.o(i.OLED_Init) refers to stm32f1xx_hal.o(i.HAL_Delay) for HAL_Delay
    oled.o(i.OLED_Init) refers to oled.o(i.OLED_WR_Byte) for OLED_WR_Byte
    oled.o(i.OLED_Init) refers to oled.o(i.OLED_Clear) for OLED_Clear
    oled.o(i.OLED_On) refers to oled.o(i.OLED_WR_Byte) for OLED_WR_Byte
    oled.o(i.OLED_Set_Pos) refers to oled.o(i.OLED_WR_Byte) for OLED_WR_Byte
    oled.o(i.OLED_ShowCHinese) refers to oled.o(i.OLED_Set_Pos) for OLED_Set_Pos
    oled.o(i.OLED_ShowCHinese) refers to oled.o(i.OLED_WR_Byte) for OLED_WR_Byte
    oled.o(i.OLED_ShowCHinese) refers to oled.o(.data) for .data
    oled.o(i.OLED_ShowChar) refers to oled.o(i.OLED_Set_Pos) for OLED_Set_Pos
    oled.o(i.OLED_ShowChar) refers to oled.o(i.OLED_WR_Byte) for OLED_WR_Byte
    oled.o(i.OLED_ShowChar) refers to oled.o(.constdata) for .constdata
    oled.o(i.OLED_ShowNum) refers to oled.o(i.oled_pow) for oled_pow
    oled.o(i.OLED_ShowNum) refers to oled.o(i.OLED_ShowChar) for OLED_ShowChar
    oled.o(i.OLED_ShowString) refers to oled.o(i.OLED_ShowChar) for OLED_ShowChar
    oled.o(i.OLED_WR_Byte) refers to oled.o(i.Write_IIC_Data) for Write_IIC_Data
    oled.o(i.OLED_WR_Byte) refers to oled.o(i.Write_IIC_Command) for Write_IIC_Command
    oled.o(i.Write_IIC_Byte) refers to stm32f1xx_hal_gpio.o(i.HAL_GPIO_WritePin) for HAL_GPIO_WritePin
    oled.o(i.Write_IIC_Command) refers to oled.o(i.IIC_Start) for IIC_Start
    oled.o(i.Write_IIC_Command) refers to oled.o(i.Write_IIC_Byte) for Write_IIC_Byte
    oled.o(i.Write_IIC_Command) refers to oled.o(i.IIC_Wait_Ack) for IIC_Wait_Ack
    oled.o(i.Write_IIC_Command) refers to oled.o(i.IIC_Stop) for IIC_Stop
    oled.o(i.Write_IIC_Data) refers to oled.o(i.IIC_Start) for IIC_Start
    oled.o(i.Write_IIC_Data) refers to oled.o(i.Write_IIC_Byte) for Write_IIC_Byte
    oled.o(i.Write_IIC_Data) refers to oled.o(i.IIC_Wait_Ack) for IIC_Wait_Ack
    oled.o(i.Write_IIC_Data) refers to oled.o(i.IIC_Stop) for IIC_Stop
    oled.o(i.fill_picture) refers to oled.o(i.OLED_WR_Byte) for OLED_WR_Byte
    strtod.o(i.__softfp_strtod) refers (Special) to iusefp.o(.text) for __I$use$fp
    strtod.o(i.__softfp_strtod) refers to strtod.o(.text) for __strtod_int
    strtod.o(i.strtod) refers (Special) to iusefp.o(.text) for __I$use$fp
    strtod.o(i.strtod) refers to strtod.o(.text) for __strtod_int
    entry.o(.ARM.Collect$$$$00000000) refers (Special) to entry10a.o(.ARM.Collect$$$$0000000D) for __rt_final_cpp
    entry.o(.ARM.Collect$$$$00000000) refers (Special) to entry11a.o(.ARM.Collect$$$$0000000F) for __rt_final_exit
    entry.o(.ARM.Collect$$$$00000000) refers (Special) to entry7b.o(.ARM.Collect$$$$00000008) for _main_clock
    entry.o(.ARM.Collect$$$$00000000) refers (Special) to entry8b.o(.ARM.Collect$$$$0000000A) for _main_cpp_init
    entry.o(.ARM.Collect$$$$00000000) refers (Special) to entry9a.o(.ARM.Collect$$$$0000000B) for _main_init
    entry.o(.ARM.Collect$$$$00000000) refers (Special) to entry5.o(.ARM.Collect$$$$00000004) for _main_scatterload
    entry.o(.ARM.Collect$$$$00000000) refers (Special) to entry2.o(.ARM.Collect$$$$00000001) for _main_stk
    printfb.o(i.__0fprintf$bare) refers to printfb.o(i._printf_core) for _printf_core
    printfb.o(i.__0fprintf$bare) refers to public.o(i.fputc) for fputc
    printfb.o(i.__0printf$bare) refers to printfb.o(i._printf_core) for _printf_core
    printfb.o(i.__0printf$bare) refers to public.o(i.fputc) for fputc
    printfb.o(i.__0printf$bare) refers to stdout.o(.data) for __stdout
    printfb.o(i.__0snprintf$bare) refers to printfb.o(i._printf_core) for _printf_core
    printfb.o(i.__0snprintf$bare) refers to printfb.o(i._snputc) for _snputc
    printfb.o(i.__0sprintf$bare) refers to printfb.o(i._printf_core) for _printf_core
    printfb.o(i.__0sprintf$bare) refers to printfb.o(i._sputc) for _sputc
    printfb.o(i.__0vfprintf$bare) refers to printfb.o(i._printf_core) for _printf_core
    printfb.o(i.__0vfprintf$bare) refers to public.o(i.fputc) for fputc
    printfb.o(i.__0vprintf$bare) refers to printfb.o(i._printf_core) for _printf_core
    printfb.o(i.__0vprintf$bare) refers to public.o(i.fputc) for fputc
    printfb.o(i.__0vprintf$bare) refers to stdout.o(.data) for __stdout
    printfb.o(i.__0vsnprintf$bare) refers to printfb.o(i._printf_core) for _printf_core
    printfb.o(i.__0vsnprintf$bare) refers to printfb.o(i._snputc) for _snputc
    printfb.o(i.__0vsprintf$bare) refers to printfb.o(i._printf_core) for _printf_core
    printfb.o(i.__0vsprintf$bare) refers to printfb.o(i._sputc) for _sputc
    printf0.o(i.__0fprintf$0) refers to printf0.o(i._printf_core) for _printf_core
    printf0.o(i.__0fprintf$0) refers to public.o(i.fputc) for fputc
    printf0.o(i.__0printf$0) refers to printf0.o(i._printf_core) for _printf_core
    printf0.o(i.__0printf$0) refers to public.o(i.fputc) for fputc
    printf0.o(i.__0printf$0) refers to stdout.o(.data) for __stdout
    printf0.o(i.__0snprintf$0) refers to printf0.o(i._printf_core) for _printf_core
    printf0.o(i.__0snprintf$0) refers to printf0.o(i._snputc) for _snputc
    printf0.o(i.__0sprintf$0) refers to printf0.o(i._printf_core) for _printf_core
    printf0.o(i.__0sprintf$0) refers to printf0.o(i._sputc) for _sputc
    printf0.o(i.__0vfprintf$0) refers to printf0.o(i._printf_core) for _printf_core
    printf0.o(i.__0vfprintf$0) refers to public.o(i.fputc) for fputc
    printf0.o(i.__0vprintf$0) refers to printf0.o(i._printf_core) for _printf_core
    printf0.o(i.__0vprintf$0) refers to public.o(i.fputc) for fputc
    printf0.o(i.__0vprintf$0) refers to stdout.o(.data) for __stdout
    printf0.o(i.__0vsnprintf$0) refers to printf0.o(i._printf_core) for _printf_core
    printf0.o(i.__0vsnprintf$0) refers to printf0.o(i._snputc) for _snputc
    printf0.o(i.__0vsprintf$0) refers to printf0.o(i._printf_core) for _printf_core
    printf0.o(i.__0vsprintf$0) refers to printf0.o(i._sputc) for _sputc
    printf1.o(i.__0fprintf$1) refers to printf1.o(i._printf_core) for _printf_core
    printf1.o(i.__0fprintf$1) refers to public.o(i.fputc) for fputc
    printf1.o(i.__0printf$1) refers to printf1.o(i._printf_core) for _printf_core
    printf1.o(i.__0printf$1) refers to public.o(i.fputc) for fputc
    printf1.o(i.__0printf$1) refers to stdout.o(.data) for __stdout
    printf1.o(i.__0snprintf$1) refers to printf1.o(i._printf_core) for _printf_core
    printf1.o(i.__0snprintf$1) refers to printf1.o(i._snputc) for _snputc
    printf1.o(i.__0sprintf$1) refers to printf1.o(i._printf_core) for _printf_core
    printf1.o(i.__0sprintf$1) refers to printf1.o(i._sputc) for _sputc
    printf1.o(i.__0vfprintf$1) refers to printf1.o(i._printf_core) for _printf_core
    printf1.o(i.__0vfprintf$1) refers to public.o(i.fputc) for fputc
    printf1.o(i.__0vprintf$1) refers to printf1.o(i._printf_core) for _printf_core
    printf1.o(i.__0vprintf$1) refers to public.o(i.fputc) for fputc
    printf1.o(i.__0vprintf$1) refers to stdout.o(.data) for __stdout
    printf1.o(i.__0vsnprintf$1) refers to printf1.o(i._printf_core) for _printf_core
    printf1.o(i.__0vsnprintf$1) refers to printf1.o(i._snputc) for _snputc
    printf1.o(i.__0vsprintf$1) refers to printf1.o(i._printf_core) for _printf_core
    printf1.o(i.__0vsprintf$1) refers to printf1.o(i._sputc) for _sputc
    printf1.o(i._printf_core) refers to uidiv.o(.text) for __aeabi_uidivmod
    printf2.o(i.__0fprintf$2) refers to printf2.o(i._printf_core) for _printf_core
    printf2.o(i.__0fprintf$2) refers to public.o(i.fputc) for fputc
    printf2.o(i.__0printf$2) refers to printf2.o(i._printf_core) for _printf_core
    printf2.o(i.__0printf$2) refers to public.o(i.fputc) for fputc
    printf2.o(i.__0printf$2) refers to stdout.o(.data) for __stdout
    printf2.o(i.__0snprintf$2) refers to printf2.o(i._printf_core) for _printf_core
    printf2.o(i.__0snprintf$2) refers to printf2.o(i._snputc) for _snputc
    printf2.o(i.__0sprintf$2) refers to printf2.o(i._printf_core) for _printf_core
    printf2.o(i.__0sprintf$2) refers to printf2.o(i._sputc) for _sputc
    printf2.o(i.__0vfprintf$2) refers to printf2.o(i._printf_core) for _printf_core
    printf2.o(i.__0vfprintf$2) refers to public.o(i.fputc) for fputc
    printf2.o(i.__0vprintf$2) refers to printf2.o(i._printf_core) for _printf_core
    printf2.o(i.__0vprintf$2) refers to public.o(i.fputc) for fputc
    printf2.o(i.__0vprintf$2) refers to stdout.o(.data) for __stdout
    printf2.o(i.__0vsnprintf$2) refers to printf2.o(i._printf_core) for _printf_core
    printf2.o(i.__0vsnprintf$2) refers to printf2.o(i._snputc) for _snputc
    printf2.o(i.__0vsprintf$2) refers to printf2.o(i._printf_core) for _printf_core
    printf2.o(i.__0vsprintf$2) refers to printf2.o(i._sputc) for _sputc
    printf3.o(i.__0fprintf$3) refers to printf3.o(i._printf_core) for _printf_core
    printf3.o(i.__0fprintf$3) refers to public.o(i.fputc) for fputc
    printf3.o(i.__0printf$3) refers to printf3.o(i._printf_core) for _printf_core
    printf3.o(i.__0printf$3) refers to public.o(i.fputc) for fputc
    printf3.o(i.__0printf$3) refers to stdout.o(.data) for __stdout
    printf3.o(i.__0snprintf$3) refers to printf3.o(i._printf_core) for _printf_core
    printf3.o(i.__0snprintf$3) refers to printf3.o(i._snputc) for _snputc
    printf3.o(i.__0sprintf$3) refers to printf3.o(i._printf_core) for _printf_core
    printf3.o(i.__0sprintf$3) refers to printf3.o(i._sputc) for _sputc
    printf3.o(i.__0vfprintf$3) refers to printf3.o(i._printf_core) for _printf_core
    printf3.o(i.__0vfprintf$3) refers to public.o(i.fputc) for fputc
    printf3.o(i.__0vprintf$3) refers to printf3.o(i._printf_core) for _printf_core
    printf3.o(i.__0vprintf$3) refers to public.o(i.fputc) for fputc
    printf3.o(i.__0vprintf$3) refers to stdout.o(.data) for __stdout
    printf3.o(i.__0vsnprintf$3) refers to printf3.o(i._printf_core) for _printf_core
    printf3.o(i.__0vsnprintf$3) refers to printf3.o(i._snputc) for _snputc
    printf3.o(i.__0vsprintf$3) refers to printf3.o(i._printf_core) for _printf_core
    printf3.o(i.__0vsprintf$3) refers to printf3.o(i._sputc) for _sputc
    printf3.o(i._printf_core) refers to uidiv.o(.text) for __aeabi_uidivmod
    printf4.o(i.__0fprintf$4) refers to printf4.o(i._printf_core) for _printf_core
    printf4.o(i.__0fprintf$4) refers to public.o(i.fputc) for fputc
    printf4.o(i.__0printf$4) refers to printf4.o(i._printf_core) for _printf_core
    printf4.o(i.__0printf$4) refers to public.o(i.fputc) for fputc
    printf4.o(i.__0printf$4) refers to stdout.o(.data) for __stdout
    printf4.o(i.__0snprintf$4) refers to printf4.o(i._printf_core) for _printf_core
    printf4.o(i.__0snprintf$4) refers to printf4.o(i._snputc) for _snputc
    printf4.o(i.__0sprintf$4) refers to printf4.o(i._printf_core) for _printf_core
    printf4.o(i.__0sprintf$4) refers to printf4.o(i._sputc) for _sputc
    printf4.o(i.__0vfprintf$4) refers to printf4.o(i._printf_core) for _printf_core
    printf4.o(i.__0vfprintf$4) refers to public.o(i.fputc) for fputc
    printf4.o(i.__0vprintf$4) refers to printf4.o(i._printf_core) for _printf_core
    printf4.o(i.__0vprintf$4) refers to public.o(i.fputc) for fputc
    printf4.o(i.__0vprintf$4) refers to stdout.o(.data) for __stdout
    printf4.o(i.__0vsnprintf$4) refers to printf4.o(i._printf_core) for _printf_core
    printf4.o(i.__0vsnprintf$4) refers to printf4.o(i._snputc) for _snputc
    printf4.o(i.__0vsprintf$4) refers to printf4.o(i._printf_core) for _printf_core
    printf4.o(i.__0vsprintf$4) refers to printf4.o(i._sputc) for _sputc
    printf4.o(i._printf_core) refers to uldiv.o(.text) for __aeabi_uldivmod
    printf5.o(i.__0fprintf$5) refers to printf5.o(i._printf_core) for _printf_core
    printf5.o(i.__0fprintf$5) refers to public.o(i.fputc) for fputc
    printf5.o(i.__0printf$5) refers to printf5.o(i._printf_core) for _printf_core
    printf5.o(i.__0printf$5) refers to public.o(i.fputc) for fputc
    printf5.o(i.__0printf$5) refers to stdout.o(.data) for __stdout
    printf5.o(i.__0snprintf$5) refers to printf5.o(i._printf_core) for _printf_core
    printf5.o(i.__0snprintf$5) refers to printf5.o(i._snputc) for _snputc
    printf5.o(i.__0sprintf$5) refers to printf5.o(i._printf_core) for _printf_core
    printf5.o(i.__0sprintf$5) refers to printf5.o(i._sputc) for _sputc
    printf5.o(i.__0vfprintf$5) refers to printf5.o(i._printf_core) for _printf_core
    printf5.o(i.__0vfprintf$5) refers to public.o(i.fputc) for fputc
    printf5.o(i.__0vprintf$5) refers to printf5.o(i._printf_core) for _printf_core
    printf5.o(i.__0vprintf$5) refers to public.o(i.fputc) for fputc
    printf5.o(i.__0vprintf$5) refers to stdout.o(.data) for __stdout
    printf5.o(i.__0vsnprintf$5) refers to printf5.o(i._printf_core) for _printf_core
    printf5.o(i.__0vsnprintf$5) refers to printf5.o(i._snputc) for _snputc
    printf5.o(i.__0vsprintf$5) refers to printf5.o(i._printf_core) for _printf_core
    printf5.o(i.__0vsprintf$5) refers to printf5.o(i._sputc) for _sputc
    printf5.o(i._printf_core) refers to uldiv.o(.text) for __aeabi_uldivmod
    printf6.o(i.__0fprintf$6) refers to printf6.o(i._printf_core) for _printf_core
    printf6.o(i.__0fprintf$6) refers to public.o(i.fputc) for fputc
    printf6.o(i.__0printf$6) refers to printf6.o(i._printf_core) for _printf_core
    printf6.o(i.__0printf$6) refers to public.o(i.fputc) for fputc
    printf6.o(i.__0printf$6) refers to stdout.o(.data) for __stdout
    printf6.o(i.__0snprintf$6) refers to printf6.o(i._printf_core) for _printf_core
    printf6.o(i.__0snprintf$6) refers to printf6.o(i._snputc) for _snputc
    printf6.o(i.__0sprintf$6) refers to printf6.o(i._printf_core) for _printf_core
    printf6.o(i.__0sprintf$6) refers to printf6.o(i._sputc) for _sputc
    printf6.o(i.__0vfprintf$6) refers to printf6.o(i._printf_core) for _printf_core
    printf6.o(i.__0vfprintf$6) refers to public.o(i.fputc) for fputc
    printf6.o(i.__0vprintf$6) refers to printf6.o(i._printf_core) for _printf_core
    printf6.o(i.__0vprintf$6) refers to public.o(i.fputc) for fputc
    printf6.o(i.__0vprintf$6) refers to stdout.o(.data) for __stdout
    printf6.o(i.__0vsnprintf$6) refers to printf6.o(i._printf_core) for _printf_core
    printf6.o(i.__0vsnprintf$6) refers to printf6.o(i._snputc) for _snputc
    printf6.o(i.__0vsprintf$6) refers to printf6.o(i._printf_core) for _printf_core
    printf6.o(i.__0vsprintf$6) refers to printf6.o(i._sputc) for _sputc
    printf6.o(i._printf_core) refers to printf6.o(i._printf_pre_padding) for _printf_pre_padding
    printf6.o(i._printf_core) refers to uidiv.o(.text) for __aeabi_uidivmod
    printf6.o(i._printf_core) refers to printf6.o(i._printf_post_padding) for _printf_post_padding
    printf7.o(i.__0fprintf$7) refers to printf7.o(i._printf_core) for _printf_core
    printf7.o(i.__0fprintf$7) refers to public.o(i.fputc) for fputc
    printf7.o(i.__0printf$7) refers to printf7.o(i._printf_core) for _printf_core
    printf7.o(i.__0printf$7) refers to public.o(i.fputc) for fputc
    printf7.o(i.__0printf$7) refers to stdout.o(.data) for __stdout
    printf7.o(i.__0snprintf$7) refers to printf7.o(i._printf_core) for _printf_core
    printf7.o(i.__0snprintf$7) refers to printf7.o(i._snputc) for _snputc
    printf7.o(i.__0sprintf$7) refers to printf7.o(i._printf_core) for _printf_core
    printf7.o(i.__0sprintf$7) refers to printf7.o(i._sputc) for _sputc
    printf7.o(i.__0vfprintf$7) refers to printf7.o(i._printf_core) for _printf_core
    printf7.o(i.__0vfprintf$7) refers to public.o(i.fputc) for fputc
    printf7.o(i.__0vprintf$7) refers to printf7.o(i._printf_core) for _printf_core
    printf7.o(i.__0vprintf$7) refers to public.o(i.fputc) for fputc
    printf7.o(i.__0vprintf$7) refers to stdout.o(.data) for __stdout
    printf7.o(i.__0vsnprintf$7) refers to printf7.o(i._printf_core) for _printf_core
    printf7.o(i.__0vsnprintf$7) refers to printf7.o(i._snputc) for _snputc
    printf7.o(i.__0vsprintf$7) refers to printf7.o(i._printf_core) for _printf_core
    printf7.o(i.__0vsprintf$7) refers to printf7.o(i._sputc) for _sputc
    printf7.o(i._printf_core) refers to printf7.o(i._printf_pre_padding) for _printf_pre_padding
    printf7.o(i._printf_core) refers to uldiv.o(.text) for __aeabi_uldivmod
    printf7.o(i._printf_core) refers to printf7.o(i._printf_post_padding) for _printf_post_padding
    printf8.o(i.__0fprintf$8) refers to printf8.o(i._printf_core) for _printf_core
    printf8.o(i.__0fprintf$8) refers to public.o(i.fputc) for fputc
    printf8.o(i.__0printf$8) refers to printf8.o(i._printf_core) for _printf_core
    printf8.o(i.__0printf$8) refers to public.o(i.fputc) for fputc
    printf8.o(i.__0printf$8) refers to stdout.o(.data) for __stdout
    printf8.o(i.__0snprintf$8) refers to printf8.o(i._printf_core) for _printf_core
    printf8.o(i.__0snprintf$8) refers to printf8.o(i._snputc) for _snputc
    printf8.o(i.__0sprintf$8) refers to printf8.o(i._printf_core) for _printf_core
    printf8.o(i.__0sprintf$8) refers to printf8.o(i._sputc) for _sputc
    printf8.o(i.__0vfprintf$8) refers to printf8.o(i._printf_core) for _printf_core
    printf8.o(i.__0vfprintf$8) refers to public.o(i.fputc) for fputc
    printf8.o(i.__0vprintf$8) refers to printf8.o(i._printf_core) for _printf_core
    printf8.o(i.__0vprintf$8) refers to public.o(i.fputc) for fputc
    printf8.o(i.__0vprintf$8) refers to stdout.o(.data) for __stdout
    printf8.o(i.__0vsnprintf$8) refers to printf8.o(i._printf_core) for _printf_core
    printf8.o(i.__0vsnprintf$8) refers to printf8.o(i._snputc) for _snputc
    printf8.o(i.__0vsprintf$8) refers to printf8.o(i._printf_core) for _printf_core
    printf8.o(i.__0vsprintf$8) refers to printf8.o(i._sputc) for _sputc
    printf8.o(i._printf_core) refers to printf8.o(i._printf_pre_padding) for _printf_pre_padding
    printf8.o(i._printf_core) refers to uldiv.o(.text) for __aeabi_uldivmod
    printf8.o(i._printf_core) refers to printf8.o(i._printf_post_padding) for _printf_post_padding
    printfa.o(i.__0fprintf) refers (Special) to iusefp.o(.text) for __I$use$fp
    printfa.o(i.__0fprintf) refers to printfa.o(i._printf_core) for _printf_core
    printfa.o(i.__0fprintf) refers to public.o(i.fputc) for fputc
    printfa.o(i.__0printf) refers (Special) to iusefp.o(.text) for __I$use$fp
    printfa.o(i.__0printf) refers to printfa.o(i._printf_core) for _printf_core
    printfa.o(i.__0printf) refers to public.o(i.fputc) for fputc
    printfa.o(i.__0printf) refers to stdout.o(.data) for __stdout
    printfa.o(i.__0snprintf) refers (Special) to iusefp.o(.text) for __I$use$fp
    printfa.o(i.__0snprintf) refers to printfa.o(i._printf_core) for _printf_core
    printfa.o(i.__0snprintf) refers to printfa.o(i._snputc) for _snputc
    printfa.o(i.__0sprintf) refers (Special) to iusefp.o(.text) for __I$use$fp
    printfa.o(i.__0sprintf) refers to printfa.o(i._printf_core) for _printf_core
    printfa.o(i.__0sprintf) refers to printfa.o(i._sputc) for _sputc
    printfa.o(i.__0vfprintf) refers (Special) to iusefp.o(.text) for __I$use$fp
    printfa.o(i.__0vfprintf) refers to printfa.o(i._printf_core) for _printf_core
    printfa.o(i.__0vfprintf) refers to public.o(i.fputc) for fputc
    printfa.o(i.__0vprintf) refers (Special) to iusefp.o(.text) for __I$use$fp
    printfa.o(i.__0vprintf) refers to printfa.o(i._printf_core) for _printf_core
    printfa.o(i.__0vprintf) refers to public.o(i.fputc) for fputc
    printfa.o(i.__0vprintf) refers to stdout.o(.data) for __stdout
    printfa.o(i.__0vsnprintf) refers (Special) to iusefp.o(.text) for __I$use$fp
    printfa.o(i.__0vsnprintf) refers to printfa.o(i._printf_core) for _printf_core
    printfa.o(i.__0vsnprintf) refers to printfa.o(i._snputc) for _snputc
    printfa.o(i.__0vsprintf) refers (Special) to iusefp.o(.text) for __I$use$fp
    printfa.o(i.__0vsprintf) refers to printfa.o(i._printf_core) for _printf_core
    printfa.o(i.__0vsprintf) refers to printfa.o(i._sputc) for _sputc
    printfa.o(i._fp_digits) refers (Special) to iusefp.o(.text) for __I$use$fp
    printfa.o(i._fp_digits) refers to dmul.o(.text) for __aeabi_dmul
    printfa.o(i._fp_digits) refers to ddiv.o(.text) for __aeabi_ddiv
    printfa.o(i._fp_digits) refers to cdrcmple.o(.text) for __aeabi_cdrcmple
    printfa.o(i._fp_digits) refers to dadd.o(.text) for __aeabi_dadd
    printfa.o(i._fp_digits) refers to dfixul.o(.text) for __aeabi_d2ulz
    printfa.o(i._fp_digits) refers to uldiv.o(.text) for __aeabi_uldivmod
    printfa.o(i._printf_core) refers (Special) to iusefp.o(.text) for __I$use$fp
    printfa.o(i._printf_core) refers to printfa.o(i._printf_pre_padding) for _printf_pre_padding
    printfa.o(i._printf_core) refers to uldiv.o(.text) for __aeabi_uldivmod
    printfa.o(i._printf_core) refers to printfa.o(i._printf_post_padding) for _printf_post_padding
    printfa.o(i._printf_core) refers to printfa.o(i._fp_digits) for _fp_digits
    printfa.o(i._printf_core) refers to uidiv.o(.text) for __aeabi_uidivmod
    printfa.o(i._printf_post_padding) refers (Special) to iusefp.o(.text) for __I$use$fp
    printfa.o(i._printf_pre_padding) refers (Special) to iusefp.o(.text) for __I$use$fp
    printfa.o(i._snputc) refers (Special) to iusefp.o(.text) for __I$use$fp
    printfa.o(i._sputc) refers (Special) to iusefp.o(.text) for __I$use$fp
    malloc.o(i.free) refers to mvars.o(.data) for __microlib_freelist
    malloc.o(i.malloc) refers to mvars.o(.data) for __microlib_freelist_initialised
    malloc.o(i.malloc) refers to mvars.o(.data) for __microlib_freelist
    malloc.o(i.malloc) refers to startup_stm32f103xb.o(HEAP) for __heap_base
    mallocr.o(i.__free$realloc) refers to mvars.o(.data) for __microlib_freelist
    mallocr.o(i.__malloc$realloc) refers to mallocr.o(i.internal_alloc) for internal_alloc
    mallocr.o(i.__malloc$realloc) refers to mvars.o(.data) for __microlib_freelist_initialised
    mallocr.o(i.__malloc$realloc) refers to startup_stm32f103xb.o(HEAP) for __heap_base
    mallocr.o(i.__malloc$realloc) refers to mvars.o(.data) for __microlib_freelist
    mallocr.o(i.internal_alloc) refers to memcpya.o(.text) for __aeabi_memcpy
    mallocr.o(i.internal_alloc) refers to mvars.o(.data) for __microlib_freelist
    mallocr.o(i.realloc) refers to mallocr.o(i.__free$realloc) for free
    mallocr.o(i.realloc) refers to mallocr.o(i.internal_alloc) for internal_alloc
    mallocr.o(i.realloc) refers to mallocr.o(i.__malloc$realloc) for malloc
    mallocr.o(i.realloc) refers to mvars.o(.data) for __microlib_freelist
    malloca.o(i.__aligned_malloc) refers to mvars.o(.data) for __microlib_freelist_initialised
    malloca.o(i.__aligned_malloc) refers to mvars.o(.data) for __microlib_freelist
    malloca.o(i.__aligned_malloc) refers to startup_stm32f103xb.o(HEAP) for __heap_base
    malloca.o(i.__free$memalign) refers to mvars.o(.data) for __microlib_freelist
    malloca.o(i.__malloc$memalign) refers to malloca.o(i.__aligned_malloc) for __aligned_malloc
    mallocra.o(i.__aligned_malloc$realloc) refers to mallocra.o(i.internal_alloc) for internal_alloc
    mallocra.o(i.__aligned_malloc$realloc) refers to mvars.o(.data) for __microlib_freelist_initialised
    mallocra.o(i.__aligned_malloc$realloc) refers to startup_stm32f103xb.o(HEAP) for __heap_base
    mallocra.o(i.__aligned_malloc$realloc) refers to mvars.o(.data) for __microlib_freelist
    mallocra.o(i.__free$realloc$memalign) refers to mvars.o(.data) for __microlib_freelist
    mallocra.o(i.__malloc$realloc$memalign) refers to mallocra.o(i.__aligned_malloc$realloc) for __aligned_malloc$realloc
    mallocra.o(i.__realloc$memalign) refers to mallocra.o(i.__free$realloc$memalign) for __free$realloc$memalign
    mallocra.o(i.__realloc$memalign) refers to mallocra.o(i.internal_alloc) for internal_alloc
    mallocra.o(i.__realloc$memalign) refers to mallocra.o(i.__malloc$realloc$memalign) for __malloc$realloc$memalign
    mallocra.o(i.__realloc$memalign) refers to mvars.o(.data) for __microlib_freelist
    mallocra.o(i.internal_alloc) refers to memcpya.o(.text) for __aeabi_memcpy
    mallocra.o(i.internal_alloc) refers to mvars.o(.data) for __microlib_freelist
    __0sscanf.o(.text) refers to scanf_char.o(.text) for __vfscanf_char
    __0sscanf.o(.text) refers to _sgetc.o(.text) for _sgetc
    scanf_fp.o(.text) refers (Special) to iusefp.o(.text) for __I$use$fp
    scanf_fp.o(.text) refers to dfltul.o(.text) for __aeabi_ul2d
    scanf_fp.o(.text) refers to dmul.o(.text) for __aeabi_dmul
    scanf_fp.o(.text) refers to ddiv.o(.text) for __aeabi_ddiv
    scanf_fp.o(.text) refers to scanf_fp.o(i._is_digit) for _is_digit
    scanf_fp.o(.text) refers to d2f.o(.text) for __aeabi_d2f
    fadd.o(.text) refers (Special) to iusefp.o(.text) for __I$use$fp
    fadd.o(.text) refers to fepilogue.o(.text) for _float_epilogue
    fmul.o(.text) refers (Special) to iusefp.o(.text) for __I$use$fp
    fscalb.o(.text) refers (Special) to iusefp.o(.text) for __I$use$fp
    dadd.o(.text) refers (Special) to iusefp.o(.text) for __I$use$fp
    dadd.o(.text) refers to llshl.o(.text) for __aeabi_llsl
    dadd.o(.text) refers to llsshr.o(.text) for __aeabi_lasr
    dadd.o(.text) refers to depilogue.o(.text) for _double_epilogue
    dmul.o(.text) refers (Special) to iusefp.o(.text) for __I$use$fp
    dmul.o(.text) refers to depilogue.o(.text) for _double_epilogue
    ddiv.o(.text) refers (Special) to iusefp.o(.text) for __I$use$fp
    ddiv.o(.text) refers to depilogue.o(.text) for _double_round
    dscalb.o(.text) refers (Special) to iusefp.o(.text) for __I$use$fp
    fflti.o(.text) refers (Special) to iusefp.o(.text) for __I$use$fp
    fflti.o(.text) refers to fepilogue.o(.text) for _float_epilogue
    ffltui.o(.text) refers (Special) to iusefp.o(.text) for __I$use$fp
    ffltui.o(.text) refers to fepilogue.o(.text) for _float_epilogue
    dflti.o(.text) refers (Special) to iusefp.o(.text) for __I$use$fp
    dflti.o(.text) refers to depilogue.o(.text) for _double_epilogue
    dfltui.o(.text) refers (Special) to iusefp.o(.text) for __I$use$fp
    dfltui.o(.text) refers to depilogue.o(.text) for _double_epilogue
    ffixi.o(.text) refers (Special) to iusefp.o(.text) for __I$use$fp
    dfixi.o(.text) refers (Special) to iusefp.o(.text) for __I$use$fp
    dfixi.o(.text) refers to llushr.o(.text) for __aeabi_llsr
    f2d.o(.text) refers (Special) to iusefp.o(.text) for __I$use$fp
    cdcmple.o(.text) refers (Special) to iusefp.o(.text) for __I$use$fp
    cdrcmple.o(.text) refers (Special) to iusefp.o(.text) for __I$use$fp
    d2f.o(.text) refers (Special) to iusefp.o(.text) for __I$use$fp
    d2f.o(.text) refers to fepilogue.o(.text) for _float_round
    entry2.o(.ARM.Collect$$$$00000001) refers to entry2.o(.ARM.Collect$$$$00002712) for __lit__00000000
    entry2.o(.ARM.Collect$$$$00002712) refers to startup_stm32f103xb.o(STACK) for __initial_sp
    entry2.o(__vectab_stack_and_reset_area) refers to startup_stm32f103xb.o(STACK) for __initial_sp
    entry2.o(__vectab_stack_and_reset_area) refers to entry.o(.ARM.Collect$$$$00000000) for __main
    entry5.o(.ARM.Collect$$$$00000004) refers to init.o(.text) for __scatterload
    entry9a.o(.ARM.Collect$$$$0000000B) refers to main.o(i.main) for main
    entry9b.o(.ARM.Collect$$$$0000000C) refers to main.o(i.main) for main
    uldiv.o(.text) refers to llushr.o(.text) for __aeabi_llsr
    uldiv.o(.text) refers to llshl.o(.text) for __aeabi_llsl
    scanf_char.o(.text) refers to _scanf.o(.text) for __vfscanf
    scanf_char.o(.text) refers to isspace_c.o(.text) for isspace
    strtod.o(.text) refers to scanf_fp.o(.text) for _scanf_real
    strtod.o(.text) refers to _sgetc.o(.text) for _sgetc
    strtod.o(.text) refers to isspace_c.o(.text) for isspace
    depilogue.o(.text) refers to llshl.o(.text) for __aeabi_llsl
    depilogue.o(.text) refers to llushr.o(.text) for __aeabi_llsr
    dfltul.o(.text) refers to depilogue.o(.text) for _double_epilogue
    dfixul.o(.text) refers to llushr.o(.text) for __aeabi_llsr
    dfixul.o(.text) refers to llshl.o(.text) for __aeabi_llsl
    init.o(.text) refers to entry5.o(.ARM.Collect$$$$00000004) for __main_after_scatterload
    isspace_c.o(.text) refers to ctype_c.o(.text) for __ctype_lookup
    _scanf.o(.text) refers (Weak) to scanf_fp.o(.text) for _scanf_real
    ctype_c.o(.text) refers to ctype_c.o(.constdata) for .constdata
    scanf_fp.o(i._is_digit) refers (Special) to iusefp.o(.text) for __I$use$fp


==============================================================================

Removing Unused input sections from the image.

    Removing startup_stm32f103xb.o(HEAP), (2048 bytes).
    Removing stm32f1xx_hal_gpio_ex.o(.rev16_text), (4 bytes).
    Removing stm32f1xx_hal_gpio_ex.o(.revsh_text), (4 bytes).
    Removing stm32f1xx_hal_gpio_ex.o(.rrx_text), (6 bytes).
    Removing stm32f1xx_hal_gpio_ex.o(i.HAL_GPIOEx_ConfigEventout), (184 bytes).
    Removing stm32f1xx_hal_gpio_ex.o(i.HAL_GPIOEx_DisableEventout), (16 bytes).
    Removing stm32f1xx_hal_gpio_ex.o(i.HAL_GPIOEx_EnableEventout), (16 bytes).
    Removing stm32f1xx_hal_adc.o(.rev16_text), (4 bytes).
    Removing stm32f1xx_hal_adc.o(.revsh_text), (4 bytes).
    Removing stm32f1xx_hal_adc.o(.rrx_text), (6 bytes).
    Removing stm32f1xx_hal_adc.o(i.ADC_DMAConvCplt), (78 bytes).
    Removing stm32f1xx_hal_adc.o(i.ADC_DMAError), (26 bytes).
    Removing stm32f1xx_hal_adc.o(i.ADC_DMAHalfConvCplt), (10 bytes).
    Removing stm32f1xx_hal_adc.o(i.ADC_Enable), (124 bytes).
    Removing stm32f1xx_hal_adc.o(i.HAL_ADC_AnalogWDGConfig), (396 bytes).
    Removing stm32f1xx_hal_adc.o(i.HAL_ADC_ConvCpltCallback), (2 bytes).
    Removing stm32f1xx_hal_adc.o(i.HAL_ADC_ConvHalfCpltCallback), (2 bytes).
    Removing stm32f1xx_hal_adc.o(i.HAL_ADC_DeInit), (316 bytes).
    Removing stm32f1xx_hal_adc.o(i.HAL_ADC_ErrorCallback), (2 bytes).
    Removing stm32f1xx_hal_adc.o(i.HAL_ADC_GetError), (4 bytes).
    Removing stm32f1xx_hal_adc.o(i.HAL_ADC_GetState), (4 bytes).
    Removing stm32f1xx_hal_adc.o(i.HAL_ADC_GetValue), (100 bytes).
    Removing stm32f1xx_hal_adc.o(i.HAL_ADC_IRQHandler), (344 bytes).
    Removing stm32f1xx_hal_adc.o(i.HAL_ADC_LevelOutOfWindowCallback), (2 bytes).
    Removing stm32f1xx_hal_adc.o(i.HAL_ADC_MspDeInit), (2 bytes).
    Removing stm32f1xx_hal_adc.o(i.HAL_ADC_MspInit), (2 bytes).
    Removing stm32f1xx_hal_adc.o(i.HAL_ADC_PollForConversion), (404 bytes).
    Removing stm32f1xx_hal_adc.o(i.HAL_ADC_PollForEvent), (196 bytes).
    Removing stm32f1xx_hal_adc.o(i.HAL_ADC_Start), (272 bytes).
    Removing stm32f1xx_hal_adc.o(i.HAL_ADC_Start_DMA), (340 bytes).
    Removing stm32f1xx_hal_adc.o(i.HAL_ADC_Start_IT), (284 bytes).
    Removing stm32f1xx_hal_adc.o(i.HAL_ADC_Stop), (140 bytes).
    Removing stm32f1xx_hal_adc.o(i.HAL_ADC_Stop_DMA), (164 bytes).
    Removing stm32f1xx_hal_adc.o(i.HAL_ADC_Stop_IT), (152 bytes).
    Removing stm32f1xx_hal_adc_ex.o(.rev16_text), (4 bytes).
    Removing stm32f1xx_hal_adc_ex.o(.revsh_text), (4 bytes).
    Removing stm32f1xx_hal_adc_ex.o(.rrx_text), (6 bytes).
    Removing stm32f1xx_hal_adc_ex.o(i.HAL_ADCEx_Calibration_Start), (308 bytes).
    Removing stm32f1xx_hal_adc_ex.o(i.HAL_ADCEx_InjectedConfigChannel), (856 bytes).
    Removing stm32f1xx_hal_adc_ex.o(i.HAL_ADCEx_InjectedConvCpltCallback), (2 bytes).
    Removing stm32f1xx_hal_adc_ex.o(i.HAL_ADCEx_InjectedGetValue), (148 bytes).
    Removing stm32f1xx_hal_adc_ex.o(i.HAL_ADCEx_InjectedPollForConversion), (396 bytes).
    Removing stm32f1xx_hal_adc_ex.o(i.HAL_ADCEx_InjectedStart), (252 bytes).
    Removing stm32f1xx_hal_adc_ex.o(i.HAL_ADCEx_InjectedStart_IT), (260 bytes).
    Removing stm32f1xx_hal_adc_ex.o(i.HAL_ADCEx_InjectedStop), (172 bytes).
    Removing stm32f1xx_hal_adc_ex.o(i.HAL_ADCEx_InjectedStop_IT), (180 bytes).
    Removing stm32f1xx_hal_adc_ex.o(i.HAL_ADCEx_MultiModeConfigChannel), (256 bytes).
    Removing stm32f1xx_hal_adc_ex.o(i.HAL_ADCEx_MultiModeGetValue), (140 bytes).
    Removing stm32f1xx_hal_adc_ex.o(i.HAL_ADCEx_MultiModeStart_DMA), (340 bytes).
    Removing stm32f1xx_hal_adc_ex.o(i.HAL_ADCEx_MultiModeStop_DMA), (204 bytes).
    Removing stm32f1xx_hal.o(.rev16_text), (4 bytes).
    Removing stm32f1xx_hal.o(.revsh_text), (4 bytes).
    Removing stm32f1xx_hal.o(.rrx_text), (6 bytes).
    Removing stm32f1xx_hal.o(i.HAL_DBGMCU_DisableDBGSleepMode), (16 bytes).
    Removing stm32f1xx_hal.o(i.HAL_DBGMCU_DisableDBGStandbyMode), (16 bytes).
    Removing stm32f1xx_hal.o(i.HAL_DBGMCU_DisableDBGStopMode), (16 bytes).
    Removing stm32f1xx_hal.o(i.HAL_DBGMCU_EnableDBGSleepMode), (16 bytes).
    Removing stm32f1xx_hal.o(i.HAL_DBGMCU_EnableDBGStandbyMode), (16 bytes).
    Removing stm32f1xx_hal.o(i.HAL_DBGMCU_EnableDBGStopMode), (16 bytes).
    Removing stm32f1xx_hal.o(i.HAL_DeInit), (32 bytes).
    Removing stm32f1xx_hal.o(i.HAL_GetDEVID), (16 bytes).
    Removing stm32f1xx_hal.o(i.HAL_GetHalVersion), (8 bytes).
    Removing stm32f1xx_hal.o(i.HAL_GetREVID), (12 bytes).
    Removing stm32f1xx_hal.o(i.HAL_GetTickFreq), (12 bytes).
    Removing stm32f1xx_hal.o(i.HAL_GetTickPrio), (12 bytes).
    Removing stm32f1xx_hal.o(i.HAL_GetUIDw0), (12 bytes).
    Removing stm32f1xx_hal.o(i.HAL_GetUIDw1), (12 bytes).
    Removing stm32f1xx_hal.o(i.HAL_GetUIDw2), (12 bytes).
    Removing stm32f1xx_hal.o(i.HAL_MspDeInit), (2 bytes).
    Removing stm32f1xx_hal.o(i.HAL_MspInit), (2 bytes).
    Removing stm32f1xx_hal.o(i.HAL_ResumeTick), (14 bytes).
    Removing stm32f1xx_hal.o(i.HAL_SetTickFreq), (116 bytes).
    Removing stm32f1xx_hal.o(i.HAL_SuspendTick), (14 bytes).
    Removing stm32f1xx_hal_rcc.o(.rev16_text), (4 bytes).
    Removing stm32f1xx_hal_rcc.o(.revsh_text), (4 bytes).
    Removing stm32f1xx_hal_rcc.o(.rrx_text), (6 bytes).
    Removing stm32f1xx_hal_rcc.o(i.HAL_RCC_DeInit), (220 bytes).
    Removing stm32f1xx_hal_rcc.o(i.HAL_RCC_DisableCSS), (12 bytes).
    Removing stm32f1xx_hal_rcc.o(i.HAL_RCC_GetClockConfig), (148 bytes).
    Removing stm32f1xx_hal_rcc.o(i.HAL_RCC_GetHCLKFreq), (12 bytes).
    Removing stm32f1xx_hal_rcc.o(i.HAL_RCC_GetOscConfig), (216 bytes).
    Removing stm32f1xx_hal_rcc.o(i.HAL_RCC_MCOConfig), (200 bytes).
    Removing stm32f1xx_hal_rcc_ex.o(.rev16_text), (4 bytes).
    Removing stm32f1xx_hal_rcc_ex.o(.revsh_text), (4 bytes).
    Removing stm32f1xx_hal_rcc_ex.o(.rrx_text), (6 bytes).
    Removing stm32f1xx_hal_rcc_ex.o(i.HAL_RCCEx_GetPeriphCLKConfig), (44 bytes).
    Removing stm32f1xx_hal_rcc_ex.o(i.HAL_RCCEx_GetPeriphCLKFreq), (248 bytes).
    Removing stm32f1xx_hal_rcc_ex.o(.constdata), (18 bytes).
    Removing stm32f1xx_hal_gpio.o(.rev16_text), (4 bytes).
    Removing stm32f1xx_hal_gpio.o(.revsh_text), (4 bytes).
    Removing stm32f1xx_hal_gpio.o(.rrx_text), (6 bytes).
    Removing stm32f1xx_hal_gpio.o(i.HAL_GPIO_DeInit), (384 bytes).
    Removing stm32f1xx_hal_gpio.o(i.HAL_GPIO_EXTI_Callback), (2 bytes).
    Removing stm32f1xx_hal_gpio.o(i.HAL_GPIO_LockPin), (176 bytes).
    Removing stm32f1xx_hal_dma.o(.rev16_text), (4 bytes).
    Removing stm32f1xx_hal_dma.o(.revsh_text), (4 bytes).
    Removing stm32f1xx_hal_dma.o(.rrx_text), (6 bytes).
    Removing stm32f1xx_hal_dma.o(i.DMA_SetConfig), (42 bytes).
    Removing stm32f1xx_hal_dma.o(i.HAL_DMA_DeInit), (212 bytes).
    Removing stm32f1xx_hal_dma.o(i.HAL_DMA_GetError), (4 bytes).
    Removing stm32f1xx_hal_dma.o(i.HAL_DMA_GetState), (6 bytes).
    Removing stm32f1xx_hal_dma.o(i.HAL_DMA_IRQHandler), (340 bytes).
    Removing stm32f1xx_hal_dma.o(i.HAL_DMA_Init), (364 bytes).
    Removing stm32f1xx_hal_dma.o(i.HAL_DMA_PollForTransfer), (532 bytes).
    Removing stm32f1xx_hal_dma.o(i.HAL_DMA_RegisterCallback), (74 bytes).
    Removing stm32f1xx_hal_dma.o(i.HAL_DMA_Start), (172 bytes).
    Removing stm32f1xx_hal_dma.o(i.HAL_DMA_Start_IT), (204 bytes).
    Removing stm32f1xx_hal_dma.o(i.HAL_DMA_UnRegisterCallback), (82 bytes).
    Removing stm32f1xx_hal_cortex.o(.rev16_text), (4 bytes).
    Removing stm32f1xx_hal_cortex.o(.revsh_text), (4 bytes).
    Removing stm32f1xx_hal_cortex.o(.rrx_text), (6 bytes).
    Removing stm32f1xx_hal_cortex.o(i.HAL_NVIC_ClearPendingIRQ), (104 bytes).
    Removing stm32f1xx_hal_cortex.o(i.HAL_NVIC_DisableIRQ), (108 bytes).
    Removing stm32f1xx_hal_cortex.o(i.HAL_NVIC_GetActive), (112 bytes).
    Removing stm32f1xx_hal_cortex.o(i.HAL_NVIC_GetPendingIRQ), (112 bytes).
    Removing stm32f1xx_hal_cortex.o(i.HAL_NVIC_GetPriority), (184 bytes).
    Removing stm32f1xx_hal_cortex.o(i.HAL_NVIC_GetPriorityGrouping), (16 bytes).
    Removing stm32f1xx_hal_cortex.o(i.HAL_NVIC_SetPendingIRQ), (104 bytes).
    Removing stm32f1xx_hal_cortex.o(i.HAL_NVIC_SystemReset), (36 bytes).
    Removing stm32f1xx_hal_cortex.o(i.HAL_SYSTICK_CLKSourceConfig), (100 bytes).
    Removing stm32f1xx_hal_cortex.o(i.HAL_SYSTICK_Callback), (2 bytes).
    Removing stm32f1xx_hal_cortex.o(i.HAL_SYSTICK_IRQHandler), (8 bytes).
    Removing stm32f1xx_hal_pwr.o(.rev16_text), (4 bytes).
    Removing stm32f1xx_hal_pwr.o(.revsh_text), (4 bytes).
    Removing stm32f1xx_hal_pwr.o(.rrx_text), (6 bytes).
    Removing stm32f1xx_hal_pwr.o(i.HAL_PWR_ConfigPVD), (280 bytes).
    Removing stm32f1xx_hal_pwr.o(i.HAL_PWR_DeInit), (24 bytes).
    Removing stm32f1xx_hal_pwr.o(i.HAL_PWR_DisableBkUpAccess), (12 bytes).
    Removing stm32f1xx_hal_pwr.o(i.HAL_PWR_DisablePVD), (12 bytes).
    Removing stm32f1xx_hal_pwr.o(i.HAL_PWR_DisableSEVOnPend), (16 bytes).
    Removing stm32f1xx_hal_pwr.o(i.HAL_PWR_DisableSleepOnExit), (16 bytes).
    Removing stm32f1xx_hal_pwr.o(i.HAL_PWR_DisableWakeUpPin), (104 bytes).
    Removing stm32f1xx_hal_pwr.o(i.HAL_PWR_EnableBkUpAccess), (12 bytes).
    Removing stm32f1xx_hal_pwr.o(i.HAL_PWR_EnablePVD), (12 bytes).
    Removing stm32f1xx_hal_pwr.o(i.HAL_PWR_EnableSEVOnPend), (16 bytes).
    Removing stm32f1xx_hal_pwr.o(i.HAL_PWR_EnableSleepOnExit), (16 bytes).
    Removing stm32f1xx_hal_pwr.o(i.HAL_PWR_EnableWakeUpPin), (104 bytes).
    Removing stm32f1xx_hal_pwr.o(i.HAL_PWR_EnterSLEEPMode), (108 bytes).
    Removing stm32f1xx_hal_pwr.o(i.HAL_PWR_EnterSTANDBYMode), (32 bytes).
    Removing stm32f1xx_hal_pwr.o(i.HAL_PWR_EnterSTOPMode), (164 bytes).
    Removing stm32f1xx_hal_pwr.o(i.HAL_PWR_PVDCallback), (2 bytes).
    Removing stm32f1xx_hal_pwr.o(i.HAL_PWR_PVD_IRQHandler), (28 bytes).
    Removing stm32f1xx_hal_pwr.o(i.PWR_OverloadWfe), (6 bytes).
    Removing stm32f1xx_hal_flash.o(.rev16_text), (4 bytes).
    Removing stm32f1xx_hal_flash.o(.revsh_text), (4 bytes).
    Removing stm32f1xx_hal_flash.o(.rrx_text), (6 bytes).
    Removing stm32f1xx_hal_flash.o(i.FLASH_Program_HalfWord), (28 bytes).
    Removing stm32f1xx_hal_flash.o(i.FLASH_SetErrorCode), (92 bytes).
    Removing stm32f1xx_hal_flash.o(i.FLASH_WaitForLastOperation), (84 bytes).
    Removing stm32f1xx_hal_flash.o(i.HAL_FLASH_EndOfOperationCallback), (2 bytes).
    Removing stm32f1xx_hal_flash.o(i.HAL_FLASH_GetError), (12 bytes).
    Removing stm32f1xx_hal_flash.o(i.HAL_FLASH_IRQHandler), (264 bytes).
    Removing stm32f1xx_hal_flash.o(i.HAL_FLASH_Lock), (20 bytes).
    Removing stm32f1xx_hal_flash.o(i.HAL_FLASH_OB_Launch), (4 bytes).
    Removing stm32f1xx_hal_flash.o(i.HAL_FLASH_OB_Lock), (20 bytes).
    Removing stm32f1xx_hal_flash.o(i.HAL_FLASH_OB_Unlock), (36 bytes).
    Removing stm32f1xx_hal_flash.o(i.HAL_FLASH_OperationErrorCallback), (2 bytes).
    Removing stm32f1xx_hal_flash.o(i.HAL_FLASH_Program), (276 bytes).
    Removing stm32f1xx_hal_flash.o(i.HAL_FLASH_Program_IT), (260 bytes).
    Removing stm32f1xx_hal_flash.o(i.HAL_FLASH_Unlock), (40 bytes).
    Removing stm32f1xx_hal_flash.o(.bss), (32 bytes).
    Removing stm32f1xx_hal_flash_ex.o(.rev16_text), (4 bytes).
    Removing stm32f1xx_hal_flash_ex.o(.revsh_text), (4 bytes).
    Removing stm32f1xx_hal_flash_ex.o(.rrx_text), (6 bytes).
    Removing stm32f1xx_hal_flash_ex.o(i.FLASH_MassErase), (116 bytes).
    Removing stm32f1xx_hal_flash_ex.o(i.FLASH_OB_DisableWRP), (256 bytes).
    Removing stm32f1xx_hal_flash_ex.o(i.FLASH_OB_EnableWRP), (256 bytes).
    Removing stm32f1xx_hal_flash_ex.o(i.FLASH_OB_GetRDP), (24 bytes).
    Removing stm32f1xx_hal_flash_ex.o(i.FLASH_OB_ProgramData), (156 bytes).
    Removing stm32f1xx_hal_flash_ex.o(i.FLASH_OB_RDP_LevelConfig), (180 bytes).
    Removing stm32f1xx_hal_flash_ex.o(i.FLASH_OB_UserConfig), (68 bytes).
    Removing stm32f1xx_hal_flash_ex.o(i.FLASH_PageErase), (36 bytes).
    Removing stm32f1xx_hal_flash_ex.o(i.HAL_FLASHEx_Erase), (420 bytes).
    Removing stm32f1xx_hal_flash_ex.o(i.HAL_FLASHEx_Erase_IT), (352 bytes).
    Removing stm32f1xx_hal_flash_ex.o(i.HAL_FLASHEx_OBErase), (84 bytes).
    Removing stm32f1xx_hal_flash_ex.o(i.HAL_FLASHEx_OBGetConfig), (36 bytes).
    Removing stm32f1xx_hal_flash_ex.o(i.HAL_FLASHEx_OBGetUserData), (32 bytes).
    Removing stm32f1xx_hal_flash_ex.o(i.HAL_FLASHEx_OBProgram), (224 bytes).
    Removing stm32f1xx_hal_exti.o(.rev16_text), (4 bytes).
    Removing stm32f1xx_hal_exti.o(.revsh_text), (4 bytes).
    Removing stm32f1xx_hal_exti.o(.rrx_text), (6 bytes).
    Removing stm32f1xx_hal_exti.o(i.HAL_EXTI_ClearConfigLine), (224 bytes).
    Removing stm32f1xx_hal_exti.o(i.HAL_EXTI_ClearPending), (160 bytes).
    Removing stm32f1xx_hal_exti.o(i.HAL_EXTI_GenerateSWI), (144 bytes).
    Removing stm32f1xx_hal_exti.o(i.HAL_EXTI_GetConfigLine), (260 bytes).
    Removing stm32f1xx_hal_exti.o(i.HAL_EXTI_GetHandle), (120 bytes).
    Removing stm32f1xx_hal_exti.o(i.HAL_EXTI_GetPending), (164 bytes).
    Removing stm32f1xx_hal_exti.o(i.HAL_EXTI_IRQHandler), (36 bytes).
    Removing stm32f1xx_hal_exti.o(i.HAL_EXTI_RegisterCallback), (14 bytes).
    Removing stm32f1xx_hal_exti.o(i.HAL_EXTI_SetConfigLine), (340 bytes).
    Removing stm32f1xx_hal_tim.o(.rev16_text), (4 bytes).
    Removing stm32f1xx_hal_tim.o(.revsh_text), (4 bytes).
    Removing stm32f1xx_hal_tim.o(.rrx_text), (6 bytes).
    Removing stm32f1xx_hal_tim.o(i.HAL_TIM_Base_DeInit), (196 bytes).
    Removing stm32f1xx_hal_tim.o(i.HAL_TIM_Base_GetState), (6 bytes).
    Removing stm32f1xx_hal_tim.o(i.HAL_TIM_Base_MspDeInit), (2 bytes).
    Removing stm32f1xx_hal_tim.o(i.HAL_TIM_Base_MspInit), (2 bytes).
    Removing stm32f1xx_hal_tim.o(i.HAL_TIM_Base_Start), (172 bytes).
    Removing stm32f1xx_hal_tim.o(i.HAL_TIM_Base_Start_DMA), (252 bytes).
    Removing stm32f1xx_hal_tim.o(i.HAL_TIM_Base_Stop), (148 bytes).
    Removing stm32f1xx_hal_tim.o(i.HAL_TIM_Base_Stop_DMA), (164 bytes).
    Removing stm32f1xx_hal_tim.o(i.HAL_TIM_Base_Stop_IT), (156 bytes).
    Removing stm32f1xx_hal_tim.o(i.HAL_TIM_ConfigOCrefClear), (408 bytes).
    Removing stm32f1xx_hal_tim.o(i.HAL_TIM_ConfigTI1Input), (144 bytes).
    Removing stm32f1xx_hal_tim.o(i.HAL_TIM_DMABurstState), (116 bytes).
    Removing stm32f1xx_hal_tim.o(i.HAL_TIM_DMABurst_MultiReadStart), (652 bytes).
    Removing stm32f1xx_hal_tim.o(i.HAL_TIM_DMABurst_MultiWriteStart), (652 bytes).
    Removing stm32f1xx_hal_tim.o(i.HAL_TIM_DMABurst_ReadStart), (18 bytes).
    Removing stm32f1xx_hal_tim.o(i.HAL_TIM_DMABurst_ReadStop), (180 bytes).
    Removing stm32f1xx_hal_tim.o(i.HAL_TIM_DMABurst_WriteStart), (18 bytes).
    Removing stm32f1xx_hal_tim.o(i.HAL_TIM_DMABurst_WriteStop), (180 bytes).
    Removing stm32f1xx_hal_tim.o(i.HAL_TIM_Encoder_DeInit), (180 bytes).
    Removing stm32f1xx_hal_tim.o(i.HAL_TIM_Encoder_GetState), (6 bytes).
    Removing stm32f1xx_hal_tim.o(i.HAL_TIM_Encoder_MspDeInit), (2 bytes).
    Removing stm32f1xx_hal_tim.o(i.HAL_TIM_Encoder_MspInit), (2 bytes).
    Removing stm32f1xx_hal_tim.o(i.HAL_TIM_Encoder_Start_DMA), (544 bytes).
    Removing stm32f1xx_hal_tim.o(i.HAL_TIM_Encoder_Start_IT), (304 bytes).
    Removing stm32f1xx_hal_tim.o(i.HAL_TIM_Encoder_Stop), (208 bytes).
    Removing stm32f1xx_hal_tim.o(i.HAL_TIM_Encoder_Stop_DMA), (280 bytes).
    Removing stm32f1xx_hal_tim.o(i.HAL_TIM_Encoder_Stop_IT), (252 bytes).
    Removing stm32f1xx_hal_tim.o(i.HAL_TIM_ErrorCallback), (2 bytes).
    Removing stm32f1xx_hal_tim.o(i.HAL_TIM_GenerateEvent), (164 bytes).
    Removing stm32f1xx_hal_tim.o(i.HAL_TIM_GetActiveChannel), (4 bytes).
    Removing stm32f1xx_hal_tim.o(i.HAL_TIM_GetChannelState), (188 bytes).
    Removing stm32f1xx_hal_tim.o(i.HAL_TIM_IC_CaptureHalfCpltCallback), (2 bytes).
    Removing stm32f1xx_hal_tim.o(i.HAL_TIM_IC_ConfigChannel), (568 bytes).
    Removing stm32f1xx_hal_tim.o(i.HAL_TIM_IC_DeInit), (196 bytes).
    Removing stm32f1xx_hal_tim.o(i.HAL_TIM_IC_GetState), (6 bytes).
    Removing stm32f1xx_hal_tim.o(i.HAL_TIM_IC_Init), (292 bytes).
    Removing stm32f1xx_hal_tim.o(i.HAL_TIM_IC_MspDeInit), (2 bytes).
    Removing stm32f1xx_hal_tim.o(i.HAL_TIM_IC_MspInit), (2 bytes).
    Removing stm32f1xx_hal_tim.o(i.HAL_TIM_IC_Start), (332 bytes).
    Removing stm32f1xx_hal_tim.o(i.HAL_TIM_IC_Start_DMA), (604 bytes).
    Removing stm32f1xx_hal_tim.o(i.HAL_TIM_IC_Start_IT), (376 bytes).
    Removing stm32f1xx_hal_tim.o(i.HAL_TIM_IC_Stop), (232 bytes).
    Removing stm32f1xx_hal_tim.o(i.HAL_TIM_IC_Stop_DMA), (364 bytes).
    Removing stm32f1xx_hal_tim.o(i.HAL_TIM_IC_Stop_IT), (292 bytes).
    Removing stm32f1xx_hal_tim.o(i.HAL_TIM_OC_ConfigChannel), (372 bytes).
    Removing stm32f1xx_hal_tim.o(i.HAL_TIM_OC_DeInit), (196 bytes).
    Removing stm32f1xx_hal_tim.o(i.HAL_TIM_OC_GetState), (6 bytes).
    Removing stm32f1xx_hal_tim.o(i.HAL_TIM_OC_Init), (292 bytes).
    Removing stm32f1xx_hal_tim.o(i.HAL_TIM_OC_MspDeInit), (2 bytes).
    Removing stm32f1xx_hal_tim.o(i.HAL_TIM_OC_MspInit), (2 bytes).
    Removing stm32f1xx_hal_tim.o(i.HAL_TIM_OC_Start), (296 bytes).
    Removing stm32f1xx_hal_tim.o(i.HAL_TIM_OC_Start_DMA), (536 bytes).
    Removing stm32f1xx_hal_tim.o(i.HAL_TIM_OC_Start_IT), (344 bytes).
    Removing stm32f1xx_hal_tim.o(i.HAL_TIM_OC_Stop), (256 bytes).
    Removing stm32f1xx_hal_tim.o(i.HAL_TIM_OC_Stop_DMA), (336 bytes).
    Removing stm32f1xx_hal_tim.o(i.HAL_TIM_OC_Stop_IT), (320 bytes).
    Removing stm32f1xx_hal_tim.o(i.HAL_TIM_OnePulse_ConfigChannel), (472 bytes).
    Removing stm32f1xx_hal_tim.o(i.HAL_TIM_OnePulse_DeInit), (180 bytes).
    Removing stm32f1xx_hal_tim.o(i.HAL_TIM_OnePulse_GetState), (6 bytes).
    Removing stm32f1xx_hal_tim.o(i.HAL_TIM_OnePulse_Init), (304 bytes).
    Removing stm32f1xx_hal_tim.o(i.HAL_TIM_OnePulse_MspDeInit), (2 bytes).
    Removing stm32f1xx_hal_tim.o(i.HAL_TIM_OnePulse_MspInit), (2 bytes).
    Removing stm32f1xx_hal_tim.o(i.HAL_TIM_OnePulse_Start), (104 bytes).
    Removing stm32f1xx_hal_tim.o(i.HAL_TIM_OnePulse_Start_IT), (124 bytes).
    Removing stm32f1xx_hal_tim.o(i.HAL_TIM_OnePulse_Stop), (100 bytes).
    Removing stm32f1xx_hal_tim.o(i.HAL_TIM_OnePulse_Stop_IT), (120 bytes).
    Removing stm32f1xx_hal_tim.o(i.HAL_TIM_PWM_DeInit), (196 bytes).
    Removing stm32f1xx_hal_tim.o(i.HAL_TIM_PWM_GetState), (6 bytes).
    Removing stm32f1xx_hal_tim.o(i.HAL_TIM_PWM_MspDeInit), (2 bytes).
    Removing stm32f1xx_hal_tim.o(i.HAL_TIM_PWM_PulseFinishedHalfCpltCallback), (2 bytes).
    Removing stm32f1xx_hal_tim.o(i.HAL_TIM_PWM_Start_DMA), (536 bytes).
    Removing stm32f1xx_hal_tim.o(i.HAL_TIM_PWM_Start_IT), (344 bytes).
    Removing stm32f1xx_hal_tim.o(i.HAL_TIM_PWM_Stop), (256 bytes).
    Removing stm32f1xx_hal_tim.o(i.HAL_TIM_PWM_Stop_DMA), (336 bytes).
    Removing stm32f1xx_hal_tim.o(i.HAL_TIM_PWM_Stop_IT), (320 bytes).
    Removing stm32f1xx_hal_tim.o(i.HAL_TIM_PeriodElapsedCallback), (2 bytes).
    Removing stm32f1xx_hal_tim.o(i.HAL_TIM_PeriodElapsedHalfCpltCallback), (2 bytes).
    Removing stm32f1xx_hal_tim.o(i.HAL_TIM_ReadCapturedValue), (236 bytes).
    Removing stm32f1xx_hal_tim.o(i.HAL_TIM_SlaveConfigSynchro), (268 bytes).
    Removing stm32f1xx_hal_tim.o(i.HAL_TIM_SlaveConfigSynchro_IT), (268 bytes).
    Removing stm32f1xx_hal_tim.o(i.HAL_TIM_TriggerHalfCpltCallback), (2 bytes).
    Removing stm32f1xx_hal_tim.o(i.TIM_DMACaptureCplt), (110 bytes).
    Removing stm32f1xx_hal_tim.o(i.TIM_DMACaptureHalfCplt), (56 bytes).
    Removing stm32f1xx_hal_tim.o(i.TIM_DMADelayPulseCplt), (94 bytes).
    Removing stm32f1xx_hal_tim.o(i.TIM_DMADelayPulseHalfCplt), (56 bytes).
    Removing stm32f1xx_hal_tim.o(i.TIM_DMAError), (84 bytes).
    Removing stm32f1xx_hal_tim.o(i.TIM_DMAPeriodElapsedCplt), (22 bytes).
    Removing stm32f1xx_hal_tim.o(i.TIM_DMAPeriodElapsedHalfCplt), (10 bytes).
    Removing stm32f1xx_hal_tim.o(i.TIM_DMATriggerCplt), (22 bytes).
    Removing stm32f1xx_hal_tim.o(i.TIM_DMATriggerHalfCplt), (10 bytes).
    Removing stm32f1xx_hal_tim.o(i.TIM_SlaveTimer_SetConfig), (548 bytes).
    Removing stm32f1xx_hal_tim.o(i.TIM_TI1_SetConfig), (88 bytes).
    Removing stm32f1xx_hal_tim.o(i.TIM_TI2_SetConfig), (54 bytes).
    Removing stm32f1xx_hal_tim_ex.o(.rev16_text), (4 bytes).
    Removing stm32f1xx_hal_tim_ex.o(.revsh_text), (4 bytes).
    Removing stm32f1xx_hal_tim_ex.o(.rrx_text), (6 bytes).
    Removing stm32f1xx_hal_tim_ex.o(i.HAL_TIMEx_CommutHalfCpltCallback), (2 bytes).
    Removing stm32f1xx_hal_tim_ex.o(i.HAL_TIMEx_ConfigCommutEvent), (232 bytes).
    Removing stm32f1xx_hal_tim_ex.o(i.HAL_TIMEx_ConfigCommutEvent_DMA), (260 bytes).
    Removing stm32f1xx_hal_tim_ex.o(i.HAL_TIMEx_ConfigCommutEvent_IT), (232 bytes).
    Removing stm32f1xx_hal_tim_ex.o(i.HAL_TIMEx_GetChannelNState), (132 bytes).
    Removing stm32f1xx_hal_tim_ex.o(i.HAL_TIMEx_HallSensor_DeInit), (184 bytes).
    Removing stm32f1xx_hal_tim_ex.o(i.HAL_TIMEx_HallSensor_GetState), (6 bytes).
    Removing stm32f1xx_hal_tim_ex.o(i.HAL_TIMEx_HallSensor_Init), (460 bytes).
    Removing stm32f1xx_hal_tim_ex.o(i.HAL_TIMEx_HallSensor_MspDeInit), (2 bytes).
    Removing stm32f1xx_hal_tim_ex.o(i.HAL_TIMEx_HallSensor_MspInit), (2 bytes).
    Removing stm32f1xx_hal_tim_ex.o(i.HAL_TIMEx_HallSensor_Start), (232 bytes).
    Removing stm32f1xx_hal_tim_ex.o(i.HAL_TIMEx_HallSensor_Start_DMA), (284 bytes).
    Removing stm32f1xx_hal_tim_ex.o(i.HAL_TIMEx_HallSensor_Start_IT), (240 bytes).
    Removing stm32f1xx_hal_tim_ex.o(i.HAL_TIMEx_HallSensor_Stop), (168 bytes).
    Removing stm32f1xx_hal_tim_ex.o(i.HAL_TIMEx_HallSensor_Stop_DMA), (180 bytes).
    Removing stm32f1xx_hal_tim_ex.o(i.HAL_TIMEx_HallSensor_Stop_IT), (176 bytes).
    Removing stm32f1xx_hal_tim_ex.o(i.HAL_TIMEx_OCN_Start), (248 bytes).
    Removing stm32f1xx_hal_tim_ex.o(i.HAL_TIMEx_OCN_Start_DMA), (440 bytes).
    Removing stm32f1xx_hal_tim_ex.o(i.HAL_TIMEx_OCN_Start_IT), (288 bytes).
    Removing stm32f1xx_hal_tim_ex.o(i.HAL_TIMEx_OCN_Stop), (200 bytes).
    Removing stm32f1xx_hal_tim_ex.o(i.HAL_TIMEx_OCN_Stop_DMA), (260 bytes).
    Removing stm32f1xx_hal_tim_ex.o(i.HAL_TIMEx_OCN_Stop_IT), (260 bytes).
    Removing stm32f1xx_hal_tim_ex.o(i.HAL_TIMEx_OnePulseN_Start), (208 bytes).
    Removing stm32f1xx_hal_tim_ex.o(i.HAL_TIMEx_OnePulseN_Start_IT), (228 bytes).
    Removing stm32f1xx_hal_tim_ex.o(i.HAL_TIMEx_OnePulseN_Stop), (196 bytes).
    Removing stm32f1xx_hal_tim_ex.o(i.HAL_TIMEx_OnePulseN_Stop_IT), (216 bytes).
    Removing stm32f1xx_hal_tim_ex.o(i.HAL_TIMEx_PWMN_Start), (248 bytes).
    Removing stm32f1xx_hal_tim_ex.o(i.HAL_TIMEx_PWMN_Start_DMA), (440 bytes).
    Removing stm32f1xx_hal_tim_ex.o(i.HAL_TIMEx_PWMN_Start_IT), (288 bytes).
    Removing stm32f1xx_hal_tim_ex.o(i.HAL_TIMEx_PWMN_Stop), (200 bytes).
    Removing stm32f1xx_hal_tim_ex.o(i.HAL_TIMEx_PWMN_Stop_DMA), (260 bytes).
    Removing stm32f1xx_hal_tim_ex.o(i.HAL_TIMEx_PWMN_Stop_IT), (260 bytes).
    Removing stm32f1xx_hal_tim_ex.o(i.HAL_TIMEx_RemapConfig), (4 bytes).
    Removing stm32f1xx_hal_tim_ex.o(i.TIMEx_DMACommutationCplt), (16 bytes).
    Removing stm32f1xx_hal_tim_ex.o(i.TIMEx_DMACommutationHalfCplt), (16 bytes).
    Removing stm32f1xx_hal_tim_ex.o(i.TIM_CCxNChannelCmd), (26 bytes).
    Removing stm32f1xx_hal_tim_ex.o(i.TIM_DMADelayPulseNCplt), (94 bytes).
    Removing stm32f1xx_hal_tim_ex.o(i.TIM_DMAErrorCCxN), (62 bytes).
    Removing stm32f1xx_hal_uart.o(.rev16_text), (4 bytes).
    Removing stm32f1xx_hal_uart.o(.revsh_text), (4 bytes).
    Removing stm32f1xx_hal_uart.o(.rrx_text), (6 bytes).
    Removing stm32f1xx_hal_uart.o(i.HAL_HalfDuplex_EnableReceiver), (50 bytes).
    Removing stm32f1xx_hal_uart.o(i.HAL_HalfDuplex_EnableTransmitter), (50 bytes).
    Removing stm32f1xx_hal_uart.o(i.HAL_HalfDuplex_Init), (232 bytes).
    Removing stm32f1xx_hal_uart.o(i.HAL_LIN_Init), (264 bytes).
    Removing stm32f1xx_hal_uart.o(i.HAL_LIN_SendBreak), (164 bytes).
    Removing stm32f1xx_hal_uart.o(i.HAL_MultiProcessor_EnterMuteMode), (168 bytes).
    Removing stm32f1xx_hal_uart.o(i.HAL_MultiProcessor_ExitMuteMode), (168 bytes).
    Removing stm32f1xx_hal_uart.o(i.HAL_MultiProcessor_Init), (300 bytes).
    Removing stm32f1xx_hal_uart.o(i.HAL_UARTEx_GetRxEventType), (4 bytes).
    Removing stm32f1xx_hal_uart.o(i.HAL_UARTEx_ReceiveToIdle), (240 bytes).
    Removing stm32f1xx_hal_uart.o(i.HAL_UARTEx_ReceiveToIdle_DMA), (78 bytes).
    Removing stm32f1xx_hal_uart.o(i.HAL_UARTEx_ReceiveToIdle_IT), (78 bytes).
    Removing stm32f1xx_hal_uart.o(i.HAL_UART_Abort), (210 bytes).
    Removing stm32f1xx_hal_uart.o(i.HAL_UART_AbortCpltCallback), (2 bytes).
    Removing stm32f1xx_hal_uart.o(i.HAL_UART_AbortReceive), (148 bytes).
    Removing stm32f1xx_hal_uart.o(i.HAL_UART_AbortReceiveCpltCallback), (2 bytes).
    Removing stm32f1xx_hal_uart.o(i.HAL_UART_AbortReceive_IT), (152 bytes).
    Removing stm32f1xx_hal_uart.o(i.HAL_UART_AbortTransmit), (98 bytes).
    Removing stm32f1xx_hal_uart.o(i.HAL_UART_AbortTransmitCpltCallback), (2 bytes).
    Removing stm32f1xx_hal_uart.o(i.HAL_UART_AbortTransmit_IT), (104 bytes).
    Removing stm32f1xx_hal_uart.o(i.HAL_UART_Abort_IT), (244 bytes).
    Removing stm32f1xx_hal_uart.o(i.HAL_UART_DMAPause), (120 bytes).
    Removing stm32f1xx_hal_uart.o(i.HAL_UART_DMAResume), (114 bytes).
    Removing stm32f1xx_hal_uart.o(i.HAL_UART_DMAStop), (112 bytes).
    Removing stm32f1xx_hal_uart.o(i.HAL_UART_DeInit), (156 bytes).
    Removing stm32f1xx_hal_uart.o(i.HAL_UART_GetError), (4 bytes).
    Removing stm32f1xx_hal_uart.o(i.HAL_UART_GetState), (10 bytes).
    Removing stm32f1xx_hal_uart.o(i.HAL_UART_MspDeInit), (2 bytes).
    Removing stm32f1xx_hal_uart.o(i.HAL_UART_MspInit), (2 bytes).
    Removing stm32f1xx_hal_uart.o(i.HAL_UART_Receive_DMA), (28 bytes).
    Removing stm32f1xx_hal_uart.o(i.HAL_UART_RxCpltCallback), (2 bytes).
    Removing stm32f1xx_hal_uart.o(i.HAL_UART_RxHalfCpltCallback), (2 bytes).
    Removing stm32f1xx_hal_uart.o(i.HAL_UART_Transmit_DMA), (120 bytes).
    Removing stm32f1xx_hal_uart.o(i.HAL_UART_Transmit_IT), (50 bytes).
    Removing stm32f1xx_hal_uart.o(i.HAL_UART_TxHalfCpltCallback), (2 bytes).
    Removing stm32f1xx_hal_uart.o(i.UART_DMAError), (74 bytes).
    Removing stm32f1xx_hal_uart.o(i.UART_DMAReceiveCplt), (134 bytes).
    Removing stm32f1xx_hal_uart.o(i.UART_DMARxAbortCallback), (44 bytes).
    Removing stm32f1xx_hal_uart.o(i.UART_DMARxHalfCplt), (30 bytes).
    Removing stm32f1xx_hal_uart.o(i.UART_DMARxOnlyAbortCallback), (22 bytes).
    Removing stm32f1xx_hal_uart.o(i.UART_DMATransmitCplt), (66 bytes).
    Removing stm32f1xx_hal_uart.o(i.UART_DMATxAbortCallback), (44 bytes).
    Removing stm32f1xx_hal_uart.o(i.UART_DMATxHalfCplt), (10 bytes).
    Removing stm32f1xx_hal_uart.o(i.UART_DMATxOnlyAbortCallback), (20 bytes).
    Removing stm32f1xx_hal_uart.o(i.UART_EndTxTransfer), (28 bytes).
    Removing stm32f1xx_hal_uart.o(i.UART_Start_Receive_DMA), (144 bytes).
    Removing system_stm32f1xx.o(.rev16_text), (4 bytes).
    Removing system_stm32f1xx.o(.revsh_text), (4 bytes).
    Removing system_stm32f1xx.o(.rrx_text), (6 bytes).
    Removing system_stm32f1xx.o(i.SystemCoreClockUpdate), (104 bytes).
    Removing main.o(.rev16_text), (4 bytes).
    Removing main.o(.revsh_text), (4 bytes).
    Removing main.o(.rrx_text), (6 bytes).
    Removing gpio.o(.rev16_text), (4 bytes).
    Removing gpio.o(.revsh_text), (4 bytes).
    Removing gpio.o(.rrx_text), (6 bytes).
    Removing adc.o(.rev16_text), (4 bytes).
    Removing adc.o(.revsh_text), (4 bytes).
    Removing adc.o(.rrx_text), (6 bytes).
    Removing adc.o(i.HAL_ADC_MspDeInit), (40 bytes).
    Removing tim.o(.rev16_text), (4 bytes).
    Removing tim.o(.revsh_text), (4 bytes).
    Removing tim.o(.rrx_text), (6 bytes).
    Removing tim.o(i.HAL_TIM_Base_MspDeInit), (56 bytes).
    Removing tim.o(i.HAL_TIM_Encoder_MspDeInit), (84 bytes).
    Removing usart.o(.rev16_text), (4 bytes).
    Removing usart.o(.revsh_text), (4 bytes).
    Removing usart.o(.rrx_text), (6 bytes).
    Removing usart.o(i.HAL_UART_MspDeInit), (92 bytes).
    Removing stm32f1xx_it.o(.rev16_text), (4 bytes).
    Removing stm32f1xx_it.o(.revsh_text), (4 bytes).
    Removing stm32f1xx_it.o(.rrx_text), (6 bytes).
    Removing stm32f1xx_hal_msp.o(.rev16_text), (4 bytes).
    Removing stm32f1xx_hal_msp.o(.revsh_text), (4 bytes).
    Removing stm32f1xx_hal_msp.o(.rrx_text), (6 bytes).
    Removing callback.o(.rev16_text), (4 bytes).
    Removing callback.o(.revsh_text), (4 bytes).
    Removing callback.o(.rrx_text), (6 bytes).
    Removing public.o(.rev16_text), (4 bytes).
    Removing public.o(.revsh_text), (4 bytes).
    Removing public.o(.rrx_text), (6 bytes).
    Removing public.o(i.Check_And_Clear_OLED), (48 bytes).
    Removing public.o(i.Check_Clear_OLED), (32 bytes).
    Removing public.o(i.Delay_us), (20 bytes).
    Removing public.o(i.Memory_Clr), (18 bytes).
    Removing public.o(i.fgetc), (32 bytes).
    Removing public.o(i.fputc), (24 bytes).
    Removing public.o(.bss), (60 bytes).
    Removing public.o(.data), (8 bytes).
    Removing public.o(.data), (8 bytes).
    Removing system.o(.rev16_text), (4 bytes).
    Removing system.o(.revsh_text), (4 bytes).
    Removing system.o(.rrx_text), (6 bytes).
    Removing system.o(.data), (1 bytes).
    Removing myinit.o(.rev16_text), (4 bytes).
    Removing myinit.o(.revsh_text), (4 bytes).
    Removing myinit.o(.rrx_text), (6 bytes).
    Removing led.o(.rev16_text), (4 bytes).
    Removing led.o(.revsh_text), (4 bytes).
    Removing led.o(.rrx_text), (6 bytes).
    Removing motor.o(.rev16_text), (4 bytes).
    Removing motor.o(.revsh_text), (4 bytes).
    Removing motor.o(.rrx_text), (6 bytes).
    Removing time.o(.rev16_text), (4 bytes).
    Removing time.o(.revsh_text), (4 bytes).
    Removing time.o(.rrx_text), (6 bytes).
    Removing niming.o(.rev16_text), (4 bytes).
    Removing niming.o(.revsh_text), (4 bytes).
    Removing niming.o(.rrx_text), (6 bytes).
    Removing niming.o(i.ANO_DT_Send_F1), (132 bytes).
    Removing niming.o(i.ANO_DT_Send_F2), (132 bytes).
    Removing niming.o(i.ANO_DT_Send_F3), (120 bytes).
    Removing niming.o(.bss), (100 bytes).
    Removing pid.o(.rev16_text), (4 bytes).
    Removing pid.o(.revsh_text), (4 bytes).
    Removing pid.o(.rrx_text), (6 bytes).
    Removing pid.o(i.HC_SR04_Follow), (100 bytes).
    Removing uart.o(.rev16_text), (4 bytes).
    Removing uart.o(.revsh_text), (4 bytes).
    Removing uart.o(.rrx_text), (6 bytes).
    Removing uart.o(i.UART_JSON_Parser), (340 bytes).
    Removing uart.o(i.Usart_WaitRessFinish), (40 bytes).
    Removing cjson.o(i.add_item_to_array), (42 bytes).
    Removing cjson.o(i.add_item_to_object), (90 bytes).
    Removing cjson.o(i.buffer_skip_whitespace), (48 bytes).
    Removing cjson.o(i.cJSON_AddArrayToObject), (48 bytes).
    Removing cjson.o(i.cJSON_AddBoolToObject), (48 bytes).
    Removing cjson.o(i.cJSON_AddFalseToObject), (48 bytes).
    Removing cjson.o(i.cJSON_AddItemReferenceToArray), (36 bytes).
    Removing cjson.o(i.cJSON_AddItemReferenceToObject), (44 bytes).
    Removing cjson.o(i.cJSON_AddItemToArray), (4 bytes).
    Removing cjson.o(i.cJSON_AddItemToObject), (20 bytes).
    Removing cjson.o(i.cJSON_AddItemToObjectCS), (20 bytes).
    Removing cjson.o(i.cJSON_AddNullToObject), (48 bytes).
    Removing cjson.o(i.cJSON_AddNumberToObject), (52 bytes).
    Removing cjson.o(i.cJSON_AddObjectToObject), (48 bytes).
    Removing cjson.o(i.cJSON_AddRawToObject), (48 bytes).
    Removing cjson.o(i.cJSON_AddStringToObject), (48 bytes).
    Removing cjson.o(i.cJSON_AddTrueToObject), (48 bytes).
    Removing cjson.o(i.cJSON_Compare), (270 bytes).
    Removing cjson.o(i.cJSON_CreateArray), (24 bytes).
    Removing cjson.o(i.cJSON_CreateArrayReference), (28 bytes).
    Removing cjson.o(i.cJSON_CreateBool), (32 bytes).
    Removing cjson.o(i.cJSON_CreateDoubleArray), (98 bytes).
    Removing cjson.o(i.cJSON_CreateFalse), (24 bytes).
    Removing cjson.o(i.cJSON_CreateFloatArray), (98 bytes).
    Removing cjson.o(i.cJSON_CreateIntArray), (98 bytes).
    Removing cjson.o(i.cJSON_CreateNull), (24 bytes).
    Removing cjson.o(i.cJSON_CreateNumber), (96 bytes).
    Removing cjson.o(i.cJSON_CreateObject), (24 bytes).
    Removing cjson.o(i.cJSON_CreateObjectReference), (28 bytes).
    Removing cjson.o(i.cJSON_CreateRaw), (48 bytes).
    Removing cjson.o(i.cJSON_CreateString), (48 bytes).
    Removing cjson.o(i.cJSON_CreateStringArray), (94 bytes).
    Removing cjson.o(i.cJSON_CreateStringReference), (28 bytes).
    Removing cjson.o(i.cJSON_CreateTrue), (24 bytes).
    Removing cjson.o(i.cJSON_Delete), (72 bytes).
    Removing cjson.o(i.cJSON_DeleteItemFromArray), (14 bytes).
    Removing cjson.o(i.cJSON_DeleteItemFromObject), (14 bytes).
    Removing cjson.o(i.cJSON_DeleteItemFromObjectCaseSensitive), (14 bytes).
    Removing cjson.o(i.cJSON_DetachItemFromArray), (28 bytes).
    Removing cjson.o(i.cJSON_DetachItemFromObject), (20 bytes).
    Removing cjson.o(i.cJSON_DetachItemFromObjectCaseSensitive), (20 bytes).
    Removing cjson.o(i.cJSON_DetachItemViaPointer), (58 bytes).
    Removing cjson.o(i.cJSON_Duplicate), (152 bytes).
    Removing cjson.o(i.cJSON_GetArrayItem), (12 bytes).
    Removing cjson.o(i.cJSON_GetArraySize), (26 bytes).
    Removing cjson.o(i.cJSON_GetErrorPtr), (16 bytes).
    Removing cjson.o(i.cJSON_GetNumberValue), (28 bytes).
    Removing cjson.o(i.cJSON_GetObjectItem), (6 bytes).
    Removing cjson.o(i.cJSON_GetObjectItemCaseSensitive), (6 bytes).
    Removing cjson.o(i.cJSON_GetStringValue), (16 bytes).
    Removing cjson.o(i.cJSON_HasObjectItem), (14 bytes).
    Removing cjson.o(i.cJSON_InitHooks), (72 bytes).
    Removing cjson.o(i.cJSON_InsertItemInArray), (58 bytes).
    Removing cjson.o(i.cJSON_IsArray), (18 bytes).
    Removing cjson.o(i.cJSON_IsBool), (14 bytes).
    Removing cjson.o(i.cJSON_IsFalse), (14 bytes).
    Removing cjson.o(i.cJSON_IsInvalid), (20 bytes).
    Removing cjson.o(i.cJSON_IsNull), (18 bytes).
    Removing cjson.o(i.cJSON_IsNumber), (18 bytes).
    Removing cjson.o(i.cJSON_IsObject), (18 bytes).
    Removing cjson.o(i.cJSON_IsRaw), (18 bytes).
    Removing cjson.o(i.cJSON_IsString), (18 bytes).
    Removing cjson.o(i.cJSON_IsTrue), (18 bytes).
    Removing cjson.o(i.cJSON_Minify), (150 bytes).
    Removing cjson.o(i.cJSON_New_Item), (22 bytes).
    Removing cjson.o(i.cJSON_Parse), (8 bytes).
    Removing cjson.o(i.cJSON_ParseWithLength), (8 bytes).
    Removing cjson.o(i.cJSON_ParseWithLengthOpts), (220 bytes).
    Removing cjson.o(i.cJSON_ParseWithOpts), (34 bytes).
    Removing cjson.o(i.cJSON_Print), (12 bytes).
    Removing cjson.o(i.cJSON_PrintBuffered), (88 bytes).
    Removing cjson.o(i.cJSON_PrintPreallocated), (72 bytes).
    Removing cjson.o(i.cJSON_PrintUnformatted), (12 bytes).
    Removing cjson.o(i.cJSON_ReplaceItemInArray), (32 bytes).
    Removing cjson.o(i.cJSON_ReplaceItemInObject), (6 bytes).
    Removing cjson.o(i.cJSON_ReplaceItemInObjectCaseSensitive), (6 bytes).
    Removing cjson.o(i.cJSON_ReplaceItemViaPointer), (78 bytes).
    Removing cjson.o(i.cJSON_SetNumberHelper), (80 bytes).
    Removing cjson.o(i.cJSON_SetValuestring), (80 bytes).
    Removing cjson.o(i.cJSON_Version), (40 bytes).
    Removing cjson.o(i.cJSON_free), (12 bytes).
    Removing cjson.o(i.cJSON_malloc), (12 bytes).
    Removing cjson.o(i.cJSON_strdup), (40 bytes).
    Removing cjson.o(i.compare_double), (88 bytes).
    Removing cjson.o(i.create_reference), (48 bytes).
    Removing cjson.o(i.ensure), (138 bytes).
    Removing cjson.o(i.get_array_item), (22 bytes).
    Removing cjson.o(i.get_object_item), (122 bytes).
    Removing cjson.o(i.minify_string), (92 bytes).
    Removing cjson.o(i.parse_array), (208 bytes).
    Removing cjson.o(i.parse_hex4), (64 bytes).
    Removing cjson.o(i.parse_number), (240 bytes).
    Removing cjson.o(i.parse_object), (266 bytes).
    Removing cjson.o(i.parse_string), (268 bytes).
    Removing cjson.o(i.parse_value), (252 bytes).
    Removing cjson.o(i.print), (152 bytes).
    Removing cjson.o(i.print_array), (150 bytes).
    Removing cjson.o(i.print_number), (240 bytes).
    Removing cjson.o(i.print_object), (320 bytes).
    Removing cjson.o(i.print_string_ptr), (272 bytes).
    Removing cjson.o(i.print_value), (208 bytes).
    Removing cjson.o(i.replace_item_in_object), (84 bytes).
    Removing cjson.o(i.update_offset), (28 bytes).
    Removing cjson.o(i.utf16_literal_to_utf8), (210 bytes).
    Removing cjson.o(.bss), (15 bytes).
    Removing cjson.o(.data), (20 bytes).
    Removing adc2.o(.rev16_text), (4 bytes).
    Removing adc2.o(.revsh_text), (4 bytes).
    Removing adc2.o(.rrx_text), (6 bytes).
    Removing adc2.o(i.ADC_Get_Battery_Voltage), (88 bytes).
    Removing adc2.o(.data), (4 bytes).
    Removing ir_sensor.o(.rev16_text), (4 bytes).
    Removing ir_sensor.o(.revsh_text), (4 bytes).
    Removing ir_sensor.o(.rrx_text), (6 bytes).
    Removing ir_sensor.o(i.Ir_Tracking), (300 bytes).
    Removing ir_sensor.o(.data), (4 bytes).
    Removing hc_sr04.o(.rev16_text), (4 bytes).
    Removing hc_sr04.o(.revsh_text), (4 bytes).
    Removing hc_sr04.o(.rrx_text), (6 bytes).
    Removing hc_sr04.o(i.HC_SR04_Elude), (128 bytes).
    Removing hc_sr04.o(i.HC_SR04_Read_Distance), (176 bytes).
    Removing hc_sr04.o(.data), (8 bytes).
    Removing oled.o(.rev16_text), (4 bytes).
    Removing oled.o(.revsh_text), (4 bytes).
    Removing oled.o(.rrx_text), (6 bytes).
    Removing oled.o(i.Delay_1ms), (18 bytes).
    Removing oled.o(i.Delay_50ms), (20 bytes).
    Removing oled.o(i.OLED_Display_Off), (30 bytes).
    Removing oled.o(i.OLED_Display_On), (30 bytes).
    Removing oled.o(i.OLED_DrawBMP), (64 bytes).
    Removing oled.o(i.OLED_On), (58 bytes).
    Removing oled.o(i.OLED_Set_Pos), (42 bytes).
    Removing oled.o(i.OLED_ShowCHinese), (80 bytes).
    Removing oled.o(i.OLED_ShowChar), (136 bytes).
    Removing oled.o(i.OLED_ShowNum), (106 bytes).
    Removing oled.o(i.OLED_ShowString), (54 bytes).
    Removing oled.o(i.fill_picture), (60 bytes).
    Removing oled.o(i.oled_pow), (16 bytes).
    Removing oled.o(.constdata), (2072 bytes).
    Removing oled.o(.data), (448 bytes).
    Removing fscalb.o(.text), (24 bytes).
    Removing ffltui.o(.text), (10 bytes).
    Removing dflti.o(.text), (34 bytes).
    Removing dfltui.o(.text), (26 bytes).
    Removing dfixi.o(.text), (62 bytes).
    Removing cdcmple.o(.text), (48 bytes).
    Removing dfltul.o(.text), (24 bytes).

599 unused section(s) (total 61930 bytes) removed from the image.
