C51 COMPILER V9.60.7.0   TIME                                                              11/11/2023 13:00:54 PAGE 1   


C51 COMPILER V9.60.7.0, COMPILATION OF MODULE TIME
OBJECT MODULE PLACED IN .\Objects\time.obj
COMPILER INVOKED BY: E:\keil1\C51\BIN\C51.EXE USER\time\time.c OPTIMIZE(8,SPEED) BROWSE INCDIR(.\USER;.\USER;.\USER\iic;
                    -.\USER\EEPROM;.\USER\time;.\USER\DS18B20;.\USER\DS1302;.\USER\ired) DEBUG OBJECTEXTEND PRINT(.\Listings\time.lst) TABS(2
                    -) OBJECT(.\Objects\time.obj)

line level    source

   1          #include "AllHead.h"
   2          
   3          /* -------------------------------- begin  ------------------------------ */
   4          /**
   5            * @函数名:  Time0_Init
   6            * @功能 : 定时器0中断配置函数，通过设置 TH 和 TL 即可确定定时时间(使用工具可确定TH 与TL的值)
   7            * @返回值: 无                                                   晶振频率为11.0592
   8           **/
   9          /* -------------------------------- end -------------------------------- */
  10          /*void Time0_Init(void)
  11          {
  12            TMOD |= 0x01; //选择为定时器0模式，工作方式1(为了不干扰T1定时器所以用|);如果是定时器1则把0x01改成0x10
  13            TH0 = 0xFC; //给定时器赋初值，定时1ms;如果是定时器1则把TH0改成TH1
  14            TL0 = 0X66; //如果是定时器1则把TL0改成TL1
  15            ET0 = 1;    //打开定时器0中断允许
  16            EA = 1;     //打开总中断
  17            TR0 = 1;    //打开定时器
  18          }*/
  19          
  20          
  21          /* -------------------------------- begin  ------------------------------ */
  22          /**
  23            * @功能 : 定时器0中断服务函数
  24           **/
  25          /* -------------------------------- end -------------------------------- */
  26            
  27          /*void Time0() interrupt 1 //定时器0中断号为1
  28          {
  29          
  30            static u16 count = 0; //定义静态变量count
  31            TH0 = 0xFC;           //给定时器赋初值，定时1ms
  32            TL0 = 0X66;
  33            count++;
  34            if(count == 500)     //1000ms=1s
  35            {
  36              count = 0;          //溢出然后重新赋0
  37              LED1 = !LED1;
  38          
  39            }
  40          }*/


MODULE INFORMATION:   STATIC OVERLAYABLE
   CODE SIZE        =   ----    ----
   CONSTANT SIZE    =   ----    ----
   XDATA SIZE       =   ----    ----
   PDATA SIZE       =   ----    ----
   DATA SIZE        =   ----    ----
   IDATA SIZE       =   ----    ----
   BIT SIZE         =   ----    ----
END OF MODULE INFORMATION.


C51 COMPILATION COMPLETE.  0 WARNING(S),  0 ERROR(S)
