Component: Arm Compiler for Embedded 6.18 Tool: armlink [5e4cc100]

==============================================================================

Section Cross References

    startup_stm32f103xb.o(RESET) refers to startup_stm32f103xb.o(STACK) for __initial_sp
    startup_stm32f103xb.o(RESET) refers to startup_stm32f103xb.o(.text) for Reset_Handler
    startup_stm32f103xb.o(RESET) refers to stm32f1xx_it.o(.text.NMI_Handler) for NMI_Handler
    startup_stm32f103xb.o(RESET) refers to stm32f1xx_it.o(.text.HardFault_Handler) for HardFault_Handler
    startup_stm32f103xb.o(RESET) refers to stm32f1xx_it.o(.text.MemManage_Handler) for MemManage_Handler
    startup_stm32f103xb.o(RESET) refers to stm32f1xx_it.o(.text.BusFault_Handler) for BusFault_Handler
    startup_stm32f103xb.o(RESET) refers to stm32f1xx_it.o(.text.UsageFault_Handler) for UsageFault_Handler
    startup_stm32f103xb.o(RESET) refers to stm32f1xx_it.o(.text.SVC_Handler) for SVC_Handler
    startup_stm32f103xb.o(RESET) refers to stm32f1xx_it.o(.text.DebugMon_Handler) for DebugMon_Handler
    startup_stm32f103xb.o(RESET) refers to stm32f1xx_it.o(.text.PendSV_Handler) for PendSV_Handler
    startup_stm32f103xb.o(RESET) refers to callback.o(.text.SysTick_Handler) for SysTick_Handler
    startup_stm32f103xb.o(RESET) refers to stm32f1xx_it.o(.text.DMA1_Channel1_IRQHandler) for DMA1_Channel1_IRQHandler
    startup_stm32f103xb.o(RESET) refers to stm32f1xx_it.o(.text.DMA1_Channel3_IRQHandler) for DMA1_Channel3_IRQHandler
    startup_stm32f103xb.o(RESET) refers to stm32f1xx_it.o(.text.DMA1_Channel5_IRQHandler) for DMA1_Channel5_IRQHandler
    startup_stm32f103xb.o(RESET) refers to stm32f1xx_it.o(.text.DMA1_Channel6_IRQHandler) for DMA1_Channel6_IRQHandler
    startup_stm32f103xb.o(RESET) refers to stm32f1xx_it.o(.text.TIM1_UP_IRQHandler) for TIM1_UP_IRQHandler
    startup_stm32f103xb.o(RESET) refers to callback.o(.text.USART1_IRQHandler) for USART1_IRQHandler
    startup_stm32f103xb.o(RESET) refers to callback.o(.text.USART2_IRQHandler) for USART2_IRQHandler
    startup_stm32f103xb.o(RESET) refers to callback.o(.text.USART3_IRQHandler) for USART3_IRQHandler
    startup_stm32f103xb.o(.text) refers to system_stm32f1xx.o(.text.SystemInit) for SystemInit
    startup_stm32f103xb.o(.text) refers to entry.o(.ARM.Collect$$$$00000000) for __main
    main.o(.text.main) refers to stm32f1xx_hal.o(.text.HAL_Init) for HAL_Init
    main.o(.text.main) refers to main.o(.text.SystemClock_Config) for SystemClock_Config
    main.o(.text.main) refers to gpio.o(.text.MX_GPIO_Init) for MX_GPIO_Init
    main.o(.text.main) refers to dma.o(.text.MX_DMA_Init) for MX_DMA_Init
    main.o(.text.main) refers to usart.o(.text.MX_USART1_UART_Init) for MX_USART1_UART_Init
    main.o(.text.main) refers to tim.o(.text.MX_TIM1_Init) for MX_TIM1_Init
    main.o(.text.main) refers to tim.o(.text.MX_TIM2_Init) for MX_TIM2_Init
    main.o(.text.main) refers to tim.o(.text.MX_TIM4_Init) for MX_TIM4_Init
    main.o(.text.main) refers to usart.o(.text.MX_USART3_UART_Init) for MX_USART3_UART_Init
    main.o(.text.main) refers to adc.o(.text.MX_ADC1_Init) for MX_ADC1_Init
    main.o(.text.main) refers to usart.o(.text.MX_USART2_UART_Init) for MX_USART2_UART_Init
    main.o(.text.main) refers to system_init.o(.data.System_Init) for System_Init
    main.o(.text.main) refers to system.o(.data.System) for System
    main.o(.ARM.exidx.text.main) refers to main.o(.text.main) for [Anonymous Symbol]
    main.o(.text.SystemClock_Config) refers to memseta.o(.text) for __aeabi_memclr4
    main.o(.text.SystemClock_Config) refers to stm32f1xx_hal_rcc.o(.text.HAL_RCC_OscConfig) for HAL_RCC_OscConfig
    main.o(.text.SystemClock_Config) refers to main.o(.text.Error_Handler) for Error_Handler
    main.o(.text.SystemClock_Config) refers to stm32f1xx_hal_rcc.o(.text.HAL_RCC_ClockConfig) for HAL_RCC_ClockConfig
    main.o(.text.SystemClock_Config) refers to stm32f1xx_hal_rcc_ex.o(.text.HAL_RCCEx_PeriphCLKConfig) for HAL_RCCEx_PeriphCLKConfig
    main.o(.ARM.exidx.text.SystemClock_Config) refers to main.o(.text.SystemClock_Config) for [Anonymous Symbol]
    main.o(.ARM.exidx.text.Error_Handler) refers to main.o(.text.Error_Handler) for [Anonymous Symbol]
    gpio.o(.text.MX_GPIO_Init) refers to stm32f1xx_hal_gpio.o(.text.HAL_GPIO_WritePin) for HAL_GPIO_WritePin
    gpio.o(.text.MX_GPIO_Init) refers to stm32f1xx_hal_gpio.o(.text.HAL_GPIO_Init) for HAL_GPIO_Init
    gpio.o(.ARM.exidx.text.MX_GPIO_Init) refers to gpio.o(.text.MX_GPIO_Init) for [Anonymous Symbol]
    adc.o(.text.MX_ADC1_Init) refers to adc.o(.bss.hadc1) for hadc1
    adc.o(.text.MX_ADC1_Init) refers to stm32f1xx_hal_adc.o(.text.HAL_ADC_Init) for HAL_ADC_Init
    adc.o(.text.MX_ADC1_Init) refers to main.o(.text.Error_Handler) for Error_Handler
    adc.o(.text.MX_ADC1_Init) refers to stm32f1xx_hal_adc.o(.text.HAL_ADC_ConfigChannel) for HAL_ADC_ConfigChannel
    adc.o(.ARM.exidx.text.MX_ADC1_Init) refers to adc.o(.text.MX_ADC1_Init) for [Anonymous Symbol]
[...]
    bsp_ADC_Init                             0x08009545   Thumb Code    40  bsp_adc.o(.text.bsp_ADC_Init)
    [Anonymous Symbol]                       0x08009544   Section        0  bsp_adc.o(.text.bsp_ADC_Init)
    [Anonymous Symbol]                       0x0800956c   Section        0  public.o(.text.fputc)
    [Anonymous Symbol]                       0x08009590   Section        0  main.o(.text.main)
    i.__0printf                              0x080095e0   Section        0  printfa.o(i.__0printf)
    i.__0sprintf                             0x08009600   Section        0  printfa.o(i.__0sprintf)
    i.__scatterload_copy                     0x08009628   Section       14  handlers.o(i.__scatterload_copy)
    i.__scatterload_null                     0x08009636   Section        2  handlers.o(i.__scatterload_null)
    i.__scatterload_zeroinit                 0x08009638   Section       14  handlers.o(i.__scatterload_zeroinit)
    _fp_digits                               0x08009649   Thumb Code   366  printfa.o(i._fp_digits)
    i._fp_digits                             0x08009648   Section        0  printfa.o(i._fp_digits)
    i._is_digit                              0x080097cc   Section        0  scanf_fp.o(i._is_digit)
    _printf_core                             0x080097dd   Thumb Code  1744  printfa.o(i._printf_core)
    i._printf_core                           0x080097dc   Section        0  printfa.o(i._printf_core)
    _printf_post_padding                     0x08009eb9   Thumb Code    36  printfa.o(i._printf_post_padding)
    i._printf_post_padding                   0x08009eb8   Section        0  printfa.o(i._printf_post_padding)
    _printf_pre_padding                      0x08009edd   Thumb Code    46  printfa.o(i._printf_pre_padding)
    i._printf_pre_padding                    0x08009edc   Section        0  printfa.o(i._printf_pre_padding)
    _sputc                                   0x08009f0b   Thumb Code    10  printfa.o(i._sputc)
    i._sputc                                 0x08009f0a   Section        0  printfa.o(i._sputc)
    .constdata                               0x08009f14   Section       64  ctype_c.o(.constdata)
    HAL_RCCEx_GetPeriphCLKFreq.aPLLMULFactorTable 0x0800a038   Data          16  stm32f1xx_hal_rcc_ex.o(.rodata.HAL_RCCEx_GetPeriphCLKFreq.aPLLMULFactorTable)
    [Anonymous Symbol]                       0x0800a038   Section        0  stm32f1xx_hal_rcc_ex.o(.rodata.HAL_RCCEx_GetPeriphCLKFreq.aPLLMULFactorTable)
    HAL_RCCEx_GetPeriphCLKFreq.aPredivFactorTable 0x0800a048   Data           2  stm32f1xx_hal_rcc_ex.o(.rodata.HAL_RCCEx_GetPeriphCLKFreq.aPredivFactorTable)
    [Anonymous Symbol]                       0x0800a048   Section        0  stm32f1xx_hal_rcc_ex.o(.rodata.HAL_RCCEx_GetPeriphCLKFreq.aPredivFactorTable)
    HAL_RCC_GetSysClockFreq.aPLLMULFactorTable 0x0800a04a   Data          16  stm32f1xx_hal_rcc.o(.rodata.HAL_RCC_GetSysClockFreq.aPLLMULFactorTable)
    [Anonymous Symbol]                       0x0800a04a   Section        0  stm32f1xx_hal_rcc.o(.rodata.HAL_RCC_GetSysClockFreq.aPLLMULFactorTable)
    HAL_RCC_GetSysClockFreq.aPredivFactorTable 0x0800a05a   Data           2  stm32f1xx_hal_rcc.o(.rodata.HAL_RCC_GetSysClockFreq.aPredivFactorTable)
    [Anonymous Symbol]                       0x0800a05a   Section        0  stm32f1xx_hal_rcc.o(.rodata.HAL_RCC_GetSysClockFreq.aPredivFactorTable)
    .L.str.14                                0x0800a05c   Data          14  menu.o(.rodata.str1.1)
    [Anonymous Symbol]                       0x0800a05c   Section        0  menu.o(.rodata.str1.1)
    .L.str.9                                 0x0800a06a   Data          13  menu.o(.rodata.str1.1)
    .L.str.12                                0x0800a077   Data          14  menu.o(.rodata.str1.1)
    .L.str.7                                 0x0800a085   Data          12  menu.o(.rodata.str1.1)
    .L.str.2                                 0x0800a091   Data          14  menu.o(.rodata.str1.1)
    .L.str                                   0x0800a09f   Data          13  menu.o(.rodata.str1.1)
    .L.str.6                                 0x0800a0ac   Data          16  menu.o(.rodata.str1.1)
    .L.str.3                                 0x0800a0bc   Data          16  menu.o(.rodata.str1.1)
    .L.str.1                                 0x0800a0cc   Data          11  menu.o(.rodata.str1.1)
    .L.str.8                                 0x0800a0d7   Data          15  menu.o(.rodata.str1.1)
    .L.str.11                                0x0800a0e6   Data          19  menu.o(.rodata.str1.1)
    .L.str.4                                 0x0800a0f9   Data          13  menu.o(.rodata.str1.1)
    .L.str.5                                 0x0800a106   Data          13  menu.o(.rodata.str1.1)
    .L.str.10                                0x0800a113   Data          17  menu.o(.rodata.str1.1)
    .L.str.13                                0x0800a124   Data          16  menu.o(.rodata.str1.1)
    .L.str.17                                0x0800a134   Data           9  menu.o(.rodata.str1.1)
    .L.str.16                                0x0800a13d   Data           9  menu.o(.rodata.str1.1)
    .L.str.15                                0x0800a146   Data           9  menu.o(.rodata.str1.1)
    .L.str.4                                 0x0800a14f   Data           9  bsp_uart3.o(.rodata.str1.1)
    [Anonymous Symbol]                       0x0800a14f   Section        0  bsp_uart3.o(.rodata.str1.1)
    .L.str.3                                 0x0800a158   Data           9  bsp_uart3.o(.rodata.str1.1)
    .L.str.2                                 0x0800a161   Data           9  bsp_uart3.o(.rodata.str1.1)
    .L.str                                   0x0800a16a   Data          16  bsp_uart3.o(.rodata.str1.1)
    .L.str.1                                 0x0800a17a   Data          16  bsp_uart3.o(.rodata.str1.1)
    .L.str.15                                0x0800a18a   Data          13  bsp_uart3.o(.rodata.str1.1)
    .L.str.17                                0x0800a197   Data          13  bsp_uart3.o(.rodata.str1.1)
    .L.str.14                                0x0800a1a4   Data          18  bsp_uart3.o(.rodata.str1.1)
    .L.str.5                                 0x0800a1b6   Data          16  bsp_uart3.o(.rodata.str1.1)
    .L.str.8                                 0x0800a1c6   Data          11  bsp_uart3.o(.rodata.str1.1)
    .L.str.6                                 0x0800a1d1   Data          12  bsp_uart3.o(.rodata.str1.1)
    .L.str.7                                 0x0800a1dd   Data           9  bsp_uart3.o(.rodata.str1.1)
    .L.str.16                                0x0800a1e6   Data          11  bsp_uart3.o(.rodata.str1.1)
    .L.str.13                                0x0800a1f1   Data          11  bsp_uart3.o(.rodata.str1.1)
    .L.str.11                                0x0800a1fc   Data          19  bsp_uart3.o(.rodata.str1.1)
    .L.str.9                                 0x0800a20f   Data          11  bsp_uart3.o(.rodata.str1.1)
    .L.str.12                                0x0800a21a   Data          20  bsp_uart3.o(.rodata.str1.1)
    .L.str.10                                0x0800a22e   Data          12  bsp_uart3.o(.rodata.str1.1)
    .L.str                                   0x0800a23a   Data           3  public.o(.rodata.str1.1)
    [Anonymous Symbol]                       0x0800a23a   Section        0  public.o(.rodata.str1.1)
    .L.str                                   0x0800a23d   Data           7  system_init.o(.rodata.str1.1)
    [Anonymous Symbol]                       0x0800a23d   Section        0  system_init.o(.rodata.str1.1)
    .L.str                                   0x0800a244   Data          17  task.o(.rodata.str1.1)
    [Anonymous Symbol]                       0x0800a244   Section        0  task.o(.rodata.str1.1)
    .L.str.2                                 0x0800a255   Data          22  task.o(.rodata.str1.1)
    .L.str.1                                 0x0800a26b   Data          22  task.o(.rodata.str1.1)
    .data                                    0x20000000   Section        4  stdout.o(.data)
    Bsp_UART3_Analyze.Relay_Flag_1           0x200001d8   Data           1  bsp_uart3.o(.bss.Bsp_UART3_Analyze.Relay_Flag_1)
    [Anonymous Symbol]                       0x200001d8   Section        0  bsp_uart3.o(.bss.Bsp_UART3_Analyze.Relay_Flag_1)
    Bsp_UART3_Analyze.Relay_Flag_2           0x200001d9   Data           1  bsp_uart3.o(.bss.Bsp_UART3_Analyze.Relay_Flag_2)
    [Anonymous Symbol]                       0x200001d9   Section        0  bsp_uart3.o(.bss.Bsp_UART3_Analyze.Relay_Flag_2)
    Bsp_UART3_Analyze.Voice_Change_Flag      0x200001da   Data           1  bsp_uart3.o(.bss.Bsp_UART3_Analyze.Voice_Change_Flag)
    [Anonymous Symbol]                       0x200001da   Section        0  bsp_uart3.o(.bss.Bsp_UART3_Analyze.Voice_Change_Flag)
    HAL_TIM_PeriodElapsedCallback.Encoder_Cnt 0x200001db   Data           1  callback.o(.bss.HAL_TIM_PeriodElapsedCallback.Encoder_Cnt)
    [Anonymous Symbol]                       0x200001db   Section        0  callback.o(.bss.HAL_TIM_PeriodElapsedCallback.Encoder_Cnt)
    HAL_TIM_PeriodElapsedCallback.Key_Cnt    0x200001dc   Data           1  callback.o(.bss.HAL_TIM_PeriodElapsedCallback.Key_Cnt)
    [Anonymous Symbol]                       0x200001dc   Section        0  callback.o(.bss.HAL_TIM_PeriodElapsedCallback.Key_Cnt)
    HAL_TIM_PeriodElapsedCallback.Motor_Cnt  0x200001dd   Data           1  callback.o(.bss.HAL_TIM_PeriodElapsedCallback.Motor_Cnt)
    [Anonymous Symbol]                       0x200001dd   Section        0  callback.o(.bss.HAL_TIM_PeriodElapsedCallback.Motor_Cnt)
    KEY_Scan.Key_Long_Flag                   0x200001e8   Data           1  key.o(.bss.KEY_Scan.Key_Long_Flag)
    [Anonymous Symbol]                       0x200001e8   Section        0  key.o(.bss.KEY_Scan.Key_Long_Flag)
    KEY_Scan.Key_old                         0x200001e9   Data           1  key.o(.bss.KEY_Scan.Key_old)
    [Anonymous Symbol]                       0x200001e9   Section        0  key.o(.bss.KEY_Scan.Key_old)
    Key_down                                 0x200001ea   Data           1  key.o(.bss.Key_down)
    [Anonymous Symbol]                       0x200001ea   Section        0  key.o(.bss.Key_down)
    Key_up                                   0x200001eb   Data           1  key.o(.bss.Key_up)
    [Anonymous Symbol]                       0x200001eb   Section        0  key.o(.bss.Key_up)
    Key_value                                0x200001ec   Data           1  key.o(.bss.Key_value)
    [Anonymous Symbol]                       0x200001ec   Section        0  key.o(.bss.Key_value)
    SysTick_Handler.Key_Cnt                  0x2000026c   Data           1  callback.o(.bss.SysTick_Handler.Key_Cnt)
    [Anonymous Symbol]                       0x2000026c   Section        0  callback.o(.bss.SysTick_Handler.Key_Cnt)
    STACK                                    0x200006e0   Section     1024  startup_stm32f103xb.o(STACK)

    Global Symbols

    Symbol Name                              Value     Ov Type        Size  Object(Section)

    BuildAttributes$$THM_ISAv4$P$D$K$B$S$PE$A:L22UL41UL21$X:L11$S22US41US21$IEEE1$IW$~IW$USESV6$~STKCKD$USESV7$~SHL$OTIME$ROPI$EBA8$MICROLIB$REQ8$PRES8$EABIv2 0x00000000   Number         0  anon$$obj.o ABSOLUTE
    __cpp_initialize__aeabi_                  - Undefined Weak Reference
    __cxa_finalize                            - Undefined Weak Reference
    _clock_init                               - Undefined Weak Reference
    _microlib_exit                            - Undefined Weak Reference
    __Vectors_Size                           0x000000ec   Number         0  startup_stm32f103xb.o ABSOLUTE
    __Vectors                                0x08000000   Data           4  startup_stm32f103xb.o(RESET)
    __Vectors_End                            0x080000ec   Data           0  startup_stm32f103xb.o(RESET)
    __main                                   0x080000ed   Thumb Code     0  entry.o(.ARM.Collect$$$$00000000)
    _main_stk                                0x080000ed   Thumb Code     0  entry2.o(.ARM.Collect$$$$00000001)
    _main_scatterload                        0x080000f1   Thumb Code     0  entry5.o(.ARM.Collect$$$$00000004)
    __main_after_scatterload                 0x080000f5   Thumb Code     0  entry5.o(.ARM.Collect$$$$00000004)
    _main_clock                              0x080000f5   Thumb Code     0  entry7b.o(.ARM.Collect$$$$00000008)
    _main_cpp_init                           0x080000f5   Thumb Code     0  entry8b.o(.ARM.Collect$$$$0000000A)
    _main_init                               0x080000f5   Thumb Code     0  entry9a.o(.ARM.Collect$$$$0000000B)
    __rt_final_cpp                           0x080000fd   Thumb Code     0  entry10a.o(.ARM.Collect$$$$0000000D)
    __rt_final_exit                          0x080000fd   Thumb Code     0  entry11a.o(.ARM.Collect$$$$0000000F)
    Reset_Handler                            0x08000101   Thumb Code     8  startup_stm32f103xb.o(.text)
    ADC1_2_IRQHandler                        0x0800011b   Thumb Code     0  startup_stm32f103xb.o(.text)
    CAN1_RX1_IRQHandler                      0x0800011b   Thumb Code     0  startup_stm32f103xb.o(.text)
    CAN1_SCE_IRQHandler                      0x0800011b   Thumb Code     0  startup_stm32f103xb.o(.text)
    DMA1_Channel2_IRQHandler                 0x0800011b   Thumb Code     0  startup_stm32f103xb.o(.text)
    DMA1_Channel4_IRQHandler                 0x0800011b   Thumb Code     0  startup_stm32f103xb.o(.text)
    DMA1_Channel7_IRQHandler                 0x0800011b   Thumb Code     0  startup_stm32f103xb.o(.text)
    EXTI0_IRQHandler                         0x0800011b   Thumb Code     0  startup_stm32f103xb.o(.text)
    EXTI15_10_IRQHandler                     0x0800011b   Thumb Code     0  startup_stm32f103xb.o(.text)
    EXTI1_IRQHandler                         0x0800011b   Thumb Code     0  startup_stm32f103xb.o(.text)
    EXTI2_IRQHandler                         0x0800011b   Thumb Code     0  startup_stm32f103xb.o(.text)
    EXTI3_IRQHandler                         0x0800011b   Thumb Code     0  startup_stm32f103xb.o(.text)
    EXTI4_IRQHandler                         0x0800011b   Thumb Code     0  startup_stm32f103xb.o(.text)
    EXTI9_5_IRQHandler                       0x0800011b   Thumb Code     0  startup_stm32f103xb.o(.text)
    FLASH_IRQHandler                         0x0800011b   Thumb Code     0  startup_stm32f103xb.o(.text)
    I2C1_ER_IRQHandler                       0x0800011b   Thumb Code     0  startup_stm32f103xb.o(.text)
    I2C1_EV_IRQHandler                       0x0800011b   Thumb Code     0  startup_stm32f103xb.o(.text)
    I2C2_ER_IRQHandler                       0x0800011b   Thumb Code     0  startup_stm32f103xb.o(.text)
    I2C2_EV_IRQHandler                       0x0800011b   Thumb Code     0  startup_stm32f103xb.o(.text)
    PVD_IRQHandler                           0x0800011b   Thumb Code     0  startup_stm32f103xb.o(.text)
    RCC_IRQHandler                           0x0800011b   Thumb Code     0  startup_stm32f103xb.o(.text)
    RTC_Alarm_IRQHandler                     0x0800011b   Thumb Code     0  startup_stm32f103xb.o(.text)
    RTC_IRQHandler                           0x0800011b   Thumb Code     0  startup_stm32f103xb.o(.text)
    SPI1_IRQHandler                          0x0800011b   Thumb Code     0  startup_stm32f103xb.o(.text)
    SPI2_IRQHandler                          0x0800011b   Thumb Code     0  startup_stm32f103xb.o(.text)
    TAMPER_IRQHandler                        0x0800011b   Thumb Code     0  startup_stm32f103xb.o(.text)
    TIM1_BRK_IRQHandler                      0x0800011b   Thumb Code     0  startup_stm32f103xb.o(.text)
    TIM1_CC_IRQHandler                       0x0800011b   Thumb Code     0  startup_stm32f103xb.o(.text)
    TIM1_TRG_COM_IRQHandler                  0x0800011b   Thumb Code     0  startup_stm32f103xb.o(.text)
    TIM2_IRQHandler                          0x0800011b   Thumb Code     0  startup_stm32f103xb.o(.text)
    TIM3_IRQHandler                          0x0800011b   Thumb Code     0  startup_stm32f103xb.o(.text)
    TIM4_IRQHandler                          0x0800011b   Thumb Code     0  startup_stm32f103xb.o(.text)
    USBWakeUp_IRQHandler                     0x0800011b   Thumb Code     0  startup_stm32f103xb.o(.text)
    USB_HP_CAN1_TX_IRQHandler                0x0800011b   Thumb Code     0  startup_stm32f103xb.o(.text)
    USB_LP_CAN1_RX0_IRQHandler               0x0800011b   Thumb Code     0  startup_stm32f103xb.o(.text)
    WWDG_IRQHandler                          0x0800011b   Thumb Code     0  startup_stm32f103xb.o(.text)
    __aeabi_memset                           0x08000125   Thumb Code    14  memseta.o(.text)
    __aeabi_memset4                          0x08000125   Thumb Code     0  memseta.o(.text)
    __aeabi_memset8                          0x08000125   Thumb Code     0  memseta.o(.text)
    __aeabi_memclr                           0x08000133   Thumb Code     4  memseta.o(.text)
    __aeabi_memclr4                          0x08000133   Thumb Code     0  memseta.o(.text)
    __aeabi_memclr8                          0x08000133   Thumb Code     0  memseta.o(.text)
    _memset$wrapper                          0x08000137   Thumb Code    18  memseta.o(.text)
    strchr                                   0x08000149   Thumb Code    20  strchr.o(.text)
    strlen                                   0x0800015d   Thumb Code    14  strlen.o(.text)
    strncmp                                  0x0800016b   Thumb Code    30  strncmp.o(.text)
    sscanf                                   0x08000189   Thumb Code    48  sscanf.o(.text)
    __aeabi_fadd                             0x080001c1   Thumb Code   164  fadd.o(.text)
    __aeabi_fsub                             0x08000265   Thumb Code     6  fadd.o(.text)
    __aeabi_frsub                            0x0800026b   Thumb Code     6  fadd.o(.text)
    __aeabi_fmul                             0x08000271   Thumb Code   100  fmul.o(.text)
    __aeabi_fdiv                             0x080002d5   Thumb Code   124  fdiv.o(.text)
    __aeabi_dadd                             0x08000351   Thumb Code   322  dadd.o(.text)
    __aeabi_dsub                             0x08000493   Thumb Code     6  dadd.o(.text)
    __aeabi_drsub                            0x08000499   Thumb Code     6  dadd.o(.text)
    __aeabi_dmul                             0x0800049f   Thumb Code   228  dmul.o(.text)
    __aeabi_ddiv                             0x08000583   Thumb Code   222  ddiv.o(.text)
    __aeabi_fcmple                           0x08000661   Thumb Code    28  fcmple.o(.text)
    __aeabi_fcmpge                           0x0800067d   Thumb Code    28  fcmpge.o(.text)
    __aeabi_i2f                              0x08000699   Thumb Code    18  fflti.o(.text)
    __aeabi_i2d                              0x080006ab   Thumb Code    34  dflti.o(.text)
    __aeabi_f2iz                             0x080006cd   Thumb Code    50  ffixi.o(.text)
    __aeabi_f2d                              0x080006ff   Thumb Code    38  f2d.o(.text)
    __aeabi_d2f                              0x08000725   Thumb Code    56  d2f.o(.text)
    __aeabi_uidiv                            0x0800075d   Thumb Code     0  uidiv.o(.text)
    __aeabi_uidivmod                         0x0800075d   Thumb Code    44  uidiv.o(.text)
    __aeabi_uldivmod                         0x08000789   Thumb Code    98  uldiv.o(.text)
    __aeabi_llsl                             0x080007eb   Thumb Code    30  llshl.o(.text)
    _ll_shift_l                              0x080007eb   Thumb Code     0  llshl.o(.text)
    __aeabi_lasr                             0x08000809   Thumb Code    36  llsshr.o(.text)
    _ll_sshift_r                             0x08000809   Thumb Code     0  llsshr.o(.text)
    _scanf_longlong                          0x0800082d   Thumb Code   342  _scanf_longlong.o(.text)
    _scanf_int                               0x08000983   Thumb Code   332  _scanf_int.o(.text)
    _scanf_string                            0x08000acf   Thumb Code   224  _scanf_str.o(.text)
    _scanf_real                              0x08000cd9   Thumb Code     0  scanf_fp.o(.text)
    _scanf_really_real                       0x08000cd9   Thumb Code   556  scanf_fp.o(.text)
    __vfscanf_char                           0x08000f1d   Thumb Code    20  scanf_char.o(.text)
    _sgetc                                   0x08000f39   Thumb Code    30  _sgetc.o(.text)
    _sbackspace                              0x08000f57   Thumb Code    34  _sgetc.o(.text)
    __I$use$fp                               0x08000f79   Thumb Code     0  iusefp.o(.text)
    _float_round                             0x08000f79   Thumb Code    18  fepilogue.o(.text)
    _float_epilogue                          0x08000f8b   Thumb Code    92  fepilogue.o(.text)
    _double_round                            0x08000fe7   Thumb Code    30  depilogue.o(.text)
    _double_epilogue                         0x08001005   Thumb Code   156  depilogue.o(.text)
    __aeabi_d2ulz                            0x080010a1   Thumb Code    48  dfixul.o(.text)
    __aeabi_cdrcmple                         0x080010d1   Thumb Code    48  cdrcmple.o(.text)
    __scatterload                            0x08001101   Thumb Code    28  init.o(.text)
    __scatterload_rt2                        0x08001101   Thumb Code     0  init.o(.text)
    __aeabi_llsr                             0x08001125   Thumb Code    32  llushr.o(.text)
    _ll_ushift_r                             0x08001125   Thumb Code     0  llushr.o(.text)
    isspace                                  0x08001145   Thumb Code    10  isspace_c.o(.text)
    _chval                                   0x0800114f   Thumb Code    28  _chval.o(.text)
    __vfscanf                                0x0800116d   Thumb Code   808  _scanf.o(.text)
    __aeabi_ul2d                             0x08001499   Thumb Code    24  dfltul.o(.text)
    __ctype_lookup                           0x080014b1   Thumb Code    34  ctype_c.o(.text)
    __decompress                             0x080014d9   Thumb Code     0  __dczerorl2.o(.text)
    __decompress1                            0x080014d9   Thumb Code    86  __dczerorl2.o(.text)
    ADC_ConversionStop_Disable               0x08001531   Thumb Code   130  stm32f1xx_hal_adc.o(.text.ADC_ConversionStop_Disable)
    ADC_DMAConvCplt                          0x080015b5   Thumb Code   120  stm32f1xx_hal_adc.o(.text.ADC_DMAConvCplt)
    ADC_DMAError                             0x0800162d   Thumb Code    42  stm32f1xx_hal_adc.o(.text.ADC_DMAError)
    ADC_DMAHalfConvCplt                      0x08001659   Thumb Code    22  stm32f1xx_hal_adc.o(.text.ADC_DMAHalfConvCplt)
    ADC_Enable                               0x08001671   Thumb Code   188  stm32f1xx_hal_adc.o(.text.ADC_Enable)
    BusFault_Handler                         0x08002381   Thumb Code     4  stm32f1xx_it.o(.text.BusFault_Handler)
    DMA1_Channel1_IRQHandler                 0x08002385   Thumb Code    16  stm32f1xx_it.o(.text.DMA1_Channel1_IRQHandler)
    DMA1_Channel3_IRQHandler                 0x08002395   Thumb Code    16  stm32f1xx_it.o(.text.DMA1_Channel3_IRQHandler)
    DMA1_Channel5_IRQHandler                 0x080023a5   Thumb Code    16  stm32f1xx_it.o(.text.DMA1_Channel5_IRQHandler)
    DMA1_Channel6_IRQHandler                 0x080023b5   Thumb Code    16  stm32f1xx_it.o(.text.DMA1_Channel6_IRQHandler)
    DebugMon_Handler                         0x08002415   Thumb Code     2  stm32f1xx_it.o(.text.DebugMon_Handler)
    Error_Handler                            0x08002579   Thumb Code    14  main.o(.text.Error_Handler)
    HAL_ADCEx_Calibration_Start              0x08002589   Thumb Code   394  stm32f1xx_hal_adc_ex.o(.text.HAL_ADCEx_Calibration_Start)
    HAL_ADC_ConfigChannel                    0x08002715   Thumb Code   436  stm32f1xx_hal_adc.o(.text.HAL_ADC_ConfigChannel)
    HAL_ADC_ConvCpltCallback                 0x080028c9   Thumb Code     8  stm32f1xx_hal_adc.o(.text.HAL_ADC_ConvCpltCallback)
    HAL_ADC_ConvHalfCpltCallback             0x080028d1   Thumb Code     8  stm32f1xx_hal_adc.o(.text.HAL_ADC_ConvHalfCpltCallback)
    HAL_ADC_ErrorCallback                    0x080028d9   Thumb Code     8  stm32f1xx_hal_adc.o(.text.HAL_ADC_ErrorCallback)
    HAL_ADC_Init                             0x080028e1   Thumb Code   530  stm32f1xx_hal_adc.o(.text.HAL_ADC_Init)
    HAL_ADC_MspInit                          0x08002af5   Thumb Code   202  adc.o(.text.HAL_ADC_MspInit)
    HAL_ADC_Start_DMA                        0x08002bc1   Thumb Code   550  stm32f1xx_hal_adc.o(.text.HAL_ADC_Start_DMA)
    HAL_DMA_Abort                            0x08002de9   Thumb Code   124  stm32f1xx_hal_dma.o(.text.HAL_DMA_Abort)
    HAL_DMA_Abort_IT                         0x08002e65   Thumb Code   284  stm32f1xx_hal_dma.o(.text.HAL_DMA_Abort_IT)
    HAL_DMA_IRQHandler                       0x08002f81   Thumb Code   646  stm32f1xx_hal_dma.o(.text.HAL_DMA_IRQHandler)
    HAL_DMA_Init                             0x08003209   Thumb Code   174  stm32f1xx_hal_dma.o(.text.HAL_DMA_Init)
    HAL_DMA_Start_IT                         0x080032b9   Thumb Code   202  stm32f1xx_hal_dma.o(.text.HAL_DMA_Start_IT)
    HAL_Delay                                0x08003385   Thumb Code    66  stm32f1xx_hal.o(.text.HAL_Delay)
    HAL_GPIO_Init                            0x080033c9   Thumb Code   798  stm32f1xx_hal_gpio.o(.text.HAL_GPIO_Init)
    HAL_GPIO_ReadPin                         0x080036e9   Thumb Code    46  stm32f1xx_hal_gpio.o(.text.HAL_GPIO_ReadPin)
    HAL_GPIO_TogglePin                       0x08003719   Thumb Code    38  stm32f1xx_hal_gpio.o(.text.HAL_GPIO_TogglePin)
    HAL_GPIO_WritePin                        0x08003741   Thumb Code    46  stm32f1xx_hal_gpio.o(.text.HAL_GPIO_WritePin)
    HAL_GetTick                              0x08003771   Thumb Code    12  stm32f1xx_hal.o(.text.HAL_GetTick)
    HAL_IncTick                              0x0800377d   Thumb Code    26  stm32f1xx_hal.o(.text.HAL_IncTick)
    HAL_Init                                 0x08003799   Thumb Code    38  stm32f1xx_hal.o(.text.HAL_Init)
    HAL_InitTick                             0x080037c1   Thumb Code   112  stm32f1xx_hal.o(.text.HAL_InitTick)
    HAL_MspInit                              0x08003831   Thumb Code   100  stm32f1xx_hal_msp.o(.text.HAL_MspInit)
    HAL_NVIC_EnableIRQ                       0x08003895   Thumb Code    20  stm32f1xx_hal_cortex.o(.text.HAL_NVIC_EnableIRQ)
    HAL_NVIC_SetPriority                     0x080038a9   Thumb Code    50  stm32f1xx_hal_cortex.o(.text.HAL_NVIC_SetPriority)
    HAL_NVIC_SetPriorityGrouping             0x080038dd   Thumb Code    16  stm32f1xx_hal_cortex.o(.text.HAL_NVIC_SetPriorityGrouping)
    HAL_RCCEx_GetPeriphCLKFreq               0x080038ed   Thumb Code   406  stm32f1xx_hal_rcc_ex.o(.text.HAL_RCCEx_GetPeriphCLKFreq)
    HAL_RCCEx_PeriphCLKConfig                0x08003a85   Thumb Code   456  stm32f1xx_hal_rcc_ex.o(.text.HAL_RCCEx_PeriphCLKConfig)
    HAL_RCC_ClockConfig                      0x08003c4d   Thumb Code   598  stm32f1xx_hal_rcc.o(.text.HAL_RCC_ClockConfig)
    HAL_RCC_GetHCLKFreq                      0x08003ea5   Thumb Code    12  stm32f1xx_hal_rcc.o(.text.HAL_RCC_GetHCLKFreq)
    HAL_RCC_GetPCLK1Freq                     0x08003eb1   Thumb Code    34  stm32f1xx_hal_rcc.o(.text.HAL_RCC_GetPCLK1Freq)
    HAL_RCC_GetPCLK2Freq                     0x08003ed5   Thumb Code    34  stm32f1xx_hal_rcc.o(.text.HAL_RCC_GetPCLK2Freq)
    HAL_RCC_GetSysClockFreq                  0x08003ef9   Thumb Code   188  stm32f1xx_hal_rcc.o(.text.HAL_RCC_GetSysClockFreq)
    HAL_RCC_OscConfig                        0x08003fb5   Thumb Code  1658  stm32f1xx_hal_rcc.o(.text.HAL_RCC_OscConfig)
    HAL_SYSTICK_Config                       0x08004631   Thumb Code    16  stm32f1xx_hal_cortex.o(.text.HAL_SYSTICK_Config)
    HAL_TIMEx_BreakCallback                  0x08004641   Thumb Code     8  stm32f1xx_hal_tim_ex.o(.text.HAL_TIMEx_BreakCallback)
    HAL_TIMEx_CommutCallback                 0x08004649   Thumb Code     8  stm32f1xx_hal_tim_ex.o(.text.HAL_TIMEx_CommutCallback)
    HAL_TIMEx_ConfigBreakDeadTime            0x08004651   Thumb Code   178  stm32f1xx_hal_tim_ex.o(.text.HAL_TIMEx_ConfigBreakDeadTime)
    HAL_TIMEx_MasterConfigSynchronization    0x08004705   Thumb Code   220  stm32f1xx_hal_tim_ex.o(.text.HAL_TIMEx_MasterConfigSynchronization)
    HAL_TIM_Base_Init                        0x080047e1   Thumb Code   156  stm32f1xx_hal_tim.o(.text.HAL_TIM_Base_Init)
    HAL_TIM_Base_MspInit                     0x0800487d   Thumb Code    78  tim.o(.text.HAL_TIM_Base_MspInit)
    HAL_TIM_Base_Start_IT                    0x080048cd   Thumb Code   176  stm32f1xx_hal_tim.o(.text.HAL_TIM_Base_Start_IT)
    HAL_TIM_ConfigClockSource                0x0800497d   Thumb Code   388  stm32f1xx_hal_tim.o(.text.HAL_TIM_ConfigClockSource)
    HAL_TIM_Encoder_Init                     0x08004b01   Thumb Code   296  stm32f1xx_hal_tim.o(.text.HAL_TIM_Encoder_Init)
    HAL_TIM_Encoder_MspInit                  0x08004c29   Thumb Code   228  tim.o(.text.HAL_TIM_Encoder_MspInit)
    HAL_TIM_Encoder_Start                    0x08004d0d   Thumb Code   334  stm32f1xx_hal_tim.o(.text.HAL_TIM_Encoder_Start)
    HAL_TIM_IC_CaptureCallback               0x08004e5d   Thumb Code     8  stm32f1xx_hal_tim.o(.text.HAL_TIM_IC_CaptureCallback)
    HAL_TIM_IRQHandler                       0x08004e65   Thumb Code   634  stm32f1xx_hal_tim.o(.text.HAL_TIM_IRQHandler)
    HAL_TIM_MspPostInit                      0x080050e1   Thumb Code    96  tim.o(.text.HAL_TIM_MspPostInit)
    HAL_TIM_OC_DelayElapsedCallback          0x08005141   Thumb Code     8  stm32f1xx_hal_tim.o(.text.HAL_TIM_OC_DelayElapsedCallback)
    HAL_TIM_PWM_ConfigChannel                0x08005149   Thumb Code   322  stm32f1xx_hal_tim.o(.text.HAL_TIM_PWM_ConfigChannel)
    HAL_TIM_PWM_Init                         0x0800528d   Thumb Code   156  stm32f1xx_hal_tim.o(.text.HAL_TIM_PWM_Init)
    HAL_TIM_PWM_MspInit                      0x08005329   Thumb Code     8  stm32f1xx_hal_tim.o(.text.HAL_TIM_PWM_MspInit)
    HAL_TIM_PWM_PulseFinishedCallback        0x08005331   Thumb Code     8  stm32f1xx_hal_tim.o(.text.HAL_TIM_PWM_PulseFinishedCallback)
    HAL_TIM_PWM_Start                        0x08005339   Thumb Code   352  stm32f1xx_hal_tim.o(.text.HAL_TIM_PWM_Start)
    HAL_TIM_PeriodElapsedCallback            0x08005499   Thumb Code   534  callback.o(.text.HAL_TIM_PeriodElapsedCallback)
    HAL_TIM_TriggerCallback                  0x080056b1   Thumb Code     8  stm32f1xx_hal_tim.o(.text.HAL_TIM_TriggerCallback)
    HAL_UARTEx_RxEventCallback               0x080056b9   Thumb Code    12  stm32f1xx_hal_uart.o(.text.HAL_UARTEx_RxEventCallback)
    HAL_UART_DMAStop                         0x080056c5   Thumb Code   204  stm32f1xx_hal_uart.o(.text.HAL_UART_DMAStop)
    HAL_UART_ErrorCallback                   0x08005791   Thumb Code     8  stm32f1xx_hal_uart.o(.text.HAL_UART_ErrorCallback)
    HAL_UART_IRQHandler                      0x08005799   Thumb Code  1066  stm32f1xx_hal_uart.o(.text.HAL_UART_IRQHandler)
    HAL_UART_Init                            0x08005bc5   Thumb Code   158  stm32f1xx_hal_uart.o(.text.HAL_UART_Init)
    HAL_UART_MspInit                         0x08005c65   Thumb Code   692  usart.o(.text.HAL_UART_MspInit)
    HAL_UART_Receive_DMA                     0x08005f19   Thumb Code    86  stm32f1xx_hal_uart.o(.text.HAL_UART_Receive_DMA)
    HAL_UART_RxCpltCallback                  0x08005f71   Thumb Code     8  stm32f1xx_hal_uart.o(.text.HAL_UART_RxCpltCallback)
    HAL_UART_RxHalfCpltCallback              0x08005f79   Thumb Code     8  stm32f1xx_hal_uart.o(.text.HAL_UART_RxHalfCpltCallback)
    HAL_UART_Transmit                        0x08005f81   Thumb Code   286  stm32f1xx_hal_uart.o(.text.HAL_UART_Transmit)
    HAL_UART_TxCpltCallback                  0x080060a1   Thumb Code     8  stm32f1xx_hal_uart.o(.text.HAL_UART_TxCpltCallback)
    HardFault_Handler                        0x080060a9   Thumb Code     4  stm32f1xx_it.o(.text.HardFault_Handler)
    MX_ADC1_Init                             0x08006765   Thumb Code   104  adc.o(.text.MX_ADC1_Init)
    MX_DMA_Init                              0x080067cd   Thumb Code   112  dma.o(.text.MX_DMA_Init)
    MX_GPIO_Init                             0x0800683d   Thumb Code   410  gpio.o(.text.MX_GPIO_Init)
    MX_TIM1_Init                             0x080069d9   Thumb Code   312  tim.o(.text.MX_TIM1_Init)
    MX_TIM2_Init                             0x08006b11   Thumb Code   130  tim.o(.text.MX_TIM2_Init)
    MX_TIM4_Init                             0x08006b95   Thumb Code   134  tim.o(.text.MX_TIM4_Init)
    MX_USART1_UART_Init                      0x08006c1d   Thumb Code    64  usart.o(.text.MX_USART1_UART_Init)
    MX_USART2_UART_Init                      0x08006c5d   Thumb Code    64  usart.o(.text.MX_USART2_UART_Init)
    MX_USART3_UART_Init                      0x08006c9d   Thumb Code    64  usart.o(.text.MX_USART3_UART_Init)
    MemManage_Handler                        0x08006cdd   Thumb Code     4  stm32f1xx_it.o(.text.MemManage_Handler)
    NMI_Handler                              0x080074a5   Thumb Code     4  stm32f1xx_it.o(.text.NMI_Handler)
    PendSV_Handler                           0x08007eb9   Thumb Code     2  stm32f1xx_it.o(.text.PendSV_Handler)
    SVC_Handler                              0x080081a5   Thumb Code     2  stm32f1xx_it.o(.text.SVC_Handler)
    SysTick_Handler                          0x08008231   Thumb Code    70  callback.o(.text.SysTick_Handler)
    SystemClock_Config                       0x08008279   Thumb Code   144  main.o(.text.SystemClock_Config)
    SystemInit                               0x08008309   Thumb Code     2  system_stm32f1xx.o(.text.SystemInit)
    TIM1_UP_IRQHandler                       0x08008319   Thumb Code    16  stm32f1xx_it.o(.text.TIM1_UP_IRQHandler)
    TIM_Base_SetConfig                       0x08008329   Thumb Code   240  stm32f1xx_hal_tim.o(.text.TIM_Base_SetConfig)
    TIM_CCxChannelCmd                        0x08008419   Thumb Code    54  stm32f1xx_hal_tim.o(.text.TIM_CCxChannelCmd)
    TIM_ETR_SetConfig                        0x08008451   Thumb Code    52  stm32f1xx_hal_tim.o(.text.TIM_ETR_SetConfig)
    TIM_OC2_SetConfig                        0x08008581   Thumb Code   216  stm32f1xx_hal_tim.o(.text.TIM_OC2_SetConfig)
    UART_Start_Receive_DMA                   0x08008f39   Thumb Code   268  stm32f1xx_hal_uart.o(.text.UART_Start_Receive_DMA)
    USART1_IRQHandler                        0x080091ad   Thumb Code   120  callback.o(.text.USART1_IRQHandler)
    USART2_IRQHandler                        0x08009225   Thumb Code   114  callback.o(.text.USART2_IRQHandler)
    USART3_IRQHandler                        0x08009299   Thumb Code   120  callback.o(.text.USART3_IRQHandler)
    UsageFault_Handler                       0x08009311   Thumb Code     4  stm32f1xx_it.o(.text.UsageFault_Handler)
    fputc                                    0x0800956d   Thumb Code    34  public.o(.text.fputc)
    main                                     0x08009591   Thumb Code    80  main.o(.text.main)
    __0printf                                0x080095e1   Thumb Code    22  printfa.o(i.__0printf)
    __1printf                                0x080095e1   Thumb Code     0  printfa.o(i.__0printf)
    __2printf                                0x080095e1   Thumb Code     0  printfa.o(i.__0printf)
    __c89printf                              0x080095e1   Thumb Code     0  printfa.o(i.__0printf)
    printf                                   0x080095e1   Thumb Code     0  printfa.o(i.__0printf)
    __0sprintf                               0x08009601   Thumb Code    34  printfa.o(i.__0sprintf)
    __1sprintf                               0x08009601   Thumb Code     0  printfa.o(i.__0sprintf)
    __2sprintf                               0x08009601   Thumb Code     0  printfa.o(i.__0sprintf)
    __c89sprintf                             0x08009601   Thumb Code     0  printfa.o(i.__0sprintf)
    sprintf                                  0x08009601   Thumb Code     0  printfa.o(i.__0sprintf)
    __scatterload_copy                       0x08009629   Thumb Code    14  handlers.o(i.__scatterload_copy)
    __scatterload_null                       0x08009637   Thumb Code     2  handlers.o(i.__scatterload_null)
    __scatterload_zeroinit                   0x08009639   Thumb Code    14  handlers.o(i.__scatterload_zeroinit)
    _is_digit                                0x080097cd   Thumb Code    14  scanf_fp.o(i._is_digit)
    __ctype_categories                       0x08009f14   Data          64  ctype_c.o(.constdata)
    AHBPrescTable                            0x08009f54   Data          16  system_stm32f1xx.o(.rodata.AHBPrescTable)
    APBPrescTable                            0x08009f64   Data           8  system_stm32f1xx.o(.rodata.APBPrescTable)
    CHN_16x16                                0x08009f6c   Data         204  oled.o(.rodata.CHN_16x16)
    ucASCII_16x8                             0x0800a281   Data        1520  oled.o(.rodata.ucASCII_16x8)
    Region$$Table$$Base                      0x0800a874   Number         0  anon$$obj.o(Region$$Table)
    Region$$Table$$Limit                     0x0800a894   Number         0  anon$$obj.o(Region$$Table)
    __stdout                                 0x20000000   Data           4  stdout.o(.data)
    Encoder                                  0x20000004   Data          24  encoder.o(.data.Encoder)
    Infrared                                 0x2000001c   Data           8  infrared.o(.data.Infrared)
    KEY                                      0x20000024   Data          12  key.o(.data.KEY)
    LED                                      0x20000030   Data           8  led.o(.data.LED)
    Menu                                     0x20000038   Data           8  menu.o(.data.Menu)
    Motor                                    0x20000040   Data          20  motor.o(.data.Motor)
    OLED                                     0x20000054   Data          20  oled.o(.data.OLED)
    PID                                      0x20000068   Data          12  pid.o(.data.PID)
    Public                                   0x20000074   Data          12  public.o(.data.Public)
    Relay                                    0x20000080   Data          24  relay.o(.data.Relay)
    SG90                                     0x20000098   Data           8  sg90.o(.data.SG90)
    System                                   0x200000a0   Data          12  system.o(.data.System)
    SystemCoreClock                          0x200000ac   Data           4  system_stm32f1xx.o(.data.SystemCoreClock)
    System_Init                              0x200000b0   Data           4  system_init.o(.data.System_Init)
    Task                                     0x200000b4   Data          84  task.o(.data.Task)
    Voice                                    0x20000108   Data           8  voice.o(.data.Voice)
    bsp_ADC                                  0x20000110   Data         112  bsp_adc.o(.data.bsp_ADC)
    bsp_IIC                                  0x20000180   Data          28  bsp_iic.o(.data.bsp_IIC)
    bsp_UART1                                0x2000019c   Data          16  bsp_uart1.o(.data.bsp_UART1)
    bsp_UART2                                0x200001ac   Data          12  bsp_uart2.o(.data.bsp_UART2)
    bsp_UART3                                0x200001b8   Data          20  bsp_uart3.o(.data.bsp_UART3)
    ucTask_MAX                               0x200001cc   Data           1  task.o(.data.ucTask_MAX)
    uwTickFreq                               0x200001cd   Data           1  stm32f1xx_hal.o(.data.uwTickFreq)
    uwTickPrio                               0x200001d0   Data           4  stm32f1xx_hal.o(.data.uwTickPrio)
    HW_PID_Out_Left_Speed                    0x200001e0   Data           4  infrared.o(.bss.HW_PID_Out_Left_Speed)
    HW_PID_Out_Right_Speed                   0x200001e4   Data           4  infrared.o(.bss.HW_PID_Out_Right_Speed)
    Last_State                               0x200001ed   Data           1  infrared.o(.bss.Last_State)
    Menu_Status                              0x200001ee   Data           1  menu.o(.bss.Menu_Status)
    OLED_Parameter_IIC                       0x200001f0   Data          16  oled.o(.bss.OLED_Parameter_IIC)
    PID_HW_Tracking                          0x20000200   Data          36  pid.o(.bss.PID_HW_Tracking)
    PID_Motor_Left                           0x20000224   Data          36  pid.o(.bss.PID_Motor_Left)
    PID_Motor_Right                          0x20000248   Data          36  pid.o(.bss.PID_Motor_Right)
    This_State                               0x2000026d   Data           1  infrared.o(.bss.This_State)
    UART1_Rec_Arr                            0x2000026e   Data          66  bsp_uart1.o(.bss.UART1_Rec_Arr)
    UART2_Rec_Arr                            0x200002b0   Data         250  bsp_uart2.o(.bss.UART2_Rec_Arr)
    UART3_Rec_Arr                            0x200003aa   Data          66  bsp_uart3.o(.bss.UART3_Rec_Arr)
    hadc1                                    0x200003ec   Data          48  adc.o(.bss.hadc1)
    hdma_adc1                                0x2000041c   Data          68  adc.o(.bss.hdma_adc1)
    hdma_usart1_rx                           0x20000460   Data          68  usart.o(.bss.hdma_usart1_rx)
    hdma_usart2_rx                           0x200004a4   Data          68  usart.o(.bss.hdma_usart2_rx)
    hdma_usart3_rx                           0x200004e8   Data          68  usart.o(.bss.hdma_usart3_rx)
    htim1                                    0x2000052c   Data          72  tim.o(.bss.htim1)
    htim2                                    0x20000574   Data          72  tim.o(.bss.htim2)
    htim4                                    0x200005bc   Data          72  tim.o(.bss.htim4)
    huart1                                   0x20000604   Data          72  usart.o(.bss.huart1)
    huart2                                   0x2000064c   Data          72  usart.o(.bss.huart2)
    huart3                                   0x20000694   Data          72  usart.o(.bss.huart3)
    uwTick                                   0x200006dc   Data           4  stm32f1xx_hal.o(.bss.uwTick)
    __initial_sp                             0x20000ae0   Data           0  startup_stm32f103xb.o(STACK)



==============================================================================

Memory Map of the image

  Image Entry point : 0x080000ed

  Load Region LR_IROM1 (Base: 0x08000000, Size: 0x0000aa70, Max: 0x00010000, ABSOLUTE, COMPRESSED[0x0000a9a8])

    Execution Region ER_IROM1 (Exec base: 0x08000000, Load base: 0x08000000, Size: 0x0000a894, Max: 0x00010000, ABSOLUTE)

    Exec Addr    Load Addr    Size         Type   Attr      Idx    E Section Name        Object

    0x08000000   0x08000000   0x000000ec   Data   RO            3    RESET               startup_stm32f103xb.o
    0x080000ec   0x080000ec   0x00000000   Code   RO         1461  * .ARM.Collect$$$$00000000  mc_w.l(entry.o)
    0x080000ec   0x080000ec   0x00000004   Code   RO         1528    .ARM.Collect$$$$00000001  mc_w.l(entry2.o)
    0x080000f0   0x080000f0   0x00000004   Code   RO         1531    .ARM.Collect$$$$00000004  mc_w.l(entry5.o)
    0x080000f4   0x080000f4   0x00000000   Code   RO         1533    .ARM.Collect$$$$00000008  mc_w.l(entry7b.o)
    0x080000f4   0x080000f4   0x00000000   Code   RO         1535    .ARM.Collect$$$$0000000A  mc_w.l(entry8b.o)
    0x080000f4   0x080000f4   0x00000008   Code   RO         1536    .ARM.Collect$$$$0000000B  mc_w.l(entry9a.o)
    0x080000fc   0x080000fc   0x00000000   Code   RO         1538    .ARM.Collect$$$$0000000D  mc_w.l(entry10a.o)
    0x080000fc   0x080000fc   0x00000000   Code   RO         1540    .ARM.Collect$$$$0000000F  mc_w.l(entry11a.o)
    0x080000fc   0x080000fc   0x00000004   Code   RO         1529    .ARM.Collect$$$$00002712  mc_w.l(entry2.o)
    0x08000100   0x08000100   0x00000024   Code   RO            4    .text               startup_stm32f103xb.o
    0x08000124   0x08000124   0x00000024   Code   RO         1464    .text               mc_w.l(memseta.o)
    0x08000148   0x08000148   0x00000014   Code   RO         1466    .text               mc_w.l(strchr.o)
    0x0800015c   0x0800015c   0x0000000e   Code   RO         1468    .text               mc_w.l(strlen.o)
    0x0800016a   0x0800016a   0x0000001e   Code   RO         1470    .text               mc_w.l(strncmp.o)
    0x08000188   0x08000188   0x00000038   Code   RO         1500    .text               mc_w.l(sscanf.o)
    0x080001c0   0x080001c0   0x000000b0   Code   RO         1502    .text               mf_w.l(fadd.o)
    0x08000270   0x08000270   0x00000064   Code   RO         1504    .text               mf_w.l(fmul.o)
    0x080002d4   0x080002d4   0x0000007c   Code   RO         1506    .text               mf_w.l(fdiv.o)
    0x08000350   0x08000350   0x0000014e   Code   RO         1508    .text               mf_w.l(dadd.o)
    0x0800049e   0x0800049e   0x000000e4   Code   RO         1510    .text               mf_w.l(dmul.o)
    0x08000582   0x08000582   0x000000de   Code   RO         1512    .text               mf_w.l(ddiv.o)
    0x08000660   0x08000660   0x0000001c   Code   RO         1514    .text               mf_w.l(fcmple.o)
    0x0800067c   0x0800067c   0x0000001c   Code   RO         1516    .text               mf_w.l(fcmpge.o)
    0x08000698   0x08000698   0x00000012   Code   RO         1518    .text               mf_w.l(fflti.o)
    0x080006aa   0x080006aa   0x00000022   Code   RO         1520    .text               mf_w.l(dflti.o)
    0x080006cc   0x080006cc   0x00000032   Code   RO         1522    .text               mf_w.l(ffixi.o)
    0x080006fe   0x080006fe   0x00000026   Code   RO         1524    .text               mf_w.l(f2d.o)
    0x08000724   0x08000724   0x00000038   Code   RO         1526    .text               mf_w.l(d2f.o)
    0x0800075c   0x0800075c   0x0000002c   Code   RO         1552    .text               mc_w.l(uidiv.o)
    0x08000788   0x08000788   0x00000062   Code   RO         1554    .text               mc_w.l(uldiv.o)
    0x080007ea   0x080007ea   0x0000001e   Code   RO         1556    .text               mc_w.l(llshl.o)
    0x08000808   0x08000808   0x00000024   Code   RO         1558    .text               mc_w.l(llsshr.o)
    0x0800082c   0x0800082c   0x00000156   Code   RO         1560    .text               mc_w.l(_scanf_longlong.o)
    0x08000982   0x08000982   0x0000014c   Code   RO         1562    .text               mc_w.l(_scanf_int.o)
    0x08000ace   0x08000ace   0x000000e0   Code   RO         1564    .text               mc_w.l(_scanf_str.o)
    0x08000bae   0x08000bae   0x00000002   PAD
    0x08000bb0   0x08000bb0   0x00000360   Code   RO         1566    .text               mc_w.l(scanf_fp.o)
    0x08000f10   0x08000f10   0x00000028   Code   RO         1570    .text               mc_w.l(scanf_char.o)
    0x08000f38   0x08000f38   0x00000040   Code   RO         1572    .text               mc_w.l(_sgetc.o)
    0x08000f78   0x08000f78   0x00000000   Code   RO         1574    .text               mc_w.l(iusefp.o)
    0x08000f78   0x08000f78   0x0000006e   Code   RO         1575    .text               mf_w.l(fepilogue.o)
    0x08000fe6   0x08000fe6   0x000000ba   Code   RO         1577    .text               mf_w.l(depilogue.o)
    0x080010a0   0x080010a0   0x00000030   Code   RO         1579    .text               mf_w.l(dfixul.o)
    0x080010d0   0x080010d0   0x00000030   Code   RO         1581    .text               mf_w.l(cdrcmple.o)
    0x08001100   0x08001100   0x00000024   Code   RO         1583    .text               mc_w.l(init.o)
    0x08001124   0x08001124   0x00000020   Code   RO         1585    .text               mc_w.l(llushr.o)
    0x08001144   0x08001144   0x0000000a   Code   RO         1587    .text               mc_w.l(isspace_c.o)
    0x0800114e   0x0800114e   0x0000001c   Code   RO         1589    .text               mc_w.l(_chval.o)
    0x0800116a   0x0800116a   0x00000002   PAD
    0x0800116c   0x0800116c   0x0000032c   Code   RO         1591    .text               mc_w.l(_scanf.o)
    0x08001498   0x08001498   0x00000018   Code   RO         1593    .text               mf_w.l(dfltul.o)
    0x080014b0   0x080014b0   0x00000028   Code   RO         1595    .text               mc_w.l(ctype_c.o)
    0x080014d8   0x080014d8   0x00000056   Code   RO         1606    .text               mc_w.l(__dczerorl2.o)
    0x0800152e   0x0800152e   0x00000002   PAD
    0x08001530   0x08001530   0x00000082   Code   RO          163    .text.ADC_ConversionStop_Disable  stm32f1xx_hal_adc.o
    0x080015b2   0x080015b2   0x00000002   PAD
    0x080015b4   0x080015b4   0x00000078   Code   RO          185    .text.ADC_DMAConvCplt  stm32f1xx_hal_adc.o
    0x0800162c   0x0800162c   0x0000002a   Code   RO          189    .text.ADC_DMAError  stm32f1xx_hal_adc.o
    0x08001656   0x08001656   0x00000002   PAD
    0x08001658   0x08001658   0x00000016   Code   RO          187    .text.ADC_DMAHalfConvCplt  stm32f1xx_hal_adc.o
    0x0800166e   0x0800166e   0x00000002   PAD
    0x08001670   0x08001670   0x000000bc   Code   RO          171    .text.ADC_Enable    stm32f1xx_hal_adc.o
    0x0800172c   0x0800172c   0x00000090   Code   RO         1269    .text.Bsp_ADC_Get_Battery_Voltage  bsp_adc.o
    0x080017bc   0x080017bc   0x00000030   Code   RO         1315    .text.Bsp_UART1_Handler  bsp_uart1.o
    0x080017ec   0x080017ec   0x00000026   Code   RO         1313    .text.Bsp_UART1_Init  bsp_uart1.o
    0x08001812   0x08001812   0x00000002   PAD
    0x08001814   0x08001814   0x000003b0   Code   RO         1340    .text.Bsp_UART2_Handler  bsp_uart2.o
    0x08001bc4   0x08001bc4   0x00000026   Code   RO         1338    .text.Bsp_UART2_Init  bsp_uart2.o
    0x08001bea   0x08001bea   0x00000002   PAD
    0x08001bec   0x08001bec   0x0000070c   Code   RO         1298    .text.Bsp_UART3_Analyze  bsp_uart3.o
    0x080022f8   0x080022f8   0x0000003c   Code   RO         1294    .text.Bsp_UART3_Handler  bsp_uart3.o
    0x08002334   0x08002334   0x00000026   Code   RO         1292    .text.Bsp_UART3_Init  bsp_uart3.o
    0x0800235a   0x0800235a   0x00000002   PAD
    0x0800235c   0x0800235c   0x00000022   Code   RO         1296    .text.Bsp_UART3_Send_Data  bsp_uart3.o
    0x0800237e   0x0800237e   0x00000002   PAD
    0x08002380   0x08002380   0x00000004   Code   RO          111    .text.BusFault_Handler  stm32f1xx_it.o
    0x08002384   0x08002384   0x00000010   Code   RO          121    .text.DMA1_Channel1_IRQHandler  stm32f1xx_it.o
    0x08002394   0x08002394   0x00000010   Code   RO          123    .text.DMA1_Channel3_IRQHandler  stm32f1xx_it.o
    0x080023a4   0x080023a4   0x00000010   Code   RO          125    .text.DMA1_Channel5_IRQHandler  stm32f1xx_it.o
    0x080023b4   0x080023b4   0x00000010   Code   RO          127    .text.DMA1_Channel6_IRQHandler  stm32f1xx_it.o
    0x080023c4   0x080023c4   0x00000050   Code   RO          396    .text.DMA_SetConfig  stm32f1xx_hal_dma.o
    0x08002414   0x08002414   0x00000002   Code   RO          117    .text.DebugMon_Handler  stm32f1xx_it.o
    0x08002416   0x08002416   0x00000002   PAD
    0x08002418   0x08002418   0x00000068   Code   RO         1214    .text.Encoder_Get_Mileage  encoder.o
    0x08002480   0x08002480   0x000000be   Code   RO         1212    .text.Encoder_Get_Speed  encoder.o
    0x0800253e   0x0800253e   0x00000002   PAD
    0x08002540   0x08002540   0x00000036   Code   RO         1210    .text.Encoder_Init  encoder.o
    0x08002576   0x08002576   0x00000002   PAD
    0x08002578   0x08002578   0x0000000e   Code   RO           15    .text.Error_Handler  main.o
    0x08002586   0x08002586   0x00000002   PAD
    0x08002588   0x08002588   0x0000018a   Code   RO          220    .text.HAL_ADCEx_Calibration_Start  stm32f1xx_hal_adc_ex.o
    0x08002712   0x08002712   0x00000002   PAD
    0x08002714   0x08002714   0x000001b4   Code   RO          205    .text.HAL_ADC_ConfigChannel  stm32f1xx_hal_adc.o
    0x080028c8   0x080028c8   0x00000008   Code   RO          197    .text.HAL_ADC_ConvCpltCallback  stm32f1xx_hal_adc.o
    0x080028d0   0x080028d0   0x00000008   Code   RO          201    .text.HAL_ADC_ConvHalfCpltCallback  stm32f1xx_hal_adc.o
    0x080028d8   0x080028d8   0x00000008   Code   RO          203    .text.HAL_ADC_ErrorCallback  stm32f1xx_hal_adc.o
    0x080028e0   0x080028e0   0x00000212   Code   RO          159    .text.HAL_ADC_Init  stm32f1xx_hal_adc.o
    0x08002af2   0x08002af2   0x00000002   PAD
    0x08002af4   0x08002af4   0x000000ca   Code   RO           35    .text.HAL_ADC_MspInit  adc.o
    0x08002bbe   0x08002bbe   0x00000002   PAD
    0x08002bc0   0x08002bc0   0x00000226   Code   RO          183    .text.HAL_ADC_Start_DMA  stm32f1xx_hal_adc.o
    0x08002de6   0x08002de6   0x00000002   PAD
    0x08002de8   0x08002de8   0x0000007c   Code   RO          400    .text.HAL_DMA_Abort  stm32f1xx_hal_dma.o
    0x08002e64   0x08002e64   0x0000011c   Code   RO          402    .text.HAL_DMA_Abort_IT  stm32f1xx_hal_dma.o
    0x08002f80   0x08002f80   0x00000286   Code   RO          406    .text.HAL_DMA_IRQHandler  stm32f1xx_hal_dma.o
    0x08003206   0x08003206   0x00000002   PAD
    0x08003208   0x08003208   0x000000ae   Code   RO          390    .text.HAL_DMA_Init  stm32f1xx_hal_dma.o
    0x080032b6   0x080032b6   0x00000002   PAD
    0x080032b8   0x080032b8   0x000000ca   Code   RO          398    .text.HAL_DMA_Start_IT  stm32f1xx_hal_dma.o
    0x08003382   0x08003382   0x00000002   PAD
    0x08003384   0x08003384   0x00000042   Code   RO          273    .text.HAL_Delay     stm32f1xx_hal.o
    0x080033c6   0x080033c6   0x00000002   PAD
    0x080033c8   0x080033c8   0x0000031e   Code   RO          367    .text.HAL_GPIO_Init  stm32f1xx_hal_gpio.o
    0x080036e6   0x080036e6   0x00000002   PAD
    0x080036e8   0x080036e8   0x0000002e   Code   RO          371    .text.HAL_GPIO_ReadPin  stm32f1xx_hal_gpio.o
    0x08003716   0x08003716   0x00000002   PAD
    0x08003718   0x08003718   0x00000026   Code   RO          375    .text.HAL_GPIO_TogglePin  stm32f1xx_hal_gpio.o
    0x0800373e   0x0800373e   0x00000002   PAD
    0x08003740   0x08003740   0x0000002e   Code   RO          373    .text.HAL_GPIO_WritePin  stm32f1xx_hal_gpio.o
    0x0800376e   0x0800376e   0x00000002   PAD
    0x08003770   0x08003770   0x0000000c   Code   RO          265    .text.HAL_GetTick   stm32f1xx_hal.o
    0x0800377c   0x0800377c   0x0000001a   Code   RO          263    .text.HAL_IncTick   stm32f1xx_hal.o
    0x08003796   0x08003796   0x00000002   PAD
    0x08003798   0x08003798   0x00000026   Code   RO          253    .text.HAL_Init      stm32f1xx_hal.o
    0x080037be   0x080037be   0x00000002   PAD
    0x080037c0   0x080037c0   0x00000070   Code   RO          255    .text.HAL_InitTick  stm32f1xx_hal.o
    0x08003830   0x08003830   0x00000064   Code   RO          138    .text.HAL_MspInit   stm32f1xx_hal_msp.o
    0x08003894   0x08003894   0x00000014   Code   RO          435    .text.HAL_NVIC_EnableIRQ  stm32f1xx_hal_cortex.o
    0x080038a8   0x080038a8   0x00000032   Code   RO          427    .text.HAL_NVIC_SetPriority  stm32f1xx_hal_cortex.o
    0x080038da   0x080038da   0x00000002   PAD
    0x080038dc   0x080038dc   0x00000010   Code   RO          423    .text.HAL_NVIC_SetPriorityGrouping  stm32f1xx_hal_cortex.o
    0x080038ec   0x080038ec   0x00000196   Code   RO          356    .text.HAL_RCCEx_GetPeriphCLKFreq  stm32f1xx_hal_rcc_ex.o
    0x08003a82   0x08003a82   0x00000002   PAD
    0x08003a84   0x08003a84   0x000001c8   Code   RO          352    .text.HAL_RCCEx_PeriphCLKConfig  stm32f1xx_hal_rcc_ex.o
    0x08003c4c   0x08003c4c   0x00000256   Code   RO          319    .text.HAL_RCC_ClockConfig  stm32f1xx_hal_rcc.o
    0x08003ea2   0x08003ea2   0x00000002   PAD
    0x08003ea4   0x08003ea4   0x0000000c   Code   RO          329    .text.HAL_RCC_GetHCLKFreq  stm32f1xx_hal_rcc.o
    0x08003eb0   0x08003eb0   0x00000022   Code   RO          331    .text.HAL_RCC_GetPCLK1Freq  stm32f1xx_hal_rcc.o
    0x08003ed2   0x08003ed2   0x00000002   PAD
    0x08003ed4   0x08003ed4   0x00000022   Code   RO          333    .text.HAL_RCC_GetPCLK2Freq  stm32f1xx_hal_rcc.o
    0x08003ef6   0x08003ef6   0x00000002   PAD
    0x08003ef8   0x08003ef8   0x000000bc   Code   RO          321    .text.HAL_RCC_GetSysClockFreq  stm32f1xx_hal_rcc.o
    0x08003fb4   0x08003fb4   0x0000067a   Code   RO          315    .text.HAL_RCC_OscConfig  stm32f1xx_hal_rcc.o
    0x0800462e   0x0800462e   0x00000002   PAD
    0x08004630   0x08004630   0x00000010   Code   RO          447    .text.HAL_SYSTICK_Config  stm32f1xx_hal_cortex.o
    0x08004640   0x08004640   0x00000008   Code   RO          954    .text.HAL_TIMEx_BreakCallback  stm32f1xx_hal_tim_ex.o
    0x08004648   0x08004648   0x00000008   Code   RO          950    .text.HAL_TIMEx_CommutCallback  stm32f1xx_hal_tim_ex.o
    0x08004650   0x08004650   0x000000b2   Code   RO          946    .text.HAL_TIMEx_ConfigBreakDeadTime  stm32f1xx_hal_tim_ex.o
    0x08004702   0x08004702   0x00000002   PAD
    0x08004704   0x08004704   0x000000dc   Code   RO          944    .text.HAL_TIMEx_MasterConfigSynchronization  stm32f1xx_hal_tim_ex.o
    0x080047e0   0x080047e0   0x0000009c   Code   RO          631    .text.HAL_TIM_Base_Init  stm32f1xx_hal_tim.o
    0x0800487c   0x0800487c   0x0000004e   Code   RO           64    .text.HAL_TIM_Base_MspInit  tim.o
    0x080048ca   0x080048ca   0x00000002   PAD
    0x080048cc   0x080048cc   0x000000b0   Code   RO          645    .text.HAL_TIM_Base_Start_IT  stm32f1xx_hal_tim.o
    0x0800497c   0x0800497c   0x00000184   Code   RO          823    .text.HAL_TIM_ConfigClockSource  stm32f1xx_hal_tim.o
    0x08004b00   0x08004b00   0x00000128   Code   RO          745    .text.HAL_TIM_Encoder_Init  stm32f1xx_hal_tim.o
    0x08004c28   0x08004c28   0x000000e4   Code   RO           66    .text.HAL_TIM_Encoder_MspInit  tim.o
    0x08004d0c   0x08004d0c   0x0000014e   Code   RO          753    .text.HAL_TIM_Encoder_Start  stm32f1xx_hal_tim.o
    0x08004e5a   0x08004e5a   0x00000002   PAD
    0x08004e5c   0x08004e5c   0x00000008   Code   RO          767    .text.HAL_TIM_IC_CaptureCallback  stm32f1xx_hal_tim.o
    0x08004e64   0x08004e64   0x0000027a   Code   RO          765    .text.HAL_TIM_IRQHandler  stm32f1xx_hal_tim.o
    0x080050de   0x080050de   0x00000002   PAD
    0x080050e0   0x080050e0   0x00000060   Code   RO           58    .text.HAL_TIM_MspPostInit  tim.o
    0x08005140   0x08005140   0x00000008   Code   RO          769    .text.HAL_TIM_OC_DelayElapsedCallback  stm32f1xx_hal_tim.o
    0x08005148   0x08005148   0x00000142   Code   RO          797    .text.HAL_TIM_PWM_ConfigChannel  stm32f1xx_hal_tim.o
    0x0800528a   0x0800528a   0x00000002   PAD
    0x0800528c   0x0800528c   0x0000009c   Code   RO          685    .text.HAL_TIM_PWM_Init  stm32f1xx_hal_tim.o
    0x08005328   0x08005328   0x00000008   Code   RO          687    .text.HAL_TIM_PWM_MspInit  stm32f1xx_hal_tim.o
    0x08005330   0x08005330   0x00000008   Code   RO          771    .text.HAL_TIM_PWM_PulseFinishedCallback  stm32f1xx_hal_tim.o
    0x08005338   0x08005338   0x00000160   Code   RO          693    .text.HAL_TIM_PWM_Start  stm32f1xx_hal_tim.o
    0x08005498   0x08005498   0x00000216   Code   RO         1374    .text.HAL_TIM_PeriodElapsedCallback  callback.o
    0x080056ae   0x080056ae   0x00000002   PAD
    0x080056b0   0x080056b0   0x00000008   Code   RO          775    .text.HAL_TIM_TriggerCallback  stm32f1xx_hal_tim.o
    0x080056b8   0x080056b8   0x0000000c   Code   RO         1059    .text.HAL_UARTEx_RxEventCallback  stm32f1xx_hal_uart.o
    0x080056c4   0x080056c4   0x000000cc   Code   RO         1011    .text.HAL_UART_DMAStop  stm32f1xx_hal_uart.o
    0x08005790   0x08005790   0x00000008   Code   RO         1057    .text.HAL_UART_ErrorCallback  stm32f1xx_hal_uart.o
    0x08005798   0x08005798   0x0000042a   Code   RO         1051    .text.HAL_UART_IRQHandler  stm32f1xx_hal_uart.o
    0x08005bc2   0x08005bc2   0x00000002   PAD
    0x08005bc4   0x08005bc4   0x0000009e   Code   RO          967    .text.HAL_UART_Init  stm32f1xx_hal_uart.o
    0x08005c62   0x08005c62   0x00000002   PAD
    0x08005c64   0x08005c64   0x000002b4   Code   RO           88    .text.HAL_UART_MspInit  usart.o
    0x08005f18   0x08005f18   0x00000056   Code   RO         1003    .text.HAL_UART_Receive_DMA  stm32f1xx_hal_uart.o
    0x08005f6e   0x08005f6e   0x00000002   PAD
    0x08005f70   0x08005f70   0x00000008   Code   RO         1069    .text.HAL_UART_RxCpltCallback  stm32f1xx_hal_uart.o
    0x08005f78   0x08005f78   0x00000008   Code   RO         1071    .text.HAL_UART_RxHalfCpltCallback  stm32f1xx_hal_uart.o
    0x08005f80   0x08005f80   0x0000011e   Code   RO          983    .text.HAL_UART_Transmit  stm32f1xx_hal_uart.o
    0x0800609e   0x0800609e   0x00000002   PAD
    0x080060a0   0x080060a0   0x00000008   Code   RO         1065    .text.HAL_UART_TxCpltCallback  stm32f1xx_hal_uart.o
    0x080060a8   0x080060a8   0x00000004   Code   RO          107    .text.HardFault_Handler  stm32f1xx_it.o
    0x080060ac   0x080060ac   0x00000094   Code   RO         1428    .text.Hardware_Init  system_init.o
    0x08006140   0x08006140   0x00000024   Code   RO         1126    .text.IIC_Init      bsp_iic.o
    0x08006164   0x08006164   0x000000c0   Code   RO         1124    .text.IIC_Read_Buffer  bsp_iic.o
    0x08006224   0x08006224   0x0000010c   Code   RO         1120    .text.IIC_Read_Byte  bsp_iic.o
    0x08006330   0x08006330   0x0000003e   Code   RO         1112    .text.IIC_Registered  bsp_iic.o
    0x0800636e   0x0800636e   0x00000002   PAD
    0x08006370   0x08006370   0x0000005e   Code   RO         1114    .text.IIC_Start     bsp_iic.o
    0x080063ce   0x080063ce   0x00000002   PAD
    0x080063d0   0x080063d0   0x00000048   Code   RO         1116    .text.IIC_Stop      bsp_iic.o
    0x08006418   0x08006418   0x0000007e   Code   RO         1122    .text.IIC_Write_Buffer  bsp_iic.o
    0x08006496   0x08006496   0x00000002   PAD
    0x08006498   0x08006498   0x00000106   Code   RO         1118    .text.IIC_Write_Byte  bsp_iic.o
    0x0800659e   0x0800659e   0x00000002   PAD
    0x080065a0   0x080065a0   0x00000044   Code   RO         1140    .text.KEY_Get_Value  key.o
    0x080065e4   0x080065e4   0x0000005a   Code   RO         1138    .text.KEY_Handler   key.o
    0x0800663e   0x0800663e   0x00000002   PAD
    0x08006640   0x08006640   0x000000d0   Code   RO         1136    .text.KEY_Scan      key.o
    0x08006710   0x08006710   0x0000003e   Code   RO         1155    .text.LED_Contral   led.o
    0x0800674e   0x0800674e   0x00000002   PAD
    0x08006750   0x08006750   0x00000014   Code   RO         1157    .text.LED_Flip      led.o
    0x08006764   0x08006764   0x00000068   Code   RO           33    .text.MX_ADC1_Init  adc.o
    0x080067cc   0x080067cc   0x00000070   Code   RO           48    .text.MX_DMA_Init   dma.o
    0x0800683c   0x0800683c   0x0000019a   Code   RO           25    .text.MX_GPIO_Init  gpio.o
    0x080069d6   0x080069d6   0x00000002   PAD
    0x080069d8   0x080069d8   0x00000138   Code   RO           56    .text.MX_TIM1_Init  tim.o
    0x08006b10   0x08006b10   0x00000082   Code   RO           60    .text.MX_TIM2_Init  tim.o
    0x08006b92   0x08006b92   0x00000002   PAD
    0x08006b94   0x08006b94   0x00000086   Code   RO           62    .text.MX_TIM4_Init  tim.o
    0x08006c1a   0x08006c1a   0x00000002   PAD
    0x08006c1c   0x08006c1c   0x00000040   Code   RO           82    .text.MX_USART1_UART_Init  usart.o
    0x08006c5c   0x08006c5c   0x00000040   Code   RO           84    .text.MX_USART2_UART_Init  usart.o
    0x08006c9c   0x08006c9c   0x00000040   Code   RO           86    .text.MX_USART3_UART_Init  usart.o
    0x08006cdc   0x08006cdc   0x00000004   Code   RO          109    .text.MemManage_Handler  stm32f1xx_it.o
    0x08006ce0   0x08006ce0   0x00000084   Code   RO         1245    .text.Menu_Display_1  menu.o
    0x08006d64   0x08006d64   0x000000f0   Code   RO         1247    .text.Menu_Display_2  menu.o
    0x08006e54   0x08006e54   0x000000a2   Code   RO         1249    .text.Menu_Display_3  menu.o
    0x08006ef6   0x08006ef6   0x00000002   PAD
    0x08006ef8   0x08006ef8   0x00000106   Code   RO         1251    .text.Menu_Display_4  menu.o
    0x08006ffe   0x08006ffe   0x00000002   PAD
    0x08007000   0x08007000   0x00000106   Code   RO         1253    .text.Menu_Display_5  menu.o
    0x08007106   0x08007106   0x00000002   PAD
    0x08007108   0x08007108   0x000000f0   Code   RO         1255    .text.Menu_Display_6  menu.o
    0x080071f8   0x080071f8   0x0000004e   Code   RO         1243    .text.Menu_Handler  menu.o
    0x08007246   0x08007246   0x00000002   PAD
    0x08007248   0x08007248   0x0000000e   Code   RO         1241    .text.Menu_Init     menu.o
    0x08007256   0x08007256   0x00000002   PAD
    0x08007258   0x08007258   0x00000038   Code   RO         1194    .text.Motor_Init    motor.o
    0x08007290   0x08007290   0x00000076   Code   RO         1200    .text.Motor_PID_Set_Speed  motor.o
    0x08007306   0x08007306   0x00000002   PAD
    0x08007308   0x08007308   0x000000a0   Code   RO         1196    .text.Motor_Set_Direction  motor.o
    0x080073a8   0x080073a8   0x000000fc   Code   RO         1198    .text.Motor_Set_PWM  motor.o
    0x080074a4   0x080074a4   0x00000004   Code   RO          105    .text.NMI_Handler   stm32f1xx_it.o
    0x080074a8   0x080074a8   0x0000006c   Code   RO          433    .text.NVIC_EncodePriority  stm32f1xx_hal_cortex.o
    0x08007514   0x08007514   0x00000068   Code   RO         1169    .text.OLED_Clear    oled.o
    0x0800757c   0x0800757c   0x0000005a   Code   RO         1175    .text.OLED_Fill_Space  oled.o
    0x080075d6   0x080075d6   0x00000002   PAD
    0x080075d8   0x080075d8   0x000000f2   Code   RO         1167    .text.OLED_Init     oled.o
    0x080076ca   0x080076ca   0x00000002   PAD
    0x080076cc   0x080076cc   0x00000034   Code   RO         1181    .text.OLED_Set_Pos  oled.o
    0x08007700   0x08007700   0x00000118   Code   RO         1173    .text.OLED_Show_CHN  oled.o
    0x08007818   0x08007818   0x0000010a   Code   RO         1171    .text.OLED_Show_String  oled.o
    0x08007922   0x08007922   0x00000002   PAD
    0x08007924   0x08007924   0x0000004c   Code   RO         1177    .text.OLED_Write_CMD  oled.o
    0x08007970   0x08007970   0x0000004c   Code   RO         1179    .text.OLED_Write_Data  oled.o
    0x080079bc   0x080079bc   0x0000008a   Code   RO         1226    .text.PID_Control   pid.o
    0x08007a46   0x08007a46   0x00000002   PAD
    0x08007a48   0x08007a48   0x0000039c   Code   RO         1279    .text.PID_Control_HW_Tracking  infrared.o
    0x08007de4   0x08007de4   0x0000006e   Code   RO         1224    .text.PID_Init      pid.o
    0x08007e52   0x08007e52   0x00000002   PAD
    0x08007e54   0x08007e54   0x00000062   Code   RO         1228    .text.PID_Parameters_Clear  pid.o
    0x08007eb6   0x08007eb6   0x00000002   PAD
    0x08007eb8   0x08007eb8   0x00000002   Code   RO          119    .text.PendSV_Handler  stm32f1xx_it.o
    0x08007eba   0x08007eba   0x00000002   PAD
    0x08007ebc   0x08007ebc   0x00000014   Code   RO         1395    .text.Public_Delay_ms  public.o
    0x08007ed0   0x08007ed0   0x00000042   Code   RO         1397    .text.Public_Delay_us  public.o
    0x08007f12   0x08007f12   0x00000002   PAD
    0x08007f14   0x08007f14   0x0000003a   Code   RO          317    .text.RCC_Delay     stm32f1xx_hal_rcc.o
    0x08007f4e   0x08007f4e   0x00000002   PAD
    0x08007f50   0x08007f50   0x0000014e   Code   RO         1362    .text.Relay_Control  relay.o
    0x0800809e   0x0800809e   0x00000002   PAD
    0x080080a0   0x080080a0   0x000000b4   Code   RO         1364    .text.Relay_Flip    relay.o
    0x08008154   0x08008154   0x0000003e   Code   RO         1360    .text.Relay_Init    relay.o
    0x08008192   0x08008192   0x00000002   PAD
    0x08008194   0x08008194   0x00000002   Code   RO         1326    .text.SG90_Init     sg90.o
    0x08008196   0x08008196   0x00000002   PAD
    0x08008198   0x08008198   0x0000000a   Code   RO         1328    .text.SG90_Set_Angle  sg90.o
    0x080081a2   0x080081a2   0x00000002   PAD
    0x080081a4   0x080081a4   0x00000002   Code   RO          115    .text.SVC_Handler   stm32f1xx_it.o
    0x080081a6   0x080081a6   0x00000002   PAD
    0x080081a8   0x080081a8   0x00000032   Code   RO         1399    .text.Str_To_Float  public.o
    0x080081da   0x080081da   0x00000002   PAD
    0x080081dc   0x080081dc   0x00000052   Code   RO          449    .text.SysTick_Config  stm32f1xx_hal_cortex.o
    0x0800822e   0x0800822e   0x00000002   PAD
    0x08008230   0x08008230   0x00000046   Code   RO         1376    .text.SysTick_Handler  callback.o
    0x08008276   0x08008276   0x00000002   PAD
    0x08008278   0x08008278   0x00000090   Code   RO           13    .text.SystemClock_Config  main.o
    0x08008308   0x08008308   0x00000002   Code   RO         1098    .text.SystemInit    system_stm32f1xx.o
    0x0800830a   0x0800830a   0x00000002   PAD
    0x0800830c   0x0800830c   0x00000004   Code   RO         1416    .text.System_Error_Handler  system.o
    0x08008310   0x08008310   0x00000008   Code   RO         1412    .text.System_Run    system.o
    0x08008318   0x08008318   0x00000010   Code   RO          129    .text.TIM1_UP_IRQHandler  stm32f1xx_it.o
    0x08008328   0x08008328   0x000000f0   Code   RO          635    .text.TIM_Base_SetConfig  stm32f1xx_hal_tim.o
    0x08008418   0x08008418   0x00000036   Code   RO          669    .text.TIM_CCxChannelCmd  stm32f1xx_hal_tim.o
    0x0800844e   0x0800844e   0x00000002   PAD
    0x08008450   0x08008450   0x00000034   Code   RO          821    .text.TIM_ETR_SetConfig  stm32f1xx_hal_tim.o
    0x08008484   0x08008484   0x0000002a   Code   RO          827    .text.TIM_ITRx_SetConfig  stm32f1xx_hal_tim.o
    0x080084ae   0x080084ae   0x00000002   PAD
    0x080084b0   0x080084b0   0x000000ce   Code   RO          779    .text.TIM_OC1_SetConfig  stm32f1xx_hal_tim.o
    0x0800857e   0x0800857e   0x00000002   PAD
    0x08008580   0x08008580   0x000000d8   Code   RO          781    .text.TIM_OC2_SetConfig  stm32f1xx_hal_tim.o
    0x08008658   0x08008658   0x000000d6   Code   RO          783    .text.TIM_OC3_SetConfig  stm32f1xx_hal_tim.o
    0x0800872e   0x0800872e   0x00000002   PAD
    0x08008730   0x08008730   0x00000096   Code   RO          785    .text.TIM_OC4_SetConfig  stm32f1xx_hal_tim.o
    0x080087c6   0x080087c6   0x00000002   PAD
    0x080087c8   0x080087c8   0x00000050   Code   RO          825    .text.TIM_TI1_ConfigInputStage  stm32f1xx_hal_tim.o
    0x08008818   0x08008818   0x00000052   Code   RO          829    .text.TIM_TI2_ConfigInputStage  stm32f1xx_hal_tim.o
    0x0800886a   0x0800886a   0x00000002   PAD
    0x0800886c   0x0800886c   0x000000a0   Code   RO         1414    .text.Task_Marks_Handler  system.o
    0x0800890c   0x0800890c   0x00000072   Code   RO         1418    .text.Task_Pro_Handler  system.o
    0x0800897e   0x0800897e   0x00000002   PAD
    0x08008980   0x08008980   0x00000002   Code   RO         1444    .text.TasksHandler_100MS  task.o
    0x08008982   0x08008982   0x00000002   PAD
    0x08008984   0x08008984   0x00000010   Code   RO         1440    .text.TasksHandler_10MS  task.o
    0x08008994   0x08008994   0x00000078   Code   RO         1450    .text.TasksHandler_1S  task.o
    0x08008a0c   0x08008a0c   0x00000010   Code   RO         1446    .text.TasksHandler_200MS  task.o
    0x08008a1c   0x08008a1c   0x0000001c   Code   RO         1438    .text.TasksHandler_2MS  task.o
    0x08008a38   0x08008a38   0x00000010   Code   RO         1448    .text.TasksHandler_500MS  task.o
    0x08008a48   0x08008a48   0x00000010   Code   RO         1442    .text.TasksHandler_50MS  task.o
    0x08008a58   0x08008a58   0x00000020   Code   RO         1055    .text.UART_DMAAbortOnError  stm32f1xx_hal_uart.o
    0x08008a78   0x08008a78   0x0000007c   Code   RO         1001    .text.UART_DMAError  stm32f1xx_hal_uart.o
    0x08008af4   0x08008af4   0x000000f4   Code   RO         1087    .text.UART_DMAReceiveCplt  stm32f1xx_hal_uart.o
    0x08008be8   0x08008be8   0x00000034   Code   RO         1089    .text.UART_DMARxHalfCplt  stm32f1xx_hal_uart.o
    0x08008c1c   0x08008c1c   0x00000094   Code   RO         1015    .text.UART_EndRxTransfer  stm32f1xx_hal_uart.o
    0x08008cb0   0x08008cb0   0x00000026   Code   RO         1063    .text.UART_EndTransmit_IT  stm32f1xx_hal_uart.o
    0x08008cd6   0x08008cd6   0x00000002   PAD
    0x08008cd8   0x08008cd8   0x00000036   Code   RO         1013    .text.UART_EndTxTransfer  stm32f1xx_hal_uart.o
    0x08008d0e   0x08008d0e   0x00000002   PAD
    0x08008d10   0x08008d10   0x0000016a   Code   RO         1053    .text.UART_Receive_IT  stm32f1xx_hal_uart.o
    0x08008e7a   0x08008e7a   0x00000002   PAD
    0x08008e7c   0x08008e7c   0x000000ba   Code   RO          971    .text.UART_SetConfig  stm32f1xx_hal_uart.o
    0x08008f36   0x08008f36   0x00000002   PAD
    0x08008f38   0x08008f38   0x0000010c   Code   RO         1005    .text.UART_Start_Receive_DMA  stm32f1xx_hal_uart.o
    0x08009044   0x08009044   0x00000094   Code   RO         1061    .text.UART_Transmit_IT  stm32f1xx_hal_uart.o
    0x080090d8   0x080090d8   0x000000d2   Code   RO          985    .text.UART_WaitOnFlagUntilTimeout  stm32f1xx_hal_uart.o
    0x080091aa   0x080091aa   0x00000002   PAD
    0x080091ac   0x080091ac   0x00000078   Code   RO         1378    .text.USART1_IRQHandler  callback.o
    0x08009224   0x08009224   0x00000072   Code   RO         1382    .text.USART2_IRQHandler  callback.o
    0x08009296   0x08009296   0x00000002   PAD
    0x08009298   0x08009298   0x00000078   Code   RO         1380    .text.USART3_IRQHandler  callback.o
    0x08009310   0x08009310   0x00000004   Code   RO          113    .text.UsageFault_Handler  stm32f1xx_it.o
    0x08009314   0x08009314   0x0000016e   Code   RO         1351    .text.Voice_Protocol_Analyze  voice.o
    0x08009482   0x08009482   0x00000002   PAD
    0x08009484   0x08009484   0x00000030   Code   RO          437    .text.__NVIC_EnableIRQ  stm32f1xx_hal_cortex.o
    0x080094b4   0x080094b4   0x00000010   Code   RO          429    .text.__NVIC_GetPriorityGrouping  stm32f1xx_hal_cortex.o
    0x080094c4   0x080094c4   0x00000042   Code   RO          431    .text.__NVIC_SetPriority  stm32f1xx_hal_cortex.o
    0x08009506   0x08009506   0x00000002   PAD
    0x08009508   0x08009508   0x0000003c   Code   RO          425    .text.__NVIC_SetPriorityGrouping  stm32f1xx_hal_cortex.o
    0x08009544   0x08009544   0x00000028   Code   RO         1267    .text.bsp_ADC_Init  bsp_adc.o
    0x0800956c   0x0800956c   0x00000022   Code   RO         1401    .text.fputc         public.o
    0x0800958e   0x0800958e   0x00000002   PAD
    0x08009590   0x08009590   0x00000050   Code   RO           11    .text.main          main.o
    0x080095e0   0x080095e0   0x00000020   Code   RO         1473    i.__0printf         mc_w.l(printfa.o)
    0x08009600   0x08009600   0x00000028   Code   RO         1475    i.__0sprintf        mc_w.l(printfa.o)
    0x08009628   0x08009628   0x0000000e   Code   RO         1600    i.__scatterload_copy  mc_w.l(handlers.o)
    0x08009636   0x08009636   0x00000002   Code   RO         1601    i.__scatterload_null  mc_w.l(handlers.o)
    0x08009638   0x08009638   0x0000000e   Code   RO         1602    i.__scatterload_zeroinit  mc_w.l(handlers.o)
    0x08009646   0x08009646   0x00000002   PAD
    0x08009648   0x08009648   0x00000184   Code   RO         1480    i._fp_digits        mc_w.l(printfa.o)
    0x080097cc   0x080097cc   0x0000000e   Code   RO         1568    i._is_digit         mc_w.l(scanf_fp.o)
    0x080097da   0x080097da   0x00000002   PAD
    0x080097dc   0x080097dc   0x000006dc   Code   RO         1481    i._printf_core      mc_w.l(printfa.o)
    0x08009eb8   0x08009eb8   0x00000024   Code   RO         1482    i._printf_post_padding  mc_w.l(printfa.o)
    0x08009edc   0x08009edc   0x0000002e   Code   RO         1483    i._printf_pre_padding  mc_w.l(printfa.o)
    0x08009f0a   0x08009f0a   0x0000000a   Code   RO         1485    i._sputc            mc_w.l(printfa.o)
    0x08009f14   0x08009f14   0x00000040   Data   RO         1596    .constdata          mc_w.l(ctype_c.o)
    0x08009f54   0x08009f54   0x00000010   Data   RO         1103    .rodata.AHBPrescTable  system_stm32f1xx.o
    0x08009f64   0x08009f64   0x00000008   Data   RO         1104    .rodata.APBPrescTable  system_stm32f1xx.o
    0x08009f6c   0x08009f6c   0x000000cc   Data   RO         1184    .rodata.CHN_16x16   oled.o
    0x0800a038   0x0800a038   0x00000010   Data   RO          358    .rodata.HAL_RCCEx_GetPeriphCLKFreq.aPLLMULFactorTable  stm32f1xx_hal_rcc_ex.o
    0x0800a048   0x0800a048   0x00000002   Data   RO          359    .rodata.HAL_RCCEx_GetPeriphCLKFreq.aPredivFactorTable  stm32f1xx_hal_rcc_ex.o
    0x0800a04a   0x0800a04a   0x00000010   Data   RO          343    .rodata.HAL_RCC_GetSysClockFreq.aPLLMULFactorTable  stm32f1xx_hal_rcc.o
    0x0800a05a   0x0800a05a   0x00000002   Data   RO          344    .rodata.HAL_RCC_GetSysClockFreq.aPredivFactorTable  stm32f1xx_hal_rcc.o
    0x0800a05c   0x0800a05c   0x000000f3   Data   RO         1259    .rodata.str1.1      menu.o
    0x0800a14f   0x0800a14f   0x000000eb   Data   RO         1302    .rodata.str1.1      bsp_uart3.o
    0x0800a23a   0x0800a23a   0x00000003   Data   RO         1404    .rodata.str1.1      public.o
    0x0800a23d   0x0800a23d   0x00000007   Data   RO         1431    .rodata.str1.1      system_init.o
    0x0800a244   0x0800a244   0x0000003d   Data   RO         1454    .rodata.str1.1      task.o
    0x0800a281   0x0800a281   0x000005f0   Data   RO         1183    .rodata.ucASCII_16x8  oled.o
    0x0800a871   0x0800a871   0x00000003   PAD
    0x0800a874   0x0800a874   0x00000020   Data   RO         1599    Region$$Table       anon$$obj.o


    Execution Region RW_IRAM1 (Exec base: 0x20000000, Load base: 0x0800a898, Size: 0x00000ae0, Max: 0x00005000, ABSOLUTE, COMPRESSED[0x00000110])

    Exec Addr    Load Addr    Size         Type   Attr      Idx    E Section Name        Object

    0x20000000   COMPRESSED   0x00000004   Data   RW         1542    .data               mc_w.l(stdout.o)
    0x20000004   COMPRESSED   0x00000018   Data   RW         1216    .data.Encoder       encoder.o
    0x2000001c   COMPRESSED   0x00000008   Data   RW         1283    .data.Infrared      infrared.o
    0x20000024   COMPRESSED   0x0000000c   Data   RW         1142    .data.KEY           key.o
    0x20000030   COMPRESSED   0x00000008   Data   RW         1159    .data.LED           led.o
    0x20000038   COMPRESSED   0x00000008   Data   RW         1257    .data.Menu          menu.o
    0x20000040   COMPRESSED   0x00000014   Data   RW         1202    .data.Motor         motor.o
    0x20000054   COMPRESSED   0x00000014   Data   RW         1185    .data.OLED          oled.o
    0x20000068   COMPRESSED   0x0000000c   Data   RW         1230    .data.PID           pid.o
    0x20000074   COMPRESSED   0x0000000c   Data   RW         1403    .data.Public        public.o
    0x20000080   COMPRESSED   0x00000018   Data   RW         1366    .data.Relay         relay.o
    0x20000098   COMPRESSED   0x00000008   Data   RW         1330    .data.SG90          sg90.o
    0x200000a0   COMPRESSED   0x0000000c   Data   RW         1420    .data.System        system.o
    0x200000ac   COMPRESSED   0x00000004   Data   RW         1102    .data.SystemCoreClock  system_stm32f1xx.o
    0x200000b0   COMPRESSED   0x00000004   Data   RW         1430    .data.System_Init   system_init.o
    0x200000b4   COMPRESSED   0x00000054   Data   RW         1452    .data.Task          task.o
    0x20000108   COMPRESSED   0x00000008   Data   RW         1353    .data.Voice         voice.o
    0x20000110   COMPRESSED   0x00000070   Data   RW         1271    .data.bsp_ADC       bsp_adc.o
    0x20000180   COMPRESSED   0x0000001c   Data   RW         1128    .data.bsp_IIC       bsp_iic.o
    0x2000019c   COMPRESSED   0x00000010   Data   RW         1318    .data.bsp_UART1     bsp_uart1.o
    0x200001ac   COMPRESSED   0x0000000c   Data   RW         1343    .data.bsp_UART2     bsp_uart2.o
    0x200001b8   COMPRESSED   0x00000014   Data   RW         1301    .data.bsp_UART3     bsp_uart3.o
    0x200001cc   COMPRESSED   0x00000001   Data   RW         1453    .data.ucTask_MAX    task.o
    0x200001cd   COMPRESSED   0x00000001   Data   RW          304    .data.uwTickFreq    stm32f1xx_hal.o
    0x200001ce   COMPRESSED   0x00000002   PAD
    0x200001d0   COMPRESSED   0x00000004   Data   RW          303    .data.uwTickPrio    stm32f1xx_hal.o
    0x200001d4   COMPRESSED   0x00000004   PAD
    0x200001d8        -       0x00000001   Zero   RW         1304    .bss.Bsp_UART3_Analyze.Relay_Flag_1  bsp_uart3.o
    0x200001d9        -       0x00000001   Zero   RW         1305    .bss.Bsp_UART3_Analyze.Relay_Flag_2  bsp_uart3.o
    0x200001da        -       0x00000001   Zero   RW         1303    .bss.Bsp_UART3_Analyze.Voice_Change_Flag  bsp_uart3.o
    0x200001db        -       0x00000001   Zero   RW         1384    .bss.HAL_TIM_PeriodElapsedCallback.Encoder_Cnt  callback.o
    0x200001dc        -       0x00000001   Zero   RW         1386    .bss.HAL_TIM_PeriodElapsedCallback.Key_Cnt  callback.o
    0x200001dd        -       0x00000001   Zero   RW         1385    .bss.HAL_TIM_PeriodElapsedCallback.Motor_Cnt  callback.o
    0x200001de   COMPRESSED   0x00000002   PAD
    0x200001e0        -       0x00000004   Zero   RW         1284    .bss.HW_PID_Out_Left_Speed  infrared.o
    0x200001e4        -       0x00000004   Zero   RW         1285    .bss.HW_PID_Out_Right_Speed  infrared.o
    0x200001e8        -       0x00000001   Zero   RW         1144    .bss.KEY_Scan.Key_Long_Flag  key.o
    0x200001e9        -       0x00000001   Zero   RW         1143    .bss.KEY_Scan.Key_old  key.o
    0x200001ea        -       0x00000001   Zero   RW         1147    .bss.Key_down       key.o
    0x200001eb        -       0x00000001   Zero   RW         1146    .bss.Key_up         key.o
    0x200001ec        -       0x00000001   Zero   RW         1145    .bss.Key_value      key.o
    0x200001ed        -       0x00000001   Zero   RW         1282    .bss.Last_State     infrared.o
    0x200001ee        -       0x00000001   Zero   RW         1258    .bss.Menu_Status    menu.o
    0x200001ef   COMPRESSED   0x00000001   PAD
    0x200001f0        -       0x00000010   Zero   RW         1186    .bss.OLED_Parameter_IIC  oled.o
    0x20000200        -       0x00000024   Zero   RW         1233    .bss.PID_HW_Tracking  pid.o
    0x20000224        -       0x00000024   Zero   RW         1231    .bss.PID_Motor_Left  pid.o
    0x20000248        -       0x00000024   Zero   RW         1232    .bss.PID_Motor_Right  pid.o
    0x2000026c        -       0x00000001   Zero   RW         1387    .bss.SysTick_Handler.Key_Cnt  callback.o
    0x2000026d        -       0x00000001   Zero   RW         1281    .bss.This_State     infrared.o
    0x2000026e        -       0x00000042   Zero   RW         1317    .bss.UART1_Rec_Arr  bsp_uart1.o
    0x200002b0        -       0x000000fa   Zero   RW         1342    .bss.UART2_Rec_Arr  bsp_uart2.o
    0x200003aa        -       0x00000042   Zero   RW         1300    .bss.UART3_Rec_Arr  bsp_uart3.o
    0x200003ec        -       0x00000030   Zero   RW           39    .bss.hadc1          adc.o
    0x2000041c        -       0x00000044   Zero   RW           40    .bss.hdma_adc1      adc.o
    0x20000460        -       0x00000044   Zero   RW           95    .bss.hdma_usart1_rx  usart.o
    0x200004a4        -       0x00000044   Zero   RW           96    .bss.hdma_usart2_rx  usart.o
    0x200004e8        -       0x00000044   Zero   RW           97    .bss.hdma_usart3_rx  usart.o
    0x2000052c        -       0x00000048   Zero   RW           72    .bss.htim1          tim.o
    0x20000574        -       0x00000048   Zero   RW           73    .bss.htim2          tim.o
    0x200005bc        -       0x00000048   Zero   RW           74    .bss.htim4          tim.o
    0x20000604        -       0x00000048   Zero   RW           92    .bss.huart1         usart.o
    0x2000064c        -       0x00000048   Zero   RW           93    .bss.huart2         usart.o
    0x20000694        -       0x00000048   Zero   RW           94    .bss.huart3         usart.o
    0x200006dc        -       0x00000004   Zero   RW          305    .bss.uwTick         stm32f1xx_hal.o
    0x200006e0        -       0x00000400   Zero   RW            1    STACK               startup_stm32f103xb.o


==============================================================================

Image component sizes


      Code (inc. data)   RO Data    RW Data    ZI Data      Debug   Object Name

       306          0          0          0        116       3989   adc.o
       184          0          0        112          0       1140   bsp_adc.o
      1112          0          0         28          0       3248   bsp_iic.o
        86          0          0         16         66       1088   bsp_uart1.o
       982          0          0         12        250       1828   bsp_uart2.o
      1936          0        235         20         69       2536   bsp_uart3.o
       958          0          0          0          4       4737   callback.o
       112          0          0          0          0       2005   dma.o
       348          0          0         24          0       1716   encoder.o
       410          0          0          0          0       1618   gpio.o
       924          0          0          8         10       1676   infrared.o
       366          0          0         12          5       1978   key.o
        82          0          0          8          0       1351   led.o
       238          0          0          0          0       1912   main.o
      1390          6        243          8          1       2388   menu.o
       586          0          0         20          0       2627   motor.o
      1186          0       1724         20         16       3559   oled.o
       346          0          0         12        108       1480   pid.o
       170          0          3         12          0       1583   public.o
       576          8          0         24          0       2240   relay.o
        12          0          0          8          0        853   sg90.o
        36          8        236          0       1024        800   startup_stm32f103xb.o
       254          0          0          5          4       5561   stm32f1xx_hal.o
      2042          0          0          0          0       9346   stm32f1xx_hal_adc.o
       394          0          0          0          0       7407   stm32f1xx_hal_adc_ex.o
       482          0          0          0          0       7518   stm32f1xx_hal_cortex.o
      1510          0          0          0          0       6264   stm32f1xx_hal_dma.o
       928          0          0          0          0       4222   stm32f1xx_hal_gpio.o
       100          0          0          0          0       1200   stm32f1xx_hal_msp.o
      2582          0         18          0          0       7412   stm32f1xx_hal_rcc.o
       862          0         18          0          0       3119   stm32f1xx_hal_rcc_ex.o
      4190         14          0          0          0      35453   stm32f1xx_hal_tim.o
       414          0          0          0          0      15072   stm32f1xx_hal_tim_ex.o
      3710          0          0          0          0      19933   stm32f1xx_hal_uart.o
       106          0          0          0          0       1442   stm32f1xx_it.o
       286          0          0         12          0       1258   system.o
       148          0          7          4          0        635   system_init.o
         2          0         24          4          0       1571   system_stm32f1xx.o
       214          0         61         85          0       1552   task.o
       978          0          0          0        216       8042   tim.o
       884          0          0          0        420       6112   usart.o
       366         10          0          8          0       1206   voice.o

    ----------------------------------------------------------------------
     32980         46       2604        464       2316     190677   Object Totals
         0          0         32          0          0          0   (incl. Generated)
       182          0          3          2          7          0   (incl. Padding)

    ----------------------------------------------------------------------

      Code (inc. data)   RO Data    RW Data    ZI Data      Debug   Library Member Name

        86          0          0          0          0          0   __dczerorl2.o
        28          0          0          0          0         68   _chval.o
       812          4          0          0          0        112   _scanf.o
       332          0          0          0          0         96   _scanf_int.o
       342          0          0          0          0        100   _scanf_longlong.o
       224          0          0          0          0         96   _scanf_str.o
        64          0          0          0          0         84   _sgetc.o
        40          6         64          0          0         68   ctype_c.o
         0          0          0          0          0          0   entry.o
         0          0          0          0          0          0   entry10a.o
         0          0          0          0          0          0   entry11a.o
         8          4          0          0          0          0   entry2.o
         4          0          0          0          0          0   entry5.o
         0          0          0          0          0          0   entry7b.o
         0          0          0          0          0          0   entry8b.o
         8          4          0          0          0          0   entry9a.o
        30          0          0          0          0          0   handlers.o
        36          8          0          0          0         68   init.o
        10          0          0          0          0         68   isspace_c.o
         0          0          0          0          0          0   iusefp.o
        30          0          0          0          0         68   llshl.o
        36          0          0          0          0         68   llsshr.o
        32          0          0          0          0         68   llushr.o
        36          0          0          0          0        108   memseta.o
      2308         96          0          0          0        604   printfa.o
        40          8          0          0          0         84   scanf_char.o
       878         12          0          0          0        216   scanf_fp.o
        56          8          0          0          0         84   sscanf.o
         0          0          0          4          0          0   stdout.o
        20          0          0          0          0         68   strchr.o
        14          0          0          0          0         68   strlen.o
        30          0          0          0          0         80   strncmp.o
        44          0          0          0          0         80   uidiv.o
        98          0          0          0          0         92   uldiv.o
        48          0          0          0          0         68   cdrcmple.o
        56          0          0          0          0         88   d2f.o
       334          0          0          0          0        148   dadd.o
       222          0          0          0          0        100   ddiv.o
       186          0          0          0          0        176   depilogue.o
        48          0          0          0          0         68   dfixul.o
        34          0          0          0          0         76   dflti.o
        24          0          0          0          0         76   dfltul.o
       228          0          0          0          0         96   dmul.o
        38          0          0          0          0         68   f2d.o
       176          0          0          0          0        140   fadd.o
        28          0          0          0          0         68   fcmpge.o
        28          0          0          0          0         68   fcmple.o
       124          0          0          0          0         88   fdiv.o
       110          0          0          0          0        168   fepilogue.o
        50          0          0          0          0         68   ffixi.o
        18          0          0          0          0         68   fflti.o
       100          0          0          0          0         76   fmul.o

    ----------------------------------------------------------------------
      7508        150         64          4          0       4156   Library Totals
        10          0          0          0          0          0   (incl. Padding)

    ----------------------------------------------------------------------

      Code (inc. data)   RO Data    RW Data    ZI Data      Debug   Library Name

      5646        150         64          4          0       2448   mc_w.l
      1852          0          0          0          0       1708   mf_w.l

    ----------------------------------------------------------------------
      7508        150         64          4          0       4156   Library Totals

    ----------------------------------------------------------------------

==============================================================================


      Code (inc. data)   RO Data    RW Data    ZI Data      Debug   

     40488        196       2668        468       2316     191977   Grand Totals
     40488        196       2668        272       2316     191977   ELF Image Totals (compressed)
     40488        196       2668        272          0          0   ROM Totals

==============================================================================

    Total RO  Size (Code + RO Data)                43156 (  42.14kB)
    Total RW  Size (RW Data + ZI Data)              2784 (   2.72kB)
    Total ROM Size (Code + RO Data + RW Data)      43428 (  42.41kB)

==============================================================================

