<html>
<body>
<pre>
<h1>µVision Build Log</h1>
<h2>Tool Versions:</h2>
IDE-Version: ¦ÌVision V5.38.0.0
Copyright (C) 2022 ARM Ltd and ARM Germany GmbH. All rights reserved.
License Information: ww www, www, LIC=9WSKC-74E2F-CXXU6-DTGAZ-PA1NV-DND1G
 
Tool Versions:
Toolchain:       MDK-ARM Plus  Version: 5.37.0.0
Toolchain Path:  E:\keil1\ARM\ARMCLANG\Bin
C Compiler:      ArmClang.exe V6.18
Assembler:       Armasm.exe V6.18
Linker/Locator:  ArmLink.exe V6.18
Library Manager: ArmAr.exe V6.18
Hex Converter:   FromElf.exe V6.18
CPU DLL:         SARMCM3.DLL V5.37.0.0
Dialog DLL:      DCM.DLL V1.17.5.0
Target DLL:      CMSIS_AGDI.dll V1.33.12.0
Dialog DLL:      TCM.DLL V1.56.1.0
 
<h2>Project:</h2>
f:\My_Code\STM32_Project\F1\rabbit_carV3\temple\MDK-ARM\temple.uvprojx
Project File Date:  12/03/2023

<h2>Output:</h2>
*** Using Compiler 'V6.18', folder: 'E:\keil1\ARM\ARMCLANG\Bin'
Rebuild target 'temple'
compiling stm32f1xx_it.c...
compiling adc.c...
compiling dma.c...
compiling stm32f1xx_hal.c...
compiling stm32f1xx_hal_gpio_ex.c...
compiling tim.c...
compiling gpio.c...
compiling stm32f1xx_hal_msp.c...
assembling startup_stm32f103xb.s...
compiling main.c...
compiling stm32f1xx_hal_rcc_ex.c...
compiling usart.c...
compiling stm32f1xx_hal_gpio.c...
compiling stm32f1xx_hal_adc_ex.c...
compiling stm32f1xx_hal_adc.c...
compiling stm32f1xx_hal_rcc.c...
compiling stm32f1xx_hal_dma.c...
compiling stm32f1xx_hal_cortex.c...
compiling stm32f1xx_hal_pwr.c...
compiling stm32f1xx_hal_flash.c...
compiling stm32f1xx_hal_exti.c...
compiling stm32f1xx_hal_flash_ex.c...
compiling system_stm32f1xx.c...
compiling LED.c...
compiling KEY.c...
compiling Encoder.c...
compiling Motor.c...
compiling bsp_UART1.c...
compiling PID.c...
compiling infrared.c...
compiling stm32f1xx_hal_tim_ex.c...
compiling stm32f1xx_hal_uart.c...
compiling bsp_UART3.c...
compiling bsp_IIC.c...
compiling OLED.c...
compiling stm32f1xx_hal_tim.c...
compiling Menu.c...
compiling bsp_ADC.c...
compiling bsp_UART2.c...
compiling Voice.c...
compiling Relay.c...
compiling System.c...
compiling System_Init.c...
compiling Task.c...
compiling Public.c...
compiling CallBack.c...
linking...
Program Size: Code=51008 RO-data=3148 RW-data=456 ZI-data=2744  
FromELF: creating hex file...
"temple\temple.axf" - 0 Error(s), 0 Warning(s).

<h2>Software Packages used:</h2>

Package Vendor: ARM
                http://www.keil.com/pack/ARM.CMSIS.5.9.0.pack
                ARM.CMSIS.5.9.0
                CMSIS (Common Microcontroller Software Interface Standard)
   * Component: CORE Version: 5.6.0

Package Vendor: Keil
                https://www.keil.com/pack/Keil.STM32F1xx_DFP.2.4.1.pack
                Keil.STM32F1xx_DFP.2.4.1
                STMicroelectronics STM32F1 Series Device Support, Drivers and Examples

<h2>Collection of Component include folders:</h2>
  ./RTE/_temple
  E:/keil1/ARM/CMSIS/5.9.0/CMSIS/Core/Include
  E:/keil1/Keil/STM32F1xx_DFP/2.4.1/Device/Include

<h2>Collection of Component Files used:</h2>

   * Component: ARM::CMSIS:CORE:5.6.0
      Include file:  CMSIS/Core/Include/tz_context.h
Build Time Elapsed:  00:00:02
</pre>
</body>
</html>
