Component: Arm Compiler for Embedded 6.18 Tool: armlink [5e4cc100]

==============================================================================

Section Cross References

    startup_stm32f103xb.o(STACK) refers (Special) to heapauxi.o(.text) for __use_two_region_memory
    startup_stm32f103xb.o(HEAP) refers (Special) to heapauxi.o(.text) for __use_two_region_memory
    startup_stm32f103xb.o(RESET) refers (Special) to heapauxi.o(.text) for __use_two_region_memory
    startup_stm32f103xb.o(RESET) refers to startup_stm32f103xb.o(STACK) for __initial_sp
    startup_stm32f103xb.o(RESET) refers to startup_stm32f103xb.o(.text) for Reset_Handler
    startup_stm32f103xb.o(RESET) refers to stm32f1xx_it.o(.text.NMI_Handler) for NMI_Handler
    startup_stm32f103xb.o(RESET) refers to stm32f1xx_it.o(.text.HardFault_Handler) for HardFault_Handler
    startup_stm32f103xb.o(RESET) refers to stm32f1xx_it.o(.text.MemManage_Handler) for MemManage_Handler
    startup_stm32f103xb.o(RESET) refers to stm32f1xx_it.o(.text.BusFault_Handler) for BusFault_Handler
    startup_stm32f103xb.o(RESET) refers to stm32f1xx_it.o(.text.UsageFault_Handler) for UsageFault_Handler
    startup_stm32f103xb.o(RESET) refers to stm32f1xx_it.o(.text.SVC_Handler) for SVC_Handler
    startup_stm32f103xb.o(RESET) refers to stm32f1xx_it.o(.text.DebugMon_Handler) for DebugMon_Handler
    startup_stm32f103xb.o(RESET) refers to stm32f1xx_it.o(.text.PendSV_Handler) for PendSV_Handler
    startup_stm32f103xb.o(RESET) refers to callback.o(.text.SysTick_Handler) for SysTick_Handler
    startup_stm32f103xb.o(RESET) refers to stm32f1xx_it.o(.text.DMA1_Channel1_IRQHandler) for DMA1_Channel1_IRQHandler
    startup_stm32f103xb.o(RESET) refers to stm32f1xx_it.o(.text.DMA1_Channel3_IRQHandler) for DMA1_Channel3_IRQHandler
    startup_stm32f103xb.o(RESET) refers to stm32f1xx_it.o(.text.DMA1_Channel5_IRQHandler) for DMA1_Channel5_IRQHandler
    startup_stm32f103xb.o(RESET) refers to stm32f1xx_it.o(.text.DMA1_Channel6_IRQHandler) for DMA1_Channel6_IRQHandler
    startup_stm32f103xb.o(RESET) refers to stm32f1xx_it.o(.text.TIM1_UP_IRQHandler) for TIM1_UP_IRQHandler
    startup_stm32f103xb.o(RESET) refers to stm32f1xx_it.o(.text.TIM2_IRQHandler) for TIM2_IRQHandler
    startup_stm32f103xb.o(RESET) refers to stm32f1xx_it.o(.text.TIM4_IRQHandler) for TIM4_IRQHandler
    startup_stm32f103xb.o(RESET) refers to callback.o(.text.USART1_IRQHandler) for USART1_IRQHandler
    startup_stm32f103xb.o(RESET) refers to callback.o(.text.USART2_IRQHandler) for USART2_IRQHandler
    startup_stm32f103xb.o(RESET) refers to callback.o(.text.USART3_IRQHandler) for USART3_IRQHandler
    startup_stm32f103xb.o(.text) refers (Special) to heapauxi.o(.text) for __use_two_region_memory
    startup_stm32f103xb.o(.text) refers to system_stm32f1xx.o(.text.SystemInit) for SystemInit
    startup_stm32f103xb.o(.text) refers to __main.o(!!!main) for __main
    startup_stm32f103xb.o(.text) refers to startup_stm32f103xb.o(HEAP) for Heap_Mem
    startup_stm32f103xb.o(.text) refers to startup_stm32f103xb.o(STACK) for Stack_Mem
    main.o(.text.main) refers to stm32f1xx_hal.o(.text.HAL_Init) for HAL_Init
    main.o(.text.main) refers to main.o(.text.SystemClock_Config) for SystemClock_Config
    main.o(.text.main) refers to gpio.o(.text.MX_GPIO_Init) for MX_GPIO_Init
    main.o(.text.main) refers to dma.o(.text.MX_DMA_Init) for MX_DMA_Init
    main.o(.text.main) refers to tim.o(.text.MX_TIM1_Init) for MX_TIM1_Init
    main.o(.text.main) refers to tim.o(.text.MX_TIM2_Init) for MX_TIM2_Init
    main.o(.text.main) refers to tim.o(.text.MX_TIM4_Init) for MX_TIM4_Init
    main.o(.text.main) refers to usart.o(.text.MX_USART1_UART_Init) for MX_USART1_UART_Init
    main.o(.text.main) refers to usart.o(.text.MX_USART3_UART_Init) for MX_USART3_UART_Init
    main.o(.text.main) refers to adc.o(.text.MX_ADC1_Init) for MX_ADC1_Init
    main.o(.text.main) refers to usart.o(.text.MX_USART2_UART_Init) for MX_USART2_UART_Init
    main.o(.text.main) refers to system_init.o(.data.System_Init) for System_Init
    main.o(.text.main) refers to system.o(.data.System) for System
    main.o(.ARM.exidx.text.main) refers to main.o(.text.main) for [Anonymous Symbol]
    main.o(.text.SystemClock_Config) refers to rt_memclr_w.o(.text) for __aeabi_memclr4
    main.o(.text.SystemClock_Config) refers to stm32f1xx_hal_rcc.o(.text.HAL_RCC_OscConfig) for HAL_RCC_OscConfig
    main.o(.text.SystemClock_Config) refers to main.o(.text.Error_Handler) for Error_Handler
    main.o(.text.SystemClock_Config) refers to stm32f1xx_hal_rcc.o(.text.HAL_RCC_ClockConfig) for HAL_RCC_ClockConfig
    main.o(.text.SystemClock_Config) refers to stm32f1xx_hal_rcc_ex.o(.text.HAL_RCCEx_PeriphCLKConfig) for HAL_RCCEx_PeriphCLKConfig
    main.o(.ARM.exidx.text.SystemClock_Config) refers to main.o(.text.SystemClock_Config) for [Anonymous Symbol]
    main.o(.ARM.exidx.text.Error_Handler) refers to main.o(.text.Error_Handler) for [Anonymous Symbol]
[...]
    HAL_UART_DMAStop                         0x08006b99   Thumb Code   204  stm32f1xx_hal_uart.o(.text.HAL_UART_DMAStop)
    HAL_UART_ErrorCallback                   0x08006c65   Thumb Code     8  stm32f1xx_hal_uart.o(.text.HAL_UART_ErrorCallback)
    HAL_UART_IRQHandler                      0x08006c6d   Thumb Code  1066  stm32f1xx_hal_uart.o(.text.HAL_UART_IRQHandler)
    HAL_UART_Init                            0x08007099   Thumb Code   158  stm32f1xx_hal_uart.o(.text.HAL_UART_Init)
    HAL_UART_MspInit                         0x08007139   Thumb Code   700  usart.o(.text.HAL_UART_MspInit)
    HAL_UART_Receive_DMA                     0x080073f5   Thumb Code    86  stm32f1xx_hal_uart.o(.text.HAL_UART_Receive_DMA)
    HAL_UART_RxCpltCallback                  0x0800744d   Thumb Code     8  stm32f1xx_hal_uart.o(.text.HAL_UART_RxCpltCallback)
    HAL_UART_RxHalfCpltCallback              0x08007455   Thumb Code     8  stm32f1xx_hal_uart.o(.text.HAL_UART_RxHalfCpltCallback)
    HAL_UART_Transmit                        0x0800745d   Thumb Code   286  stm32f1xx_hal_uart.o(.text.HAL_UART_Transmit)
    HAL_UART_TxCpltCallback                  0x0800757d   Thumb Code     8  stm32f1xx_hal_uart.o(.text.HAL_UART_TxCpltCallback)
    HardFault_Handler                        0x08007585   Thumb Code     4  stm32f1xx_it.o(.text.HardFault_Handler)
    MX_ADC1_Init                             0x08007cb9   Thumb Code   104  adc.o(.text.MX_ADC1_Init)
    MX_DMA_Init                              0x08007d21   Thumb Code   112  dma.o(.text.MX_DMA_Init)
    MX_GPIO_Init                             0x08007d91   Thumb Code   418  gpio.o(.text.MX_GPIO_Init)
    MX_TIM1_Init                             0x08007f35   Thumb Code   312  tim.o(.text.MX_TIM1_Init)
    MX_TIM2_Init                             0x0800806d   Thumb Code   130  tim.o(.text.MX_TIM2_Init)
    MX_TIM4_Init                             0x080080f1   Thumb Code   134  tim.o(.text.MX_TIM4_Init)
    MX_USART1_UART_Init                      0x08008179   Thumb Code    64  usart.o(.text.MX_USART1_UART_Init)
    MX_USART2_UART_Init                      0x080081b9   Thumb Code    64  usart.o(.text.MX_USART2_UART_Init)
    MX_USART3_UART_Init                      0x080081f9   Thumb Code    64  usart.o(.text.MX_USART3_UART_Init)
    MemManage_Handler                        0x08008239   Thumb Code     4  stm32f1xx_it.o(.text.MemManage_Handler)
    NMI_Handler                              0x08008a1d   Thumb Code     4  stm32f1xx_it.o(.text.NMI_Handler)
    PendSV_Handler                           0x08009435   Thumb Code     2  stm32f1xx_it.o(.text.PendSV_Handler)
    SVC_Handler                              0x08009711   Thumb Code     2  stm32f1xx_it.o(.text.SVC_Handler)
    SysTick_Handler                          0x0800979d   Thumb Code   114  callback.o(.text.SysTick_Handler)
    SystemClock_Config                       0x08009811   Thumb Code   144  main.o(.text.SystemClock_Config)
    SystemInit                               0x080098a1   Thumb Code     2  system_stm32f1xx.o(.text.SystemInit)
    TIM1_UP_IRQHandler                       0x080098b1   Thumb Code    16  stm32f1xx_it.o(.text.TIM1_UP_IRQHandler)
    TIM2_IRQHandler                          0x080098c1   Thumb Code    16  stm32f1xx_it.o(.text.TIM2_IRQHandler)
    TIM4_IRQHandler                          0x080098d1   Thumb Code    16  stm32f1xx_it.o(.text.TIM4_IRQHandler)
    TIM_Base_SetConfig                       0x080098e1   Thumb Code   240  stm32f1xx_hal_tim.o(.text.TIM_Base_SetConfig)
    TIM_CCxChannelCmd                        0x080099d1   Thumb Code    54  stm32f1xx_hal_tim.o(.text.TIM_CCxChannelCmd)
    TIM_ETR_SetConfig                        0x08009a09   Thumb Code    52  stm32f1xx_hal_tim.o(.text.TIM_ETR_SetConfig)
    TIM_OC2_SetConfig                        0x08009b39   Thumb Code   216  stm32f1xx_hal_tim.o(.text.TIM_OC2_SetConfig)
    UART_Start_Receive_DMA                   0x0800a4ed   Thumb Code   268  stm32f1xx_hal_uart.o(.text.UART_Start_Receive_DMA)
    USART1_IRQHandler                        0x0800a761   Thumb Code   120  callback.o(.text.USART1_IRQHandler)
    USART2_IRQHandler                        0x0800a7d9   Thumb Code   102  callback.o(.text.USART2_IRQHandler)
    USART3_IRQHandler                        0x0800a841   Thumb Code   120  callback.o(.text.USART3_IRQHandler)
    UsageFault_Handler                       0x0800a8b9   Thumb Code     4  stm32f1xx_it.o(.text.UsageFault_Handler)
    main                                     0x0800aaed   Thumb Code    80  main.o(.text.main)
    _btod_d2e                                0x0800ab3d   Thumb Code    62  btod.o(CL$$btod_d2e)
    _d2e_denorm_low                          0x0800ab7b   Thumb Code    70  btod.o(CL$$btod_d2e_denorm_low)
    _d2e_norm_op1                            0x0800abc1   Thumb Code    96  btod.o(CL$$btod_d2e_norm_op1)
    __btod_div_common                        0x0800ac21   Thumb Code   696  btod.o(CL$$btod_div_common)
    _e2d                                     0x0800af59   Thumb Code   122  btod.o(CL$$btod_e2d)
    _e2e                                     0x0800afdd   Thumb Code   220  btod.o(CL$$btod_e2e)
    _btod_ediv                               0x0800b0b9   Thumb Code    42  btod.o(CL$$btod_ediv)
    _btod_edivd                              0x0800b0e3   Thumb Code    42  btod.o(CL$$btod_edivd)
    _btod_emul                               0x0800b10d   Thumb Code    42  btod.o(CL$$btod_emul)
    _btod_emuld                              0x0800b137   Thumb Code    42  btod.o(CL$$btod_emuld)
    __btod_mult_common                       0x0800b161   Thumb Code   580  btod.o(CL$$btod_mult_common)
    __ARM_fpclassify                         0x0800b3a5   Thumb Code    40  fpclassify.o(i.__ARM_fpclassify)
    __mathlib_dbl_overflow                   0x0800b3cd   Thumb Code    14  dunder.o(i.__mathlib_dbl_overflow)
    __mathlib_dbl_underflow                  0x0800b3dd   Thumb Code    10  dunder.o(i.__mathlib_dbl_underflow)
    __mathlib_narrow                         0x0800b3ed   Thumb Code    16  narrow.o(i.__mathlib_narrow)
    __mathlib_tofloat                        0x0800b3fd   Thumb Code   184  narrow.o(i.__mathlib_tofloat)
    __support_ldexp                          0x0800b4b9   Thumb Code    22  ldexp.o(i.__support_ldexp)
    _is_digit                                0x0800b4cf   Thumb Code    14  __printf_wp.o(i._is_digit)
    frexp                                    0x0800b4dd   Thumb Code    80  frexp.o(i.frexp)
    ldexp                                    0x0800b535   Thumb Code   116  ldexp.o(i.ldexp)
    _get_lc_numeric                          0x0800b5a9   Thumb Code    44  lc_numeric_c.o(locale$$code)
    _get_lc_ctype                            0x0800b5d5   Thumb Code    44  lc_ctype_c.o(locale$$code)
    __aeabi_d2f                              0x0800b601   Thumb Code     0  d2f.o(x$fpl$d2f)
    _d2f                                     0x0800b601   Thumb Code    98  d2f.o(x$fpl$d2f)
    __aeabi_dadd                             0x0800b665   Thumb Code     0  daddsub_clz.o(x$fpl$dadd)
    _dadd                                    0x0800b665   Thumb Code   332  daddsub_clz.o(x$fpl$dadd)
    __fpl_dcheck_NaN1                        0x0800b7b5   Thumb Code    10  dcheck1.o(x$fpl$dcheck1)
    __fpl_dcmp_Inf                           0x0800b7c5   Thumb Code    24  dcmpi.o(x$fpl$dcmpinf)
    __aeabi_ddiv                             0x0800b7dd   Thumb Code     0  ddiv.o(x$fpl$ddiv)
    _ddiv                                    0x0800b7dd   Thumb Code   556  ddiv.o(x$fpl$ddiv)
    __aeabi_cdcmpeq                          0x0800ba91   Thumb Code     0  deqf.o(x$fpl$deqf)
    _dcmpeq                                  0x0800ba91   Thumb Code   120  deqf.o(x$fpl$deqf)
    __aeabi_i2d                              0x0800bb09   Thumb Code     0  dflt_clz.o(x$fpl$dflt)
    _dflt                                    0x0800bb09   Thumb Code    46  dflt_clz.o(x$fpl$dflt)
    __aeabi_cdcmple                          0x0800bb39   Thumb Code     0  dleqf.o(x$fpl$dleqf)
    _dcmple                                  0x0800bb39   Thumb Code   120  dleqf.o(x$fpl$dleqf)
    __fpl_dcmple_InfNaN                      0x0800bb9b   Thumb Code     0  dleqf.o(x$fpl$dleqf)
    __aeabi_dmul                             0x0800bbb1   Thumb Code     0  dmul.o(x$fpl$dmul)
    _dmul                                    0x0800bbb1   Thumb Code   332  dmul.o(x$fpl$dmul)
    __fpl_dnaninf                            0x0800bd05   Thumb Code   156  dnaninf.o(x$fpl$dnaninf)
    __fpl_dretinf                            0x0800bda1   Thumb Code    12  dretinf.o(x$fpl$dretinf)
    __aeabi_cdrcmple                         0x0800bdad   Thumb Code     0  drleqf.o(x$fpl$drleqf)
    _drcmple                                 0x0800bdad   Thumb Code   108  drleqf.o(x$fpl$drleqf)
    __aeabi_dsub                             0x0800be19   Thumb Code     0  daddsub_clz.o(x$fpl$dsub)
    _dsub                                    0x0800be19   Thumb Code   472  daddsub_clz.o(x$fpl$dsub)
    __aeabi_f2d                              0x0800bff5   Thumb Code     0  f2d.o(x$fpl$f2d)
    _f2d                                     0x0800bff5   Thumb Code    86  f2d.o(x$fpl$f2d)
    __aeabi_fadd                             0x0800c04d   Thumb Code     0  faddsub_clz.o(x$fpl$fadd)
    _fadd                                    0x0800c04d   Thumb Code   196  faddsub_clz.o(x$fpl$fadd)
    __aeabi_fcmpeq                           0x0800c111   Thumb Code     0  fcmp.o(x$fpl$fcmp)
    _feq                                     0x0800c111   Thumb Code    14  fcmp.o(x$fpl$fcmp)
    _fneq                                    0x0800c11f   Thumb Code    14  fcmp.o(x$fpl$fcmp)
    __aeabi_fcmpgt                           0x0800c12d   Thumb Code     0  fcmp.o(x$fpl$fcmp)
    _fgr                                     0x0800c12d   Thumb Code    14  fcmp.o(x$fpl$fcmp)
    __aeabi_fcmpge                           0x0800c13b   Thumb Code     0  fcmp.o(x$fpl$fcmp)
    _fgeq                                    0x0800c13b   Thumb Code    14  fcmp.o(x$fpl$fcmp)
    __aeabi_fcmple                           0x0800c149   Thumb Code     0  fcmp.o(x$fpl$fcmp)
    _fleq                                    0x0800c149   Thumb Code    14  fcmp.o(x$fpl$fcmp)
    __aeabi_fcmplt                           0x0800c157   Thumb Code     0  fcmp.o(x$fpl$fcmp)
    _fls                                     0x0800c157   Thumb Code    14  fcmp.o(x$fpl$fcmp)
    __fpl_fcmp_Inf                           0x0800c165   Thumb Code    24  fcmpi.o(x$fpl$fcmpinf)
    __aeabi_fdiv                             0x0800c17d   Thumb Code     0  fdiv.o(x$fpl$fdiv)
    _fdiv                                    0x0800c17d   Thumb Code   384  fdiv.o(x$fpl$fdiv)
    __aeabi_cfcmpeq                          0x0800c301   Thumb Code     0  feqf.o(x$fpl$feqf)
    _fcmpeq                                  0x0800c301   Thumb Code   104  feqf.o(x$fpl$feqf)
    __aeabi_f2iz                             0x0800c369   Thumb Code     0  ffix.o(x$fpl$ffix)
    _ffix                                    0x0800c369   Thumb Code    54  ffix.o(x$fpl$ffix)
    __aeabi_i2f                              0x0800c3a1   Thumb Code     0  fflt_clz.o(x$fpl$fflt)
    _fflt                                    0x0800c3a1   Thumb Code    48  fflt_clz.o(x$fpl$fflt)
    _fcmpge                                  0x0800c3d1   Thumb Code   104  fgeqf.o(x$fpl$fgeqf)
    __aeabi_cfcmple                          0x0800c439   Thumb Code     0  fleqf.o(x$fpl$fleqf)
    _fcmple                                  0x0800c439   Thumb Code   104  fleqf.o(x$fpl$fleqf)
    __fpl_fcmple_InfNaN                      0x0800c48b   Thumb Code     0  fleqf.o(x$fpl$fleqf)
    __aeabi_fmul                             0x0800c4a1   Thumb Code     0  fmul.o(x$fpl$fmul)
    _fmul                                    0x0800c4a1   Thumb Code   258  fmul.o(x$fpl$fmul)
    __fpl_fnaninf                            0x0800c5a3   Thumb Code   140  fnaninf.o(x$fpl$fnaninf)
    __fpl_fretinf                            0x0800c62f   Thumb Code    10  fretinf.o(x$fpl$fretinf)
    __aeabi_fsub                             0x0800c639   Thumb Code     0  faddsub_clz.o(x$fpl$fsub)
    _fsub                                    0x0800c639   Thumb Code   234  faddsub_clz.o(x$fpl$fsub)
    __ieee_status                            0x0800c723   Thumb Code     6  istatus.o(x$fpl$ieeestatus)
    _printf_fp_dec                           0x0800c729   Thumb Code     4  printf1.o(x$fpl$printf1)
    _printf_fp_hex                           0x0800c72d   Thumb Code     4  printf2.o(x$fpl$printf2)
    __fpl_return_NaN                         0x0800c731   Thumb Code   100  retnan.o(x$fpl$retnan)
    __ARM_scalbn                             0x0800c795   Thumb Code    92  scalbn.o(x$fpl$scalbn)
    _scanf_real                              0x0800c7f1   Thumb Code     4  scanf1.o(x$fpl$scanf1)
    _scanf_hex_real                          0x0800c7f5   Thumb Code     4  scanf2.o(x$fpl$scanf2)
    _scanf_infnan                            0x0800c7f9   Thumb Code     4  scanf2.o(x$fpl$scanf2)
    __fpl_cmpreturn                          0x0800c7fd   Thumb Code    48  trapv.o(x$fpl$trapveneer)
    __I$use$fp                               0x0800c82c   Number         0  usenofp.o(x$fpl$usenofp)
    AHBPrescTable                            0x0800c928   Data          16  system_stm32f1xx.o(.rodata.AHBPrescTable)
    APBPrescTable                            0x0800c938   Data           8  system_stm32f1xx.o(.rodata.APBPrescTable)
    CHN_16x16                                0x0800c940   Data         204  oled.o(.rodata.CHN_16x16)
    ucASCII_16x8                             0x0800cc3d   Data        1520  oled.o(.rodata.ucASCII_16x8)
    Region$$Table$$Base                      0x0800d230   Number         0  anon$$obj.o(Region$$Table)
    Region$$Table$$Limit                     0x0800d250   Number         0  anon$$obj.o(Region$$Table)
    __aeabi_HUGE_VAL                         0x0800d250   Data           0  fpconst.o(c$$dinf)
    __aeabi_HUGE_VALL                        0x0800d250   Data           0  fpconst.o(c$$dinf)
    __aeabi_INFINITY                         0x0800d250   Data           0  fpconst.o(c$$dinf)
    __dInf                                   0x0800d250   Data           0  fpconst.o(c$$dinf)
    __huge_val                               0x0800d250   Data           0  fpconst.o(c$$dinf)
    __dbl_max                                0x0800d258   Data           0  fpconst.o(c$$dmax)
    __ctype                                  0x0800d289   Data           0  lc_ctype_c.o(locale$$data)
    Encoder                                  0x20000000   Data          24  encoder.o(.data.Encoder)
    Infrared                                 0x20000018   Data           8  infrared.o(.data.Infrared)
    KEY                                      0x20000020   Data          20  key.o(.data.KEY)
    LED                                      0x20000034   Data           8  led.o(.data.LED)
    Menu                                     0x2000003c   Data           8  menu.o(.data.Menu)
    Motor                                    0x20000044   Data          20  motor.o(.data.Motor)
    OLED                                     0x20000058   Data          20  oled.o(.data.OLED)
    PID                                      0x2000006c   Data          12  pid.o(.data.PID)
    Public                                   0x20000078   Data          12  public.o(.data.Public)
    Relay                                    0x20000084   Data          24  relay.o(.data.Relay)
    System                                   0x2000009c   Data          12  system.o(.data.System)
    SystemCoreClock                          0x200000a8   Data           4  system_stm32f1xx.o(.data.SystemCoreClock)
    System_Init                              0x200000ac   Data           4  system_init.o(.data.System_Init)
    Task                                     0x200000b0   Data          72  task.o(.data.Task)
    Voice                                    0x200000f8   Data           8  voice.o(.data.Voice)
    bsp_ADC                                  0x20000100   Data         112  bsp_adc.o(.data.bsp_ADC)
    bsp_IIC                                  0x20000170   Data          28  bsp_iic.o(.data.bsp_IIC)
    bsp_UART1                                0x2000018c   Data          16  bsp_uart1.o(.data.bsp_UART1)
    bsp_UART2                                0x2000019c   Data          12  bsp_uart2.o(.data.bsp_UART2)
    bsp_UART3                                0x200001a8   Data          24  bsp_uart3.o(.data.bsp_UART3)
    ucTask_MAX                               0x200001c0   Data           1  task.o(.data.ucTask_MAX)
    uwTickFreq                               0x200001c1   Data           1  stm32f1xx_hal.o(.data.uwTickFreq)
    uwTickPrio                               0x200001c4   Data           4  stm32f1xx_hal.o(.data.uwTickPrio)
    __libspace_start                         0x200001c8   Data          96  libspace.o(.bss)
    __temporary_stack_top$libspace           0x20000228   Data           0  libspace.o(.bss)
    HW_PID_Out_Left_Speed                    0x20000230   Data           4  infrared.o(.bss.HW_PID_Out_Left_Speed)
    HW_PID_Out_Right_Speed                   0x20000234   Data           4  infrared.o(.bss.HW_PID_Out_Right_Speed)
    Last_state                               0x2000023c   Data           1  infrared.o(.bss.Last_state)
    Menu_Status                              0x2000023d   Data           1  menu.o(.bss.Menu_Status)
    OLED_Parameter_IIC                       0x20000240   Data          16  oled.o(.bss.OLED_Parameter_IIC)
    PID_HW_Tracking                          0x20000250   Data          36  pid.o(.bss.PID_HW_Tracking)
    PID_Motor_Left                           0x20000274   Data          36  pid.o(.bss.PID_Motor_Left)
    PID_Motor_Right                          0x20000298   Data          36  pid.o(.bss.PID_Motor_Right)
    This_state                               0x200002be   Data           1  infrared.o(.bss.This_state)
    UART1_Rec_Arr                            0x200002bf   Data          66  bsp_uart1.o(.bss.UART1_Rec_Arr)
    UART2_Rec_Arr                            0x20000301   Data          66  bsp_uart2.o(.bss.UART2_Rec_Arr)
    UART3_Rec_Arr                            0x20000343   Data          66  bsp_uart3.o(.bss.UART3_Rec_Arr)
    hadc1                                    0x20000388   Data          48  adc.o(.bss.hadc1)
    hdma_adc1                                0x200003b8   Data          68  adc.o(.bss.hdma_adc1)
    hdma_usart1_rx                           0x200003fc   Data          68  usart.o(.bss.hdma_usart1_rx)
    hdma_usart2_rx                           0x20000440   Data          68  usart.o(.bss.hdma_usart2_rx)
    hdma_usart3_rx                           0x20000484   Data          68  usart.o(.bss.hdma_usart3_rx)
    htim1                                    0x200004c8   Data          72  tim.o(.bss.htim1)
    htim2                                    0x20000510   Data          72  tim.o(.bss.htim2)
    htim4                                    0x20000558   Data          72  tim.o(.bss.htim4)
    huart1                                   0x200005a0   Data          72  usart.o(.bss.huart1)
    huart2                                   0x200005e8   Data          72  usart.o(.bss.huart2)
    huart3                                   0x20000630   Data          72  usart.o(.bss.huart3)
    uwTick                                   0x20000678   Data           4  stm32f1xx_hal.o(.bss.uwTick)



==============================================================================

Memory Map of the image

  Image Entry point : 0x080000ed

  Load Region LR_IROM1 (Base: 0x08000000, Size: 0x0000d558, Max: 0x00010000, ABSOLUTE, COMPRESSED[0x0000d490])

    Execution Region ER_IROM1 (Exec base: 0x08000000, Load base: 0x08000000, Size: 0x0000d38c, Max: 0x00010000, ABSOLUTE)

    Exec Addr    Load Addr    Size         Type   Attr      Idx    E Section Name        Object

    0x08000000   0x08000000   0x000000ec   Data   RO            3    RESET               startup_stm32f103xb.o
    0x080000ec   0x080000ec   0x00000008   Code   RO         1468  * !!!main             c_w.l(__main.o)
    0x080000f4   0x080000f4   0x00000034   Code   RO         1973    !!!scatter          c_w.l(__scatter.o)
    0x08000128   0x08000128   0x0000005a   Code   RO         1971    !!dczerorl2         c_w.l(__dczerorl2.o)
    0x08000182   0x08000182   0x00000002   PAD
    0x08000184   0x08000184   0x0000001c   Code   RO         1975    !!handler_zi        c_w.l(__scatter_zi.o)
    0x080001a0   0x080001a0   0x00000000   Code   RO         1598    .ARM.Collect$$_printf_percent$$00000000  c_w.l(_printf_percent.o)
    0x080001a0   0x080001a0   0x00000006   Code   RO         1587    .ARM.Collect$$_printf_percent$$00000001  c_w.l(_printf_n.o)
    0x080001a6   0x080001a6   0x00000006   Code   RO         1589    .ARM.Collect$$_printf_percent$$00000002  c_w.l(_printf_p.o)
    0x080001ac   0x080001ac   0x00000006   Code   RO         1594    .ARM.Collect$$_printf_percent$$00000003  c_w.l(_printf_f.o)
    0x080001b2   0x080001b2   0x00000006   Code   RO         1595    .ARM.Collect$$_printf_percent$$00000004  c_w.l(_printf_e.o)
    0x080001b8   0x080001b8   0x00000006   Code   RO         1596    .ARM.Collect$$_printf_percent$$00000005  c_w.l(_printf_g.o)
    0x080001be   0x080001be   0x00000006   Code   RO         1597    .ARM.Collect$$_printf_percent$$00000006  c_w.l(_printf_a.o)
    0x080001c4   0x080001c4   0x0000000a   Code   RO         1602    .ARM.Collect$$_printf_percent$$00000007  c_w.l(_printf_ll.o)
    0x080001ce   0x080001ce   0x00000006   Code   RO         1591    .ARM.Collect$$_printf_percent$$00000008  c_w.l(_printf_i.o)
    0x080001d4   0x080001d4   0x00000006   Code   RO         1592    .ARM.Collect$$_printf_percent$$00000009  c_w.l(_printf_d.o)
    0x080001da   0x080001da   0x00000006   Code   RO         1593    .ARM.Collect$$_printf_percent$$0000000A  c_w.l(_printf_u.o)
    0x080001e0   0x080001e0   0x00000006   Code   RO         1590    .ARM.Collect$$_printf_percent$$0000000B  c_w.l(_printf_o.o)
    0x080001e6   0x080001e6   0x00000006   Code   RO         1588    .ARM.Collect$$_printf_percent$$0000000C  c_w.l(_printf_x.o)
    0x080001ec   0x080001ec   0x00000006   Code   RO         1599    .ARM.Collect$$_printf_percent$$0000000D  c_w.l(_printf_lli.o)
    0x080001f2   0x080001f2   0x00000006   Code   RO         1600    .ARM.Collect$$_printf_percent$$0000000E  c_w.l(_printf_lld.o)
    0x080001f8   0x080001f8   0x00000006   Code   RO         1601    .ARM.Collect$$_printf_percent$$0000000F  c_w.l(_printf_llu.o)
    0x080001fe   0x080001fe   0x00000006   Code   RO         1606    .ARM.Collect$$_printf_percent$$00000010  c_w.l(_printf_llo.o)
    0x08000204   0x08000204   0x00000006   Code   RO         1607    .ARM.Collect$$_printf_percent$$00000011  c_w.l(_printf_llx.o)
    0x0800020a   0x0800020a   0x0000000a   Code   RO         1603    .ARM.Collect$$_printf_percent$$00000012  c_w.l(_printf_l.o)
    0x08000214   0x08000214   0x00000006   Code   RO         1585    .ARM.Collect$$_printf_percent$$00000013  c_w.l(_printf_c.o)
    0x0800021a   0x0800021a   0x00000006   Code   RO         1586    .ARM.Collect$$_printf_percent$$00000014  c_w.l(_printf_s.o)
    0x08000220   0x08000220   0x00000006   Code   RO         1604    .ARM.Collect$$_printf_percent$$00000015  c_w.l(_printf_lc.o)
    0x08000226   0x08000226   0x00000006   Code   RO         1605    .ARM.Collect$$_printf_percent$$00000016  c_w.l(_printf_ls.o)
    0x0800022c   0x0800022c   0x00000004   Code   RO         1683    .ARM.Collect$$_printf_percent$$00000017  c_w.l(_printf_percent_end.o)
    0x08000230   0x08000230   0x00000002   Code   RO         1758    .ARM.Collect$$libinit$$00000000  c_w.l(libinit.o)
    0x08000232   0x08000232   0x00000000   Code   RO         1798    .ARM.Collect$$libinit$$00000002  c_w.l(libinit2.o)
    0x08000232   0x08000232   0x00000000   Code   RO         1800    .ARM.Collect$$libinit$$00000004  c_w.l(libinit2.o)
    0x08000232   0x08000232   0x00000000   Code   RO         1802    .ARM.Collect$$libinit$$00000006  c_w.l(libinit2.o)
    0x08000232   0x08000232   0x00000000   Code   RO         1805    .ARM.Collect$$libinit$$0000000C  c_w.l(libinit2.o)
    0x08000232   0x08000232   0x00000000   Code   RO         1807    .ARM.Collect$$libinit$$0000000E  c_w.l(libinit2.o)
    0x08000232   0x08000232   0x00000000   Code   RO         1809    .ARM.Collect$$libinit$$00000010  c_w.l(libinit2.o)
    0x08000232   0x08000232   0x00000006   Code   RO         1810    .ARM.Collect$$libinit$$00000011  c_w.l(libinit2.o)
    0x08000238   0x08000238   0x00000000   Code   RO         1812    .ARM.Collect$$libinit$$00000013  c_w.l(libinit2.o)
    0x08000238   0x08000238   0x0000000c   Code   RO         1813    .ARM.Collect$$libinit$$00000014  c_w.l(libinit2.o)
    0x08000244   0x08000244   0x00000000   Code   RO         1814    .ARM.Collect$$libinit$$00000015  c_w.l(libinit2.o)
    0x08000244   0x08000244   0x00000000   Code   RO         1816    .ARM.Collect$$libinit$$00000017  c_w.l(libinit2.o)
    0x08000244   0x08000244   0x0000000a   Code   RO         1817    .ARM.Collect$$libinit$$00000018  c_w.l(libinit2.o)
    0x0800024e   0x0800024e   0x00000000   Code   RO         1818    .ARM.Collect$$libinit$$00000019  c_w.l(libinit2.o)
    0x0800024e   0x0800024e   0x00000000   Code   RO         1820    .ARM.Collect$$libinit$$0000001B  c_w.l(libinit2.o)
    0x0800024e   0x0800024e   0x00000000   Code   RO         1822    .ARM.Collect$$libinit$$0000001D  c_w.l(libinit2.o)
    0x0800024e   0x0800024e   0x00000000   Code   RO         1824    .ARM.Collect$$libinit$$0000001F  c_w.l(libinit2.o)
    0x0800024e   0x0800024e   0x00000000   Code   RO         1826    .ARM.Collect$$libinit$$00000021  c_w.l(libinit2.o)
    0x0800024e   0x0800024e   0x00000000   Code   RO         1828    .ARM.Collect$$libinit$$00000023  c_w.l(libinit2.o)
    0x0800024e   0x0800024e   0x00000000   Code   RO         1830    .ARM.Collect$$libinit$$00000025  c_w.l(libinit2.o)
    0x0800024e   0x0800024e   0x00000000   Code   RO         1832    .ARM.Collect$$libinit$$00000027  c_w.l(libinit2.o)
    0x0800024e   0x0800024e   0x00000000   Code   RO         1836    .ARM.Collect$$libinit$$0000002E  c_w.l(libinit2.o)
    0x0800024e   0x0800024e   0x00000000   Code   RO         1838    .ARM.Collect$$libinit$$00000030  c_w.l(libinit2.o)
    0x0800024e   0x0800024e   0x00000000   Code   RO         1840    .ARM.Collect$$libinit$$00000032  c_w.l(libinit2.o)
    0x0800024e   0x0800024e   0x00000000   Code   RO         1842    .ARM.Collect$$libinit$$00000034  c_w.l(libinit2.o)
    0x0800024e   0x0800024e   0x00000002   Code   RO         1843    .ARM.Collect$$libinit$$00000035  c_w.l(libinit2.o)
    0x08000250   0x08000250   0x00000002   Code   RO         1887    .ARM.Collect$$libshutdown$$00000000  c_w.l(libshutdown.o)
    0x08000252   0x08000252   0x00000000   Code   RO         1918    .ARM.Collect$$libshutdown$$00000002  c_w.l(libshutdown2.o)
    0x08000252   0x08000252   0x00000000   Code   RO         1920    .ARM.Collect$$libshutdown$$00000004  c_w.l(libshutdown2.o)
    0x08000252   0x08000252   0x00000000   Code   RO         1923    .ARM.Collect$$libshutdown$$00000007  c_w.l(libshutdown2.o)
    0x08000252   0x08000252   0x00000000   Code   RO         1926    .ARM.Collect$$libshutdown$$0000000A  c_w.l(libshutdown2.o)
    0x08000252   0x08000252   0x00000000   Code   RO         1928    .ARM.Collect$$libshutdown$$0000000C  c_w.l(libshutdown2.o)
    0x08000252   0x08000252   0x00000000   Code   RO         1931    .ARM.Collect$$libshutdown$$0000000F  c_w.l(libshutdown2.o)
    0x08000252   0x08000252   0x00000002   Code   RO         1932    .ARM.Collect$$libshutdown$$00000010  c_w.l(libshutdown2.o)
    0x08000254   0x08000254   0x00000000   Code   RO         1516    .ARM.Collect$$rtentry$$00000000  c_w.l(__rtentry.o)
    0x08000254   0x08000254   0x00000000   Code   RO         1650    .ARM.Collect$$rtentry$$00000002  c_w.l(__rtentry2.o)
    0x08000254   0x08000254   0x00000006   Code   RO         1662    .ARM.Collect$$rtentry$$00000004  c_w.l(__rtentry4.o)
    0x0800025a   0x0800025a   0x00000000   Code   RO         1652    .ARM.Collect$$rtentry$$00000009  c_w.l(__rtentry2.o)
    0x0800025a   0x0800025a   0x00000004   Code   RO         1653    .ARM.Collect$$rtentry$$0000000A  c_w.l(__rtentry2.o)
    0x0800025e   0x0800025e   0x00000000   Code   RO         1655    .ARM.Collect$$rtentry$$0000000C  c_w.l(__rtentry2.o)
    0x0800025e   0x0800025e   0x00000008   Code   RO         1656    .ARM.Collect$$rtentry$$0000000D  c_w.l(__rtentry2.o)
    0x08000266   0x08000266   0x00000002   Code   RO         1782    .ARM.Collect$$rtexit$$00000000  c_w.l(rtexit.o)
    0x08000268   0x08000268   0x00000000   Code   RO         1853    .ARM.Collect$$rtexit$$00000002  c_w.l(rtexit2.o)
    0x08000268   0x08000268   0x00000004   Code   RO         1854    .ARM.Collect$$rtexit$$00000003  c_w.l(rtexit2.o)
    0x0800026c   0x0800026c   0x00000006   Code   RO         1855    .ARM.Collect$$rtexit$$00000004  c_w.l(rtexit2.o)
    0x08000272   0x08000272   0x00000002   PAD
    0x08000274   0x08000274   0x00000040   Code   RO            4    .text               startup_stm32f103xb.o
    0x080002b4   0x080002b4   0x0000002c   Code   RO         1452    .text               c_w.l(sprintf.o)
    0x080002e0   0x080002e0   0x0000003c   Code   RO         1454    .text               c_w.l(sscanf.o)
    0x0800031c   0x0800031c   0x00000014   Code   RO         1456    .text               c_w.l(strchr.o)
    0x08000330   0x08000330   0x0000003e   Code   RO         1458    .text               c_w.l(strlen.o)
    0x0800036e   0x0800036e   0x00000096   Code   RO         1460    .text               c_w.l(strncmp.o)
    0x08000404   0x08000404   0x00000044   Code   RO         1462    .text               c_w.l(rt_memclr.o)
    0x08000448   0x08000448   0x0000004e   Code   RO         1464    .text               c_w.l(rt_memclr_w.o)
    0x08000496   0x08000496   0x00000006   Code   RO         1466    .text               c_w.l(heapauxi.o)
    0x0800049c   0x0800049c   0x0000004e   Code   RO         1519    .text               c_w.l(_printf_pad.o)
    0x080004ea   0x080004ea   0x00000024   Code   RO         1521    .text               c_w.l(_printf_truncate.o)
    0x0800050e   0x0800050e   0x00000052   Code   RO         1523    .text               c_w.l(_printf_str.o)
    0x08000560   0x08000560   0x00000078   Code   RO         1525    .text               c_w.l(_printf_dec.o)
    0x080005d8   0x080005d8   0x00000028   Code   RO         1527    .text               c_w.l(_printf_charcount.o)
    0x08000600   0x08000600   0x00000030   Code   RO         1529    .text               c_w.l(_printf_char_common.o)
    0x08000630   0x08000630   0x0000000a   Code   RO         1531    .text               c_w.l(_sputc.o)
    0x0800063a   0x0800063a   0x00000002   PAD
    0x0800063c   0x0800063c   0x000000bc   Code   RO         1533    .text               c_w.l(_printf_wctomb.o)
    0x080006f8   0x080006f8   0x0000007c   Code   RO         1536    .text               c_w.l(_printf_longlong_dec.o)
    0x08000774   0x08000774   0x00000070   Code   RO         1542    .text               c_w.l(_printf_oct_int_ll.o)
    0x080007e4   0x080007e4   0x00000094   Code   RO         1562    .text               c_w.l(_printf_hex_int_ll_ptr.o)
    0x08000878   0x08000878   0x00000188   Code   RO         1582    .text               c_w.l(__printf_flags_ss_wp.o)
    0x08000a00   0x08000a00   0x00000156   Code   RO         1608    .text               c_w.l(_scanf_longlong.o)
    0x08000b56   0x08000b56   0x0000014c   Code   RO         1610    .text               c_w.l(_scanf_int.o)
    0x08000ca2   0x08000ca2   0x000000e0   Code   RO         1612    .text               c_w.l(_scanf_str.o)
    0x08000d82   0x08000d82   0x00000002   PAD
    0x08000d84   0x08000d84   0x0000002c   Code   RO         1614    .text               c_w.l(scanf_char.o)
    0x08000db0   0x08000db0   0x00000040   Code   RO         1616    .text               c_w.l(_sgetc.o)
    0x08000df0   0x08000df0   0x00000114   Code   RO         1618    .text               c_w.l(_scanf_mbtowc.o)
    0x08000f04   0x08000f04   0x000000e8   Code   RO         1620    .text               c_w.l(_scanf_wctomb.o)
    0x08000fec   0x08000fec   0x000000d0   Code   RO         1622    .text               c_w.l(_scanf_wstr.o)
    0x080010bc   0x080010bc   0x0000008a   Code   RO         1664    .text               c_w.l(lludiv10.o)
    0x08001146   0x08001146   0x00000012   Code   RO         1666    .text               c_w.l(isspace.o)
    0x08001158   0x08001158   0x000000b2   Code   RO         1668    .text               c_w.l(_printf_intcommon.o)
    0x0800120a   0x0800120a   0x0000041c   Code   RO         1670    .text               c_w.l(_printf_fp_dec.o)
    0x08001626   0x08001626   0x00000002   PAD
    0x08001628   0x08001628   0x000002fc   Code   RO         1674    .text               c_w.l(_printf_fp_hex.o)
    0x08001924   0x08001924   0x0000002c   Code   RO         1679    .text               c_w.l(_printf_char.o)
    0x08001950   0x08001950   0x0000002c   Code   RO         1681    .text               c_w.l(_printf_wchar.o)
    0x0800197c   0x0800197c   0x0000001c   Code   RO         1684    .text               c_w.l(_chval.o)
    0x08001998   0x08001998   0x00000374   Code   RO         1686    .text               c_w.l(_scanf.o)
    0x08001d0c   0x08001d0c   0x000004f8   Code   RO         1688    .text               c_w.l(scanf_fp.o)
    0x08002204   0x08002204   0x0000001e   Code   RO         1692    .text               c_w.l(_scanf_wcharmap.o)
    0x08002222   0x08002222   0x00000040   Code   RO         1694    .text               c_w.l(_mbrtoc16.o)
    0x08002262   0x08002262   0x00000048   Code   RO         1696    .text               c_w.l(_c16rtomb.o)
    0x080022aa   0x080022aa   0x0000004a   Code   RO         1700    .text               c_w.l(sys_stackheap_outer.o)
    0x080022f4   0x080022f4   0x00000010   Code   RO         1702    .text               c_w.l(rt_ctype_table.o)
    0x08002304   0x08002304   0x00000008   Code   RO         1707    .text               c_w.l(rt_locale_intlibspace.o)
    0x0800230c   0x0800230c   0x00000008   Code   RO         1712    .text               c_w.l(rt_errno_addr_intlibspace.o)
    0x08002314   0x08002314   0x00000026   Code   RO         1714    .text               c_w.l(llshl.o)
    0x0800233a   0x0800233a   0x00000002   PAD
    0x0800233c   0x0800233c   0x00000080   Code   RO         1716    .text               c_w.l(_printf_fp_infnan.o)
    0x080023bc   0x080023bc   0x000000e4   Code   RO         1718    .text               c_w.l(bigflt0.o)
    0x080024a0   0x080024a0   0x00000012   Code   RO         1751    .text               c_w.l(exit.o)
    0x080024b2   0x080024b2   0x00000002   PAD
    0x080024b4   0x080024b4   0x00000008   Code   RO         1779    .text               c_w.l(libspace.o)
    0x080024bc   0x080024bc   0x00000016   Code   RO         1784    .text               c_w.l(_rserrno.o)
    0x080024d2   0x080024d2   0x00000002   PAD
    0x080024d4   0x080024d4   0x00000320   Code   RO         1786    .text               c_w.l(scanf_hexfp.o)
    0x080027f4   0x080027f4   0x00000134   Code   RO         1788    .text               c_w.l(scanf_infnan.o)
    0x08002928   0x08002928   0x00000080   Code   RO         1795    .text               c_w.l(strcmpv7m.o)
    0x080029a8   0x080029a8   0x0000000c   Code   RO         1877    .text               c_w.l(sys_exit.o)
    0x080029b4   0x080029b4   0x00000002   Code   RO         1908    .text               c_w.l(use_no_semi.o)
    0x080029b6   0x080029b6   0x00000000   Code   RO         1910    .text               c_w.l(indicate_semi.o)
    0x080029b6   0x080029b6   0x00000002   PAD
    0x080029b8   0x080029b8   0x00000082   Code   RO          167    .text.ADC_ConversionStop_Disable  stm32f1xx_hal_adc.o
    0x08002a3a   0x08002a3a   0x00000002   PAD
    0x08002a3c   0x08002a3c   0x00000078   Code   RO          189    .text.ADC_DMAConvCplt  stm32f1xx_hal_adc.o
    0x08002ab4   0x08002ab4   0x0000002a   Code   RO          193    .text.ADC_DMAError  stm32f1xx_hal_adc.o
    0x08002ade   0x08002ade   0x00000002   PAD
    0x08002ae0   0x08002ae0   0x00000016   Code   RO          191    .text.ADC_DMAHalfConvCplt  stm32f1xx_hal_adc.o
    0x08002af6   0x08002af6   0x00000002   PAD
    0x08002af8   0x08002af8   0x000000bc   Code   RO          175    .text.ADC_Enable    stm32f1xx_hal_adc.o
    0x08002bb4   0x08002bb4   0x00000090   Code   RO         1319    .text.Bsp_ADC_Get_Battery_Voltage  bsp_adc.o
    0x08002c44   0x08002c44   0x00000028   Code   RO         1317    .text.Bsp_ADC_Init  bsp_adc.o
    0x08002c6c   0x08002c6c   0x00000030   Code   RO         1195    .text.Bsp_UART1_Handler  bsp_uart1.o
    0x08002c9c   0x08002c9c   0x00000026   Code   RO         1193    .text.Bsp_UART1_Init  bsp_uart1.o
    0x08002cc2   0x08002cc2   0x00000002   PAD
    0x08002cc4   0x08002cc4   0x000003c6   Code   RO         1331    .text.Bsp_UART2_Handler  bsp_uart2.o
    0x0800308a   0x0800308a   0x00000002   PAD
    0x0800308c   0x0800308c   0x00000026   Code   RO         1329    .text.Bsp_UART2_Init  bsp_uart2.o
    0x080030b2   0x080030b2   0x00000002   PAD
    0x080030b4   0x080030b4   0x0000070c   Code   RO         1225    .text.Bsp_UART3_Analyze  bsp_uart3.o
    0x080037c0   0x080037c0   0x00000030   Code   RO         1221    .text.Bsp_UART3_Handler  bsp_uart3.o
    0x080037f0   0x080037f0   0x00000026   Code   RO         1219    .text.Bsp_UART3_Init  bsp_uart3.o
    0x08003816   0x08003816   0x00000002   PAD
    0x08003818   0x08003818   0x00000022   Code   RO         1223    .text.Bsp_UART3_Send_Data  bsp_uart3.o
    0x0800383a   0x0800383a   0x00000002   PAD
    0x0800383c   0x0800383c   0x00000004   Code   RO          111    .text.BusFault_Handler  stm32f1xx_it.o
    0x08003840   0x08003840   0x00000010   Code   RO          121    .text.DMA1_Channel1_IRQHandler  stm32f1xx_it.o
    0x08003850   0x08003850   0x00000010   Code   RO          123    .text.DMA1_Channel3_IRQHandler  stm32f1xx_it.o
    0x08003860   0x08003860   0x00000010   Code   RO          125    .text.DMA1_Channel5_IRQHandler  stm32f1xx_it.o
    0x08003870   0x08003870   0x00000010   Code   RO          127    .text.DMA1_Channel6_IRQHandler  stm32f1xx_it.o
    0x08003880   0x08003880   0x00000050   Code   RO          400    .text.DMA_SetConfig  stm32f1xx_hal_dma.o
    0x080038d0   0x080038d0   0x00000002   Code   RO          117    .text.DebugMon_Handler  stm32f1xx_it.o
    0x080038d2   0x080038d2   0x00000002   PAD
    0x080038d4   0x080038d4   0x00000068   Code   RO         1166    .text.Encoder_Get_Mileage  encoder.o
    0x0800393c   0x0800393c   0x000000ae   Code   RO         1164    .text.Encoder_Get_Speed  encoder.o
    0x080039ea   0x080039ea   0x00000002   PAD
    0x080039ec   0x080039ec   0x00000036   Code   RO         1162    .text.Encoder_Init  encoder.o
    0x08003a22   0x08003a22   0x00000002   PAD
    0x08003a24   0x08003a24   0x0000000e   Code   RO           15    .text.Error_Handler  main.o
    0x08003a32   0x08003a32   0x00000002   PAD
    0x08003a34   0x08003a34   0x0000018a   Code   RO          224    .text.HAL_ADCEx_Calibration_Start  stm32f1xx_hal_adc_ex.o
    0x08003bbe   0x08003bbe   0x00000002   PAD
    0x08003bc0   0x08003bc0   0x000001b4   Code   RO          209    .text.HAL_ADC_ConfigChannel  stm32f1xx_hal_adc.o
    0x08003d74   0x08003d74   0x00000008   Code   RO          201    .text.HAL_ADC_ConvCpltCallback  stm32f1xx_hal_adc.o
    0x08003d7c   0x08003d7c   0x00000008   Code   RO          205    .text.HAL_ADC_ConvHalfCpltCallback  stm32f1xx_hal_adc.o
    0x08003d84   0x08003d84   0x00000008   Code   RO          207    .text.HAL_ADC_ErrorCallback  stm32f1xx_hal_adc.o
    0x08003d8c   0x08003d8c   0x00000212   Code   RO          163    .text.HAL_ADC_Init  stm32f1xx_hal_adc.o
    0x08003f9e   0x08003f9e   0x00000002   PAD
    0x08003fa0   0x08003fa0   0x000000ca   Code   RO           35    .text.HAL_ADC_MspInit  adc.o
    0x0800406a   0x0800406a   0x00000002   PAD
    0x0800406c   0x0800406c   0x00000226   Code   RO          187    .text.HAL_ADC_Start_DMA  stm32f1xx_hal_adc.o
    0x08004292   0x08004292   0x00000002   PAD
    0x08004294   0x08004294   0x0000007c   Code   RO          404    .text.HAL_DMA_Abort  stm32f1xx_hal_dma.o
    0x08004310   0x08004310   0x0000011c   Code   RO          406    .text.HAL_DMA_Abort_IT  stm32f1xx_hal_dma.o
    0x0800442c   0x0800442c   0x00000286   Code   RO          410    .text.HAL_DMA_IRQHandler  stm32f1xx_hal_dma.o
    0x080046b2   0x080046b2   0x00000002   PAD
    0x080046b4   0x080046b4   0x000000ae   Code   RO          394    .text.HAL_DMA_Init  stm32f1xx_hal_dma.o
    0x08004762   0x08004762   0x00000002   PAD
    0x08004764   0x08004764   0x000000ca   Code   RO          402    .text.HAL_DMA_Start_IT  stm32f1xx_hal_dma.o
    0x0800482e   0x0800482e   0x00000002   PAD
    0x08004830   0x08004830   0x00000042   Code   RO          277    .text.HAL_Delay     stm32f1xx_hal.o
    0x08004872   0x08004872   0x00000002   PAD
    0x08004874   0x08004874   0x0000031e   Code   RO          371    .text.HAL_GPIO_Init  stm32f1xx_hal_gpio.o
    0x08004b92   0x08004b92   0x00000002   PAD
    0x08004b94   0x08004b94   0x0000002e   Code   RO          375    .text.HAL_GPIO_ReadPin  stm32f1xx_hal_gpio.o
    0x08004bc2   0x08004bc2   0x00000002   PAD
    0x08004bc4   0x08004bc4   0x00000026   Code   RO          379    .text.HAL_GPIO_TogglePin  stm32f1xx_hal_gpio.o
    0x08004bea   0x08004bea   0x00000002   PAD
    0x08004bec   0x08004bec   0x0000002e   Code   RO          377    .text.HAL_GPIO_WritePin  stm32f1xx_hal_gpio.o
    0x08004c1a   0x08004c1a   0x00000002   PAD
    0x08004c1c   0x08004c1c   0x0000000c   Code   RO          269    .text.HAL_GetTick   stm32f1xx_hal.o
    0x08004c28   0x08004c28   0x0000001a   Code   RO          267    .text.HAL_IncTick   stm32f1xx_hal.o
    0x08004c42   0x08004c42   0x00000002   PAD
    0x08004c44   0x08004c44   0x00000026   Code   RO          257    .text.HAL_Init      stm32f1xx_hal.o
    0x08004c6a   0x08004c6a   0x00000002   PAD
    0x08004c6c   0x08004c6c   0x00000070   Code   RO          259    .text.HAL_InitTick  stm32f1xx_hal.o
    0x08004cdc   0x08004cdc   0x00000064   Code   RO          142    .text.HAL_MspInit   stm32f1xx_hal_msp.o
    0x08004d40   0x08004d40   0x00000014   Code   RO          439    .text.HAL_NVIC_EnableIRQ  stm32f1xx_hal_cortex.o
    0x08004d54   0x08004d54   0x00000032   Code   RO          431    .text.HAL_NVIC_SetPriority  stm32f1xx_hal_cortex.o
    0x08004d86   0x08004d86   0x00000002   PAD
    0x08004d88   0x08004d88   0x00000010   Code   RO          427    .text.HAL_NVIC_SetPriorityGrouping  stm32f1xx_hal_cortex.o
    0x08004d98   0x08004d98   0x00000196   Code   RO          360    .text.HAL_RCCEx_GetPeriphCLKFreq  stm32f1xx_hal_rcc_ex.o
    0x08004f2e   0x08004f2e   0x00000002   PAD
    0x08004f30   0x08004f30   0x000001c8   Code   RO          356    .text.HAL_RCCEx_PeriphCLKConfig  stm32f1xx_hal_rcc_ex.o
    0x080050f8   0x080050f8   0x00000256   Code   RO          323    .text.HAL_RCC_ClockConfig  stm32f1xx_hal_rcc.o
    0x0800534e   0x0800534e   0x00000002   PAD
    0x08005350   0x08005350   0x0000000c   Code   RO          333    .text.HAL_RCC_GetHCLKFreq  stm32f1xx_hal_rcc.o
    0x0800535c   0x0800535c   0x00000022   Code   RO          335    .text.HAL_RCC_GetPCLK1Freq  stm32f1xx_hal_rcc.o
    0x0800537e   0x0800537e   0x00000002   PAD
    0x08005380   0x08005380   0x00000022   Code   RO          337    .text.HAL_RCC_GetPCLK2Freq  stm32f1xx_hal_rcc.o
    0x080053a2   0x080053a2   0x00000002   PAD
    0x080053a4   0x080053a4   0x000000bc   Code   RO          325    .text.HAL_RCC_GetSysClockFreq  stm32f1xx_hal_rcc.o
    0x08005460   0x08005460   0x0000067a   Code   RO          319    .text.HAL_RCC_OscConfig  stm32f1xx_hal_rcc.o
    0x08005ada   0x08005ada   0x00000002   PAD
    0x08005adc   0x08005adc   0x00000010   Code   RO          451    .text.HAL_SYSTICK_Config  stm32f1xx_hal_cortex.o
    0x08005aec   0x08005aec   0x00000008   Code   RO          958    .text.HAL_TIMEx_BreakCallback  stm32f1xx_hal_tim_ex.o
    0x08005af4   0x08005af4   0x00000008   Code   RO          954    .text.HAL_TIMEx_CommutCallback  stm32f1xx_hal_tim_ex.o
    0x08005afc   0x08005afc   0x000000b2   Code   RO          950    .text.HAL_TIMEx_ConfigBreakDeadTime  stm32f1xx_hal_tim_ex.o
    0x08005bae   0x08005bae   0x00000002   PAD
    0x08005bb0   0x08005bb0   0x000000dc   Code   RO          948    .text.HAL_TIMEx_MasterConfigSynchronization  stm32f1xx_hal_tim_ex.o
    0x08005c8c   0x08005c8c   0x0000009c   Code   RO          635    .text.HAL_TIM_Base_Init  stm32f1xx_hal_tim.o
    0x08005d28   0x08005d28   0x0000004e   Code   RO           64    .text.HAL_TIM_Base_MspInit  tim.o
    0x08005d76   0x08005d76   0x00000002   PAD
    0x08005d78   0x08005d78   0x000000b0   Code   RO          649    .text.HAL_TIM_Base_Start_IT  stm32f1xx_hal_tim.o
    0x08005e28   0x08005e28   0x00000184   Code   RO          827    .text.HAL_TIM_ConfigClockSource  stm32f1xx_hal_tim.o
    0x08005fac   0x08005fac   0x00000128   Code   RO          749    .text.HAL_TIM_Encoder_Init  stm32f1xx_hal_tim.o
    0x080060d4   0x080060d4   0x0000010c   Code   RO           66    .text.HAL_TIM_Encoder_MspInit  tim.o
    0x080061e0   0x080061e0   0x0000014e   Code   RO          757    .text.HAL_TIM_Encoder_Start  stm32f1xx_hal_tim.o
    0x0800632e   0x0800632e   0x00000002   PAD
    0x08006330   0x08006330   0x00000008   Code   RO          771    .text.HAL_TIM_IC_CaptureCallback  stm32f1xx_hal_tim.o
    0x08006338   0x08006338   0x0000027a   Code   RO          769    .text.HAL_TIM_IRQHandler  stm32f1xx_hal_tim.o
    0x080065b2   0x080065b2   0x00000002   PAD
    0x080065b4   0x080065b4   0x00000060   Code   RO           58    .text.HAL_TIM_MspPostInit  tim.o
    0x08006614   0x08006614   0x00000008   Code   RO          773    .text.HAL_TIM_OC_DelayElapsedCallback  stm32f1xx_hal_tim.o
    0x0800661c   0x0800661c   0x00000142   Code   RO          801    .text.HAL_TIM_PWM_ConfigChannel  stm32f1xx_hal_tim.o
    0x0800675e   0x0800675e   0x00000002   PAD
    0x08006760   0x08006760   0x0000009c   Code   RO          689    .text.HAL_TIM_PWM_Init  stm32f1xx_hal_tim.o
    0x080067fc   0x080067fc   0x00000008   Code   RO          691    .text.HAL_TIM_PWM_MspInit  stm32f1xx_hal_tim.o
    0x08006804   0x08006804   0x00000008   Code   RO          775    .text.HAL_TIM_PWM_PulseFinishedCallback  stm32f1xx_hal_tim.o
    0x0800680c   0x0800680c   0x00000160   Code   RO          697    .text.HAL_TIM_PWM_Start  stm32f1xx_hal_tim.o
    0x0800696c   0x0800696c   0x00000216   Code   RO         1367    .text.HAL_TIM_PeriodElapsedCallback  callback.o
    0x08006b82   0x08006b82   0x00000002   PAD
    0x08006b84   0x08006b84   0x00000008   Code   RO          779    .text.HAL_TIM_TriggerCallback  stm32f1xx_hal_tim.o
    0x08006b8c   0x08006b8c   0x0000000c   Code   RO         1063    .text.HAL_UARTEx_RxEventCallback  stm32f1xx_hal_uart.o
    0x08006b98   0x08006b98   0x000000cc   Code   RO         1015    .text.HAL_UART_DMAStop  stm32f1xx_hal_uart.o
    0x08006c64   0x08006c64   0x00000008   Code   RO         1061    .text.HAL_UART_ErrorCallback  stm32f1xx_hal_uart.o
    0x08006c6c   0x08006c6c   0x0000042a   Code   RO         1055    .text.HAL_UART_IRQHandler  stm32f1xx_hal_uart.o
    0x08007096   0x08007096   0x00000002   PAD
    0x08007098   0x08007098   0x0000009e   Code   RO          971    .text.HAL_UART_Init  stm32f1xx_hal_uart.o
    0x08007136   0x08007136   0x00000002   PAD
    0x08007138   0x08007138   0x000002bc   Code   RO           88    .text.HAL_UART_MspInit  usart.o
    0x080073f4   0x080073f4   0x00000056   Code   RO         1007    .text.HAL_UART_Receive_DMA  stm32f1xx_hal_uart.o
    0x0800744a   0x0800744a   0x00000002   PAD
    0x0800744c   0x0800744c   0x00000008   Code   RO         1073    .text.HAL_UART_RxCpltCallback  stm32f1xx_hal_uart.o
    0x08007454   0x08007454   0x00000008   Code   RO         1075    .text.HAL_UART_RxHalfCpltCallback  stm32f1xx_hal_uart.o
    0x0800745c   0x0800745c   0x0000011e   Code   RO          987    .text.HAL_UART_Transmit  stm32f1xx_hal_uart.o
    0x0800757a   0x0800757a   0x00000002   PAD
    0x0800757c   0x0800757c   0x00000008   Code   RO         1069    .text.HAL_UART_TxCpltCallback  stm32f1xx_hal_uart.o
    0x08007584   0x08007584   0x00000004   Code   RO          107    .text.HardFault_Handler  stm32f1xx_it.o
    0x08007588   0x08007588   0x0000007c   Code   RO         1420    .text.Hardware_Init  system_init.o
    0x08007604   0x08007604   0x00000024   Code   RO         1254    .text.IIC_Init      bsp_iic.o
    0x08007628   0x08007628   0x000000c0   Code   RO         1252    .text.IIC_Read_Buffer  bsp_iic.o
    0x080076e8   0x080076e8   0x0000010c   Code   RO         1248    .text.IIC_Read_Byte  bsp_iic.o
    0x080077f4   0x080077f4   0x0000003e   Code   RO         1240    .text.IIC_Registered  bsp_iic.o
    0x08007832   0x08007832   0x00000002   PAD
    0x08007834   0x08007834   0x0000005e   Code   RO         1242    .text.IIC_Start     bsp_iic.o
    0x08007892   0x08007892   0x00000002   PAD
    0x08007894   0x08007894   0x00000048   Code   RO         1244    .text.IIC_Stop      bsp_iic.o
    0x080078dc   0x080078dc   0x0000007e   Code   RO         1250    .text.IIC_Write_Buffer  bsp_iic.o
    0x0800795a   0x0800795a   0x00000002   PAD
    0x0800795c   0x0800795c   0x00000106   Code   RO         1246    .text.IIC_Write_Byte  bsp_iic.o
    0x08007a62   0x08007a62   0x00000002   PAD
    0x08007a64   0x08007a64   0x000000a8   Code   RO         1130    .text.KEY_Handler   key.o
    0x08007b0c   0x08007b0c   0x00000072   Code   RO         1132    .text.Key_Get_Value  key.o
    0x08007b7e   0x08007b7e   0x00000002   PAD
    0x08007b80   0x08007b80   0x000000e2   Code   RO         1128    .text.Key_Scan      key.o
    0x08007c62   0x08007c62   0x00000002   PAD
    0x08007c64   0x08007c64   0x0000003e   Code   RO         1116    .text.LED_Contral   led.o
    0x08007ca2   0x08007ca2   0x00000002   PAD
    0x08007ca4   0x08007ca4   0x00000014   Code   RO         1118    .text.LED_Flip      led.o
    0x08007cb8   0x08007cb8   0x00000068   Code   RO           33    .text.MX_ADC1_Init  adc.o
    0x08007d20   0x08007d20   0x00000070   Code   RO           48    .text.MX_DMA_Init   dma.o
    0x08007d90   0x08007d90   0x000001a2   Code   RO           25    .text.MX_GPIO_Init  gpio.o
    0x08007f32   0x08007f32   0x00000002   PAD
    0x08007f34   0x08007f34   0x00000138   Code   RO           56    .text.MX_TIM1_Init  tim.o
    0x0800806c   0x0800806c   0x00000082   Code   RO           60    .text.MX_TIM2_Init  tim.o
    0x080080ee   0x080080ee   0x00000002   PAD
    0x080080f0   0x080080f0   0x00000086   Code   RO           62    .text.MX_TIM4_Init  tim.o
    0x08008176   0x08008176   0x00000002   PAD
    0x08008178   0x08008178   0x00000040   Code   RO           82    .text.MX_USART1_UART_Init  usart.o
    0x080081b8   0x080081b8   0x00000040   Code   RO           84    .text.MX_USART2_UART_Init  usart.o
    0x080081f8   0x080081f8   0x00000040   Code   RO           86    .text.MX_USART3_UART_Init  usart.o
    0x08008238   0x08008238   0x00000004   Code   RO          109    .text.MemManage_Handler  stm32f1xx_it.o
    0x0800823c   0x0800823c   0x00000084   Code   RO         1295    .text.Menu_Display_1  menu.o
    0x080082c0   0x080082c0   0x000000f0   Code   RO         1297    .text.Menu_Display_2  menu.o
    0x080083b0   0x080083b0   0x000000a2   Code   RO         1299    .text.Menu_Display_3  menu.o
    0x08008452   0x08008452   0x00000002   PAD
    0x08008454   0x08008454   0x00000106   Code   RO         1301    .text.Menu_Display_4  menu.o
    0x0800855a   0x0800855a   0x00000002   PAD
    0x0800855c   0x0800855c   0x00000106   Code   RO         1303    .text.Menu_Display_5  menu.o
    0x08008662   0x08008662   0x00000002   PAD
    0x08008664   0x08008664   0x000000f0   Code   RO         1305    .text.Menu_Display_6  menu.o
    0x08008754   0x08008754   0x0000004c   Code   RO         1293    .text.Menu_Handler  menu.o
    0x080087a0   0x080087a0   0x0000000e   Code   RO         1291    .text.Menu_Init     menu.o
    0x080087ae   0x080087ae   0x00000002   PAD
    0x080087b0   0x080087b0   0x00000044   Code   RO         1146    .text.Motor_Init    motor.o
    0x080087f4   0x080087f4   0x0000008a   Code   RO         1152    .text.Motor_PID_Set_Speed  motor.o
    0x0800887e   0x0800887e   0x00000002   PAD
    0x08008880   0x08008880   0x000000a0   Code   RO         1148    .text.Motor_Set_Direction  motor.o
    0x08008920   0x08008920   0x000000fc   Code   RO         1150    .text.Motor_Set_PWM  motor.o
    0x08008a1c   0x08008a1c   0x00000004   Code   RO          105    .text.NMI_Handler   stm32f1xx_it.o
    0x08008a20   0x08008a20   0x0000006c   Code   RO          437    .text.NVIC_EncodePriority  stm32f1xx_hal_cortex.o
    0x08008a8c   0x08008a8c   0x00000068   Code   RO         1266    .text.OLED_Clear    oled.o
    0x08008af4   0x08008af4   0x0000005a   Code   RO         1272    .text.OLED_Fill_Space  oled.o
    0x08008b4e   0x08008b4e   0x00000002   PAD
    0x08008b50   0x08008b50   0x000000f2   Code   RO         1264    .text.OLED_Init     oled.o
    0x08008c42   0x08008c42   0x00000002   PAD
    0x08008c44   0x08008c44   0x00000034   Code   RO         1278    .text.OLED_Set_Pos  oled.o
    0x08008c78   0x08008c78   0x00000118   Code   RO         1270    .text.OLED_Show_CHN  oled.o
    0x08008d90   0x08008d90   0x0000010a   Code   RO         1268    .text.OLED_Show_String  oled.o
    0x08008e9a   0x08008e9a   0x00000002   PAD
    0x08008e9c   0x08008e9c   0x0000004c   Code   RO         1274    .text.OLED_Write_CMD  oled.o
    0x08008ee8   0x08008ee8   0x0000004c   Code   RO         1276    .text.OLED_Write_Data  oled.o
    0x08008f34   0x08008f34   0x0000008a   Code   RO         1178    .text.PID_Control   pid.o
    0x08008fbe   0x08008fbe   0x00000002   PAD
    0x08008fc0   0x08008fc0   0x000003a0   Code   RO         1206    .text.PID_Control_HW_Tracking  infrared.o
    0x08009360   0x08009360   0x0000005e   Code   RO         1176    .text.PID_Init      pid.o
    0x080093be   0x080093be   0x00000002   PAD
    0x080093c0   0x080093c0   0x00000074   Code   RO         1180    .text.PID_Parameters_Clear  pid.o
    0x08009434   0x08009434   0x00000002   Code   RO          119    .text.PendSV_Handler  stm32f1xx_it.o
    0x08009436   0x08009436   0x00000002   PAD
    0x08009438   0x08009438   0x00000014   Code   RO         1387    .text.Public_Delay_ms  public.o
    0x0800944c   0x0800944c   0x00000042   Code   RO         1389    .text.Public_Delay_us  public.o
    0x0800948e   0x0800948e   0x00000002   PAD
    0x08009490   0x08009490   0x0000003a   Code   RO          321    .text.RCC_Delay     stm32f1xx_hal_rcc.o
    0x080094ca   0x080094ca   0x00000002   PAD
    0x080094cc   0x080094cc   0x0000014e   Code   RO         1353    .text.Relay_Control  relay.o
    0x0800961a   0x0800961a   0x00000002   PAD
    0x0800961c   0x0800961c   0x000000b4   Code   RO         1355    .text.Relay_Flip    relay.o
    0x080096d0   0x080096d0   0x0000003e   Code   RO         1351    .text.Relay_Init    relay.o
    0x0800970e   0x0800970e   0x00000002   PAD
    0x08009710   0x08009710   0x00000002   Code   RO          115    .text.SVC_Handler   stm32f1xx_it.o
    0x08009712   0x08009712   0x00000002   PAD
    0x08009714   0x08009714   0x00000032   Code   RO         1391    .text.Str_To_Float  public.o
    0x08009746   0x08009746   0x00000002   PAD
    0x08009748   0x08009748   0x00000052   Code   RO          453    .text.SysTick_Config  stm32f1xx_hal_cortex.o
    0x0800979a   0x0800979a   0x00000002   PAD
    0x0800979c   0x0800979c   0x00000072   Code   RO         1365    .text.SysTick_Handler  callback.o
    0x0800980e   0x0800980e   0x00000002   PAD
    0x08009810   0x08009810   0x00000090   Code   RO           13    .text.SystemClock_Config  main.o
    0x080098a0   0x080098a0   0x00000002   Code   RO         1102    .text.SystemInit    system_stm32f1xx.o
    0x080098a2   0x080098a2   0x00000002   PAD
    0x080098a4   0x080098a4   0x00000004   Code   RO         1408    .text.System_Error_Handler  system.o
    0x080098a8   0x080098a8   0x00000008   Code   RO         1404    .text.System_Run    system.o
    0x080098b0   0x080098b0   0x00000010   Code   RO          129    .text.TIM1_UP_IRQHandler  stm32f1xx_it.o
    0x080098c0   0x080098c0   0x00000010   Code   RO          131    .text.TIM2_IRQHandler  stm32f1xx_it.o
    0x080098d0   0x080098d0   0x00000010   Code   RO          133    .text.TIM4_IRQHandler  stm32f1xx_it.o
    0x080098e0   0x080098e0   0x000000f0   Code   RO          639    .text.TIM_Base_SetConfig  stm32f1xx_hal_tim.o
    0x080099d0   0x080099d0   0x00000036   Code   RO          673    .text.TIM_CCxChannelCmd  stm32f1xx_hal_tim.o
    0x08009a06   0x08009a06   0x00000002   PAD
    0x08009a08   0x08009a08   0x00000034   Code   RO          825    .text.TIM_ETR_SetConfig  stm32f1xx_hal_tim.o
    0x08009a3c   0x08009a3c   0x0000002a   Code   RO          831    .text.TIM_ITRx_SetConfig  stm32f1xx_hal_tim.o
    0x08009a66   0x08009a66   0x00000002   PAD
    0x08009a68   0x08009a68   0x000000ce   Code   RO          783    .text.TIM_OC1_SetConfig  stm32f1xx_hal_tim.o
    0x08009b36   0x08009b36   0x00000002   PAD
    0x08009b38   0x08009b38   0x000000d8   Code   RO          785    .text.TIM_OC2_SetConfig  stm32f1xx_hal_tim.o
    0x08009c10   0x08009c10   0x000000d6   Code   RO          787    .text.TIM_OC3_SetConfig  stm32f1xx_hal_tim.o
    0x08009ce6   0x08009ce6   0x00000002   PAD
    0x08009ce8   0x08009ce8   0x00000096   Code   RO          789    .text.TIM_OC4_SetConfig  stm32f1xx_hal_tim.o
    0x08009d7e   0x08009d7e   0x00000002   PAD
    0x08009d80   0x08009d80   0x00000050   Code   RO          829    .text.TIM_TI1_ConfigInputStage  stm32f1xx_hal_tim.o
    0x08009dd0   0x08009dd0   0x00000052   Code   RO          833    .text.TIM_TI2_ConfigInputStage  stm32f1xx_hal_tim.o
    0x08009e22   0x08009e22   0x00000002   PAD
    0x08009e24   0x08009e24   0x000000a0   Code   RO         1406    .text.Task_Marks_Handler  system.o
    0x08009ec4   0x08009ec4   0x00000072   Code   RO         1410    .text.Task_Pro_Handler  system.o
    0x08009f36   0x08009f36   0x00000002   PAD
    0x08009f38   0x08009f38   0x00000010   Code   RO         1431    .text.TasksHandler_10Ms  task.o
    0x08009f48   0x08009f48   0x00000078   Code   RO         1439    .text.TasksHandler_1s  task.o
    0x08009fc0   0x08009fc0   0x00000010   Code   RO         1435    .text.TasksHandler_200Ms  task.o
    0x08009fd0   0x08009fd0   0x0000001c   Code   RO         1429    .text.TasksHandler_2Ms  task.o
    0x08009fec   0x08009fec   0x00000010   Code   RO         1437    .text.TasksHandler_500Ms  task.o
    0x08009ffc   0x08009ffc   0x00000010   Code   RO         1433    .text.TasksHandler_50Ms  task.o
    0x0800a00c   0x0800a00c   0x00000020   Code   RO         1059    .text.UART_DMAAbortOnError  stm32f1xx_hal_uart.o
    0x0800a02c   0x0800a02c   0x0000007c   Code   RO         1005    .text.UART_DMAError  stm32f1xx_hal_uart.o
    0x0800a0a8   0x0800a0a8   0x000000f4   Code   RO         1091    .text.UART_DMAReceiveCplt  stm32f1xx_hal_uart.o
    0x0800a19c   0x0800a19c   0x00000034   Code   RO         1093    .text.UART_DMARxHalfCplt  stm32f1xx_hal_uart.o
    0x0800a1d0   0x0800a1d0   0x00000094   Code   RO         1019    .text.UART_EndRxTransfer  stm32f1xx_hal_uart.o
    0x0800a264   0x0800a264   0x00000026   Code   RO         1067    .text.UART_EndTransmit_IT  stm32f1xx_hal_uart.o
    0x0800a28a   0x0800a28a   0x00000002   PAD
    0x0800a28c   0x0800a28c   0x00000036   Code   RO         1017    .text.UART_EndTxTransfer  stm32f1xx_hal_uart.o
    0x0800a2c2   0x0800a2c2   0x00000002   PAD
    0x0800a2c4   0x0800a2c4   0x0000016a   Code   RO         1057    .text.UART_Receive_IT  stm32f1xx_hal_uart.o
    0x0800a42e   0x0800a42e   0x00000002   PAD
    0x0800a430   0x0800a430   0x000000ba   Code   RO          975    .text.UART_SetConfig  stm32f1xx_hal_uart.o
    0x0800a4ea   0x0800a4ea   0x00000002   PAD
    0x0800a4ec   0x0800a4ec   0x0000010c   Code   RO         1009    .text.UART_Start_Receive_DMA  stm32f1xx_hal_uart.o
    0x0800a5f8   0x0800a5f8   0x00000094   Code   RO         1065    .text.UART_Transmit_IT  stm32f1xx_hal_uart.o
    0x0800a68c   0x0800a68c   0x000000d2   Code   RO          989    .text.UART_WaitOnFlagUntilTimeout  stm32f1xx_hal_uart.o
    0x0800a75e   0x0800a75e   0x00000002   PAD
    0x0800a760   0x0800a760   0x00000078   Code   RO         1369    .text.USART1_IRQHandler  callback.o
    0x0800a7d8   0x0800a7d8   0x00000066   Code   RO         1371    .text.USART2_IRQHandler  callback.o
    0x0800a83e   0x0800a83e   0x00000002   PAD
    0x0800a840   0x0800a840   0x00000078   Code   RO         1373    .text.USART3_IRQHandler  callback.o
    0x0800a8b8   0x0800a8b8   0x00000004   Code   RO          113    .text.UsageFault_Handler  stm32f1xx_it.o
    0x0800a8bc   0x0800a8bc   0x0000016e   Code   RO         1342    .text.Voice_Protocol_Analyze  voice.o
    0x0800aa2a   0x0800aa2a   0x00000002   PAD
    0x0800aa2c   0x0800aa2c   0x00000030   Code   RO          441    .text.__NVIC_EnableIRQ  stm32f1xx_hal_cortex.o
    0x0800aa5c   0x0800aa5c   0x00000010   Code   RO          433    .text.__NVIC_GetPriorityGrouping  stm32f1xx_hal_cortex.o
    0x0800aa6c   0x0800aa6c   0x00000042   Code   RO          435    .text.__NVIC_SetPriority  stm32f1xx_hal_cortex.o
    0x0800aaae   0x0800aaae   0x00000002   PAD
    0x0800aab0   0x0800aab0   0x0000003c   Code   RO          429    .text.__NVIC_SetPriorityGrouping  stm32f1xx_hal_cortex.o
    0x0800aaec   0x0800aaec   0x00000050   Code   RO           11    .text.main          main.o
    0x0800ab3c   0x0800ab3c   0x0000003e   Code   RO         1721    CL$$btod_d2e        c_w.l(btod.o)
    0x0800ab7a   0x0800ab7a   0x00000046   Code   RO         1723    CL$$btod_d2e_denorm_low  c_w.l(btod.o)
    0x0800abc0   0x0800abc0   0x00000060   Code   RO         1722    CL$$btod_d2e_norm_op1  c_w.l(btod.o)
    0x0800ac20   0x0800ac20   0x00000338   Code   RO         1731    CL$$btod_div_common  c_w.l(btod.o)
    0x0800af58   0x0800af58   0x00000084   Code   RO         1729    CL$$btod_e2d        c_w.l(btod.o)
    0x0800afdc   0x0800afdc   0x000000dc   Code   RO         1728    CL$$btod_e2e        c_w.l(btod.o)
    0x0800b0b8   0x0800b0b8   0x0000002a   Code   RO         1725    CL$$btod_ediv       c_w.l(btod.o)
    0x0800b0e2   0x0800b0e2   0x0000002a   Code   RO         1727    CL$$btod_edivd      c_w.l(btod.o)
    0x0800b10c   0x0800b10c   0x0000002a   Code   RO         1724    CL$$btod_emul       c_w.l(btod.o)
    0x0800b136   0x0800b136   0x0000002a   Code   RO         1726    CL$$btod_emuld      c_w.l(btod.o)
    0x0800b160   0x0800b160   0x00000244   Code   RO         1730    CL$$btod_mult_common  c_w.l(btod.o)
    0x0800b3a4   0x0800b3a4   0x00000028   Code   RO         1771    i.__ARM_fpclassify  m_ws.l(fpclassify.o)
    0x0800b3cc   0x0800b3cc   0x0000000e   Code   RO         1894    i.__mathlib_dbl_overflow  m_ws.l(dunder.o)
    0x0800b3da   0x0800b3da   0x00000002   PAD
    0x0800b3dc   0x0800b3dc   0x00000010   Code   RO         1896    i.__mathlib_dbl_underflow  m_ws.l(dunder.o)
    0x0800b3ec   0x0800b3ec   0x00000010   Code   RO         1773    i.__mathlib_narrow  m_ws.l(narrow.o)
    0x0800b3fc   0x0800b3fc   0x000000bc   Code   RO         1774    i.__mathlib_tofloat  m_ws.l(narrow.o)
    0x0800b4b8   0x0800b4b8   0x00000016   Code   RO         1872    i.__support_ldexp   m_ws.l(ldexp.o)
    0x0800b4ce   0x0800b4ce   0x0000000e   Code   RO         1575    i._is_digit         c_w.l(__printf_wp.o)
    0x0800b4dc   0x0800b4dc   0x00000058   Code   RO         1849    i.frexp             m_ws.l(frexp.o)
    0x0800b534   0x0800b534   0x00000074   Code   RO         1873    i.ldexp             m_ws.l(ldexp.o)
    0x0800b5a8   0x0800b5a8   0x0000002c   Code   RO         1749    locale$$code        c_w.l(lc_numeric_c.o)
    0x0800b5d4   0x0800b5d4   0x0000002c   Code   RO         1793    locale$$code        c_w.l(lc_ctype_c.o)
    0x0800b600   0x0800b600   0x00000062   Code   RO         1470    x$fpl$d2f           fz_ws.l(d2f.o)
    0x0800b662   0x0800b662   0x00000002   PAD
    0x0800b664   0x0800b664   0x00000150   Code   RO         1472    x$fpl$dadd          fz_ws.l(daddsub_clz.o)
    0x0800b7b4   0x0800b7b4   0x00000010   Code   RO         1888    x$fpl$dcheck1       fz_ws.l(dcheck1.o)
    0x0800b7c4   0x0800b7c4   0x00000018   Code   RO         1863    x$fpl$dcmpinf       fz_ws.l(dcmpi.o)
    0x0800b7dc   0x0800b7dc   0x000002b4   Code   RO         1479    x$fpl$ddiv          fz_ws.l(ddiv.o)
    0x0800ba90   0x0800ba90   0x00000078   Code   RO         1844    x$fpl$deqf          fz_ws.l(deqf.o)
    0x0800bb08   0x0800bb08   0x0000002e   Code   RO         1483    x$fpl$dflt          fz_ws.l(dflt_clz.o)
    0x0800bb36   0x0800bb36   0x00000002   PAD
    0x0800bb38   0x0800bb38   0x00000078   Code   RO         1865    x$fpl$dleqf         fz_ws.l(dleqf.o)
    0x0800bbb0   0x0800bbb0   0x00000154   Code   RO         1488    x$fpl$dmul          fz_ws.l(dmul.o)
    0x0800bd04   0x0800bd04   0x0000009c   Code   RO         1624    x$fpl$dnaninf       fz_ws.l(dnaninf.o)
    0x0800bda0   0x0800bda0   0x0000000c   Code   RO         1626    x$fpl$dretinf       fz_ws.l(dretinf.o)
    0x0800bdac   0x0800bdac   0x0000006c   Code   RO         1846    x$fpl$drleqf        fz_ws.l(drleqf.o)
    0x0800be18   0x0800be18   0x000001dc   Code   RO         1474    x$fpl$dsub          fz_ws.l(daddsub_clz.o)
    0x0800bff4   0x0800bff4   0x00000056   Code   RO         1490    x$fpl$f2d           fz_ws.l(f2d.o)
    0x0800c04a   0x0800c04a   0x00000002   PAD
    0x0800c04c   0x0800c04c   0x000000c4   Code   RO         1492    x$fpl$fadd          fz_ws.l(faddsub_clz.o)
    0x0800c110   0x0800c110   0x00000054   Code   RO         1498    x$fpl$fcmp          fz_ws.l(fcmp.o)
    0x0800c164   0x0800c164   0x00000018   Code   RO         1698    x$fpl$fcmpinf       fz_ws.l(fcmpi.o)
    0x0800c17c   0x0800c17c   0x00000184   Code   RO         1501    x$fpl$fdiv          fz_ws.l(fdiv.o)
    0x0800c300   0x0800c300   0x00000068   Code   RO         1628    x$fpl$feqf          fz_ws.l(feqf.o)
    0x0800c368   0x0800c368   0x00000036   Code   RO         1504    x$fpl$ffix          fz_ws.l(ffix.o)
    0x0800c39e   0x0800c39e   0x00000002   PAD
    0x0800c3a0   0x0800c3a0   0x00000030   Code   RO         1509    x$fpl$fflt          fz_ws.l(fflt_clz.o)
    0x0800c3d0   0x0800c3d0   0x00000068   Code   RO         1630    x$fpl$fgeqf         fz_ws.l(fgeqf.o)
    0x0800c438   0x0800c438   0x00000068   Code   RO         1632    x$fpl$fleqf         fz_ws.l(fleqf.o)
    0x0800c4a0   0x0800c4a0   0x00000102   Code   RO         1514    x$fpl$fmul          fz_ws.l(fmul.o)
    0x0800c5a2   0x0800c5a2   0x0000008c   Code   RO         1634    x$fpl$fnaninf       fz_ws.l(fnaninf.o)
    0x0800c62e   0x0800c62e   0x0000000a   Code   RO         1636    x$fpl$fretinf       fz_ws.l(fretinf.o)
    0x0800c638   0x0800c638   0x000000ea   Code   RO         1494    x$fpl$fsub          fz_ws.l(faddsub_clz.o)
    0x0800c722   0x0800c722   0x00000006   Code   RO         1763    x$fpl$ieeestatus    fz_ws.l(istatus.o)
    0x0800c728   0x0800c728   0x00000004   Code   RO         1638    x$fpl$printf1       fz_ws.l(printf1.o)
    0x0800c72c   0x0800c72c   0x00000004   Code   RO         1640    x$fpl$printf2       fz_ws.l(printf2.o)
    0x0800c730   0x0800c730   0x00000064   Code   RO         1933    x$fpl$retnan        fz_ws.l(retnan.o)
    0x0800c794   0x0800c794   0x0000005c   Code   RO         1869    x$fpl$scalbn        fz_ws.l(scalbn.o)
    0x0800c7f0   0x0800c7f0   0x00000004   Code   RO         1646    x$fpl$scanf1        fz_ws.l(scanf1.o)
    0x0800c7f4   0x0800c7f4   0x00000008   Code   RO         1765    x$fpl$scanf2        fz_ws.l(scanf2.o)
    0x0800c7fc   0x0800c7fc   0x00000030   Code   RO         1941    x$fpl$trapveneer    fz_ws.l(trapv.o)
    0x0800c82c   0x0800c82c   0x00000000   Code   RO         1648    x$fpl$usenofp       fz_ws.l(usenofp.o)
    0x0800c82c   0x0800c82c   0x00000008   Data   RO         1534    .constdata          c_w.l(_printf_wctomb.o)
    0x0800c834   0x0800c834   0x00000028   Data   RO         1563    .constdata          c_w.l(_printf_hex_int_ll_ptr.o)
    0x0800c85c   0x0800c85c   0x00000011   Data   RO         1583    .constdata          c_w.l(__printf_flags_ss_wp.o)
    0x0800c86d   0x0800c86d   0x00000026   Data   RO         1675    .constdata          c_w.l(_printf_fp_hex.o)
    0x0800c893   0x0800c893   0x00000001   PAD
    0x0800c894   0x0800c894   0x00000094   Data   RO         1719    .constdata          c_w.l(bigflt0.o)
    0x0800c928   0x0800c928   0x00000010   Data   RO         1107    .rodata.AHBPrescTable  system_stm32f1xx.o
    0x0800c938   0x0800c938   0x00000008   Data   RO         1108    .rodata.APBPrescTable  system_stm32f1xx.o
    0x0800c940   0x0800c940   0x000000cc   Data   RO         1281    .rodata.CHN_16x16   oled.o
    0x0800ca0c   0x0800ca0c   0x00000010   Data   RO          362    .rodata.HAL_RCCEx_GetPeriphCLKFreq.aPLLMULFactorTable  stm32f1xx_hal_rcc_ex.o
    0x0800ca1c   0x0800ca1c   0x00000002   Data   RO          363    .rodata.HAL_RCCEx_GetPeriphCLKFreq.aPredivFactorTable  stm32f1xx_hal_rcc_ex.o
    0x0800ca1e   0x0800ca1e   0x00000010   Data   RO          347    .rodata.HAL_RCC_GetSysClockFreq.aPLLMULFactorTable  stm32f1xx_hal_rcc.o
    0x0800ca2e   0x0800ca2e   0x00000002   Data   RO          348    .rodata.HAL_RCC_GetSysClockFreq.aPredivFactorTable  stm32f1xx_hal_rcc.o
    0x0800ca30   0x0800ca30   0x000000eb   Data   RO         1229    .rodata.str1.1      bsp_uart3.o
    0x0800cb1b   0x0800cb1b   0x000000e2   Data   RO         1309    .rodata.str1.1      menu.o
    0x0800cbfd   0x0800cbfd   0x00000003   Data   RO         1396    .rodata.str1.1      public.o
    0x0800cc00   0x0800cc00   0x0000003d   Data   RO         1443    .rodata.str1.1      task.o
    0x0800cc3d   0x0800cc3d   0x000005f0   Data   RO         1280    .rodata.ucASCII_16x8  oled.o
    0x0800d22d   0x0800d22d   0x00000003   PAD
    0x0800d230   0x0800d230   0x00000020   Data   RO         1970    Region$$Table       anon$$obj.o
    0x0800d250   0x0800d250   0x00000008   Data   RO         1759    c$$dinf             fz_ws.l(fpconst.o)
    0x0800d258   0x0800d258   0x00000008   Data   RO         1762    c$$dmax             fz_ws.l(fpconst.o)
    0x0800d260   0x0800d260   0x0000001c   Data   RO         1748    locale$$data        c_w.l(lc_numeric_c.o)
    0x0800d27c   0x0800d27c   0x00000110   Data   RO         1792    locale$$data        c_w.l(lc_ctype_c.o)


    Execution Region RW_IRAM1 (Exec base: 0x20000000, Load base: 0x0800d390, Size: 0x00000c80, Max: 0x00005000, ABSOLUTE, COMPRESSED[0x00000100])

    Exec Addr    Load Addr    Size         Type   Attr      Idx    E Section Name        Object

    0x20000000   COMPRESSED   0x00000018   Data   RW         1168    .data.Encoder       encoder.o
    0x20000018   COMPRESSED   0x00000008   Data   RW         1210    .data.Infrared      infrared.o
    0x20000020   COMPRESSED   0x00000014   Data   RW         1134    .data.KEY           key.o
    0x20000034   COMPRESSED   0x00000008   Data   RW         1120    .data.LED           led.o
    0x2000003c   COMPRESSED   0x00000008   Data   RW         1307    .data.Menu          menu.o
    0x20000044   COMPRESSED   0x00000014   Data   RW         1154    .data.Motor         motor.o
    0x20000058   COMPRESSED   0x00000014   Data   RW         1282    .data.OLED          oled.o
    0x2000006c   COMPRESSED   0x0000000c   Data   RW         1182    .data.PID           pid.o
    0x20000078   COMPRESSED   0x0000000c   Data   RW         1395    .data.Public        public.o
    0x20000084   COMPRESSED   0x00000018   Data   RW         1357    .data.Relay         relay.o
    0x2000009c   COMPRESSED   0x0000000c   Data   RW         1412    .data.System        system.o
    0x200000a8   COMPRESSED   0x00000004   Data   RW         1106    .data.SystemCoreClock  system_stm32f1xx.o
    0x200000ac   COMPRESSED   0x00000004   Data   RW         1422    .data.System_Init   system_init.o
    0x200000b0   COMPRESSED   0x00000048   Data   RW         1441    .data.Task          task.o
    0x200000f8   COMPRESSED   0x00000008   Data   RW         1344    .data.Voice         voice.o
    0x20000100   COMPRESSED   0x00000070   Data   RW         1321    .data.bsp_ADC       bsp_adc.o
    0x20000170   COMPRESSED   0x0000001c   Data   RW         1256    .data.bsp_IIC       bsp_iic.o
    0x2000018c   COMPRESSED   0x00000010   Data   RW         1198    .data.bsp_UART1     bsp_uart1.o
    0x2000019c   COMPRESSED   0x0000000c   Data   RW         1334    .data.bsp_UART2     bsp_uart2.o
    0x200001a8   COMPRESSED   0x00000018   Data   RW         1228    .data.bsp_UART3     bsp_uart3.o
    0x200001c0   COMPRESSED   0x00000001   Data   RW         1442    .data.ucTask_MAX    task.o
    0x200001c1   COMPRESSED   0x00000001   Data   RW          308    .data.uwTickFreq    stm32f1xx_hal.o
    0x200001c2   COMPRESSED   0x00000002   PAD
    0x200001c4   COMPRESSED   0x00000004   Data   RW          307    .data.uwTickPrio    stm32f1xx_hal.o
    0x200001c8        -       0x00000060   Zero   RW         1780    .bss                c_w.l(libspace.o)
    0x20000228        -       0x00000001   Zero   RW         1231    .bss.Bsp_UART3_Analyze.Relay_Flag_1  bsp_uart3.o
    0x20000229        -       0x00000001   Zero   RW         1232    .bss.Bsp_UART3_Analyze.Relay_Flag_2  bsp_uart3.o
    0x2000022a        -       0x00000001   Zero   RW         1230    .bss.Bsp_UART3_Analyze.Voice_Change_Flag  bsp_uart3.o
    0x2000022b        -       0x00000001   Zero   RW         1377    .bss.HAL_TIM_PeriodElapsedCallback.Encoder_cnt  callback.o
    0x2000022c        -       0x00000001   Zero   RW         1379    .bss.HAL_TIM_PeriodElapsedCallback.Key_cnt  callback.o
    0x2000022d        -       0x00000001   Zero   RW         1378    .bss.HAL_TIM_PeriodElapsedCallback.Motor_cnt  callback.o
    0x2000022e   COMPRESSED   0x00000002   PAD
    0x20000230        -       0x00000004   Zero   RW         1211    .bss.HW_PID_Out_Left_Speed  infrared.o
    0x20000234        -       0x00000004   Zero   RW         1212    .bss.HW_PID_Out_Right_Speed  infrared.o
    0x20000238        -       0x00000001   Zero   RW         1135    .bss.Key_Scan.Key_old  key.o
    0x20000239        -       0x00000001   Zero   RW         1138    .bss.Key_down       key.o
    0x2000023a        -       0x00000001   Zero   RW         1137    .bss.Key_up         key.o
    0x2000023b        -       0x00000001   Zero   RW         1136    .bss.Key_value      key.o
    0x2000023c        -       0x00000001   Zero   RW         1209    .bss.Last_state     infrared.o
    0x2000023d        -       0x00000001   Zero   RW         1308    .bss.Menu_Status    menu.o
    0x2000023e   COMPRESSED   0x00000002   PAD
    0x20000240        -       0x00000010   Zero   RW         1283    .bss.OLED_Parameter_IIC  oled.o
    0x20000250        -       0x00000024   Zero   RW         1185    .bss.PID_HW_Tracking  pid.o
    0x20000274        -       0x00000024   Zero   RW         1183    .bss.PID_Motor_Left  pid.o
    0x20000298        -       0x00000024   Zero   RW         1184    .bss.PID_Motor_Right  pid.o
    0x200002bc        -       0x00000001   Zero   RW         1376    .bss.SysTick_Handler.Count_5ms  callback.o
    0x200002bd        -       0x00000001   Zero   RW         1375    .bss.SysTick_Handler.Key_cnt  callback.o
    0x200002be        -       0x00000001   Zero   RW         1208    .bss.This_state     infrared.o
    0x200002bf        -       0x00000042   Zero   RW         1197    .bss.UART1_Rec_Arr  bsp_uart1.o
    0x20000301        -       0x00000042   Zero   RW         1333    .bss.UART2_Rec_Arr  bsp_uart2.o
    0x20000343        -       0x00000042   Zero   RW         1227    .bss.UART3_Rec_Arr  bsp_uart3.o
    0x20000385   COMPRESSED   0x00000003   PAD
    0x20000388        -       0x00000030   Zero   RW           39    .bss.hadc1          adc.o
    0x200003b8        -       0x00000044   Zero   RW           40    .bss.hdma_adc1      adc.o
    0x200003fc        -       0x00000044   Zero   RW           95    .bss.hdma_usart1_rx  usart.o
    0x20000440        -       0x00000044   Zero   RW           96    .bss.hdma_usart2_rx  usart.o
    0x20000484        -       0x00000044   Zero   RW           97    .bss.hdma_usart3_rx  usart.o
    0x200004c8        -       0x00000048   Zero   RW           72    .bss.htim1          tim.o
    0x20000510        -       0x00000048   Zero   RW           73    .bss.htim2          tim.o
    0x20000558        -       0x00000048   Zero   RW           74    .bss.htim4          tim.o
    0x200005a0        -       0x00000048   Zero   RW           92    .bss.huart1         usart.o
    0x200005e8        -       0x00000048   Zero   RW           93    .bss.huart2         usart.o
    0x20000630        -       0x00000048   Zero   RW           94    .bss.huart3         usart.o
    0x20000678        -       0x00000004   Zero   RW          309    .bss.uwTick         stm32f1xx_hal.o
    0x2000067c   COMPRESSED   0x00000004   PAD
    0x20000680        -       0x00000200   Zero   RW            2    HEAP                startup_stm32f103xb.o
    0x20000880        -       0x00000400   Zero   RW            1    STACK               startup_stm32f103xb.o


==============================================================================

Image component sizes


      Code (inc. data)   RO Data    RW Data    ZI Data      Debug   Object Name

       306          0          0          0        116       3983   adc.o
       184          0          0        112          0       1134   bsp_adc.o
      1112          0          0         28          0       3241   bsp_iic.o
        86          0          0         16         66       1079   bsp_uart1.o
      1004          0          0         12         66       1826   bsp_uart2.o
      1924          0        235         24         69       2487   bsp_uart3.o
       990          0          0          0          5       4773   callback.o
       112          0          0          0          0       1999   dma.o
       332          0          0         24          0       1704   encoder.o
       418          0          0          0          0       1621   gpio.o
       928          0          0          8         10       1669   infrared.o
       508          0          0         20          4       1893   key.o
        82          0          0          8          0       1344   led.o
       238          0          0          0          0       1908   main.o
      1388          6        226          8          1       2381   menu.o
       618          0          0         20          0       2637   motor.o
      1186          0       1724         20         16       3553   oled.o
       348          0          0         12        108       1495   pid.o
       136          0          3         12          0       1579   public.o
       576          8          0         24          0       2234   relay.o
        64         26        236          0       1536        800   startup_stm32f103xb.o
       254          0          0          5          4       5555   stm32f1xx_hal.o
      2042          0          0          0          0       9340   stm32f1xx_hal_adc.o
       394          0          0          0          0       7401   stm32f1xx_hal_adc_ex.o
       482          0          0          0          0       7512   stm32f1xx_hal_cortex.o
      1510          0          0          0          0       6258   stm32f1xx_hal_dma.o
       928          0          0          0          0       4216   stm32f1xx_hal_gpio.o
       100          0          0          0          0       1194   stm32f1xx_hal_msp.o
      2582          0         18          0          0       7406   stm32f1xx_hal_rcc.o
       862          0         18          0          0       3113   stm32f1xx_hal_rcc_ex.o
      4190         14          0          0          0      35447   stm32f1xx_hal_tim.o
       414          0          0          0          0      15066   stm32f1xx_hal_tim_ex.o
      3710          0          0          0          0      19927   stm32f1xx_hal_uart.o
       138          0          0          0          0       1614   stm32f1xx_it.o
       286          0          0         12          0       1252   system.o
       124          0          0          4          0        620   system_init.o
         2          0         24          4          0       1565   system_stm32f1xx.o
       212          0         61         73          0       1463   task.o
      1018          0          0          0        216       8042   tim.o
       892          0          0          0        420       6106   usart.o
       366         10          0          8          0       1195   voice.o

    ----------------------------------------------------------------------
     33220         64       2580        456       2648     189632   Object Totals
         0          0         32          0          0          0   (incl. Generated)
       174          0          3          2         11          0   (incl. Padding)

    ----------------------------------------------------------------------

      Code (inc. data)   RO Data    RW Data    ZI Data      Debug   Library Member Name

        90          0          0          0          0          0   __dczerorl2.o
         8          0          0          0          0         68   __main.o
       392          4         17          0          0         92   __printf_flags_ss_wp.o
        14          0          0          0          0         68   __printf_wp.o
         0          0          0          0          0          0   __rtentry.o
        12          0          0          0          0          0   __rtentry2.o
         6          0          0          0          0          0   __rtentry4.o
        52          8          0          0          0          0   __scatter.o
        28          0          0          0          0          0   __scatter_zi.o
        72          0          0          0          0         96   _c16rtomb.o
        28          0          0          0          0         68   _chval.o
        64          0          0          0          0         84   _mbrtoc16.o
         6          0          0          0          0          0   _printf_a.o
         6          0          0          0          0          0   _printf_c.o
        44          0          0          0          0        108   _printf_char.o
        48          6          0          0          0         96   _printf_char_common.o
        40          0          0          0          0         68   _printf_charcount.o
         6          0          0          0          0          0   _printf_d.o
       120         16          0          0          0         92   _printf_dec.o
         6          0          0          0          0          0   _printf_e.o
         6          0          0          0          0          0   _printf_f.o
      1052          0          0          0          0        148   _printf_fp_dec.o
       764          8         38          0          0        100   _printf_fp_hex.o
       128         16          0          0          0         84   _printf_fp_infnan.o
         6          0          0          0          0          0   _printf_g.o
       148          4         40          0          0        160   _printf_hex_int_ll_ptr.o
         6          0          0          0          0          0   _printf_i.o
       178          0          0          0          0         88   _printf_intcommon.o
        10          0          0          0          0          0   _printf_l.o
         6          0          0          0          0          0   _printf_lc.o
        10          0          0          0          0          0   _printf_ll.o
         6          0          0          0          0          0   _printf_lld.o
         6          0          0          0          0          0   _printf_lli.o
         6          0          0          0          0          0   _printf_llo.o
         6          0          0          0          0          0   _printf_llu.o
         6          0          0          0          0          0   _printf_llx.o
       124         16          0          0          0         92   _printf_longlong_dec.o
         6          0          0          0          0          0   _printf_ls.o
         6          0          0          0          0          0   _printf_n.o
         6          0          0          0          0          0   _printf_o.o
       112          8          0          0          0        124   _printf_oct_int_ll.o
         6          0          0          0          0          0   _printf_p.o
        78          0          0          0          0        108   _printf_pad.o
         0          0          0          0          0          0   _printf_percent.o
         4          0          0          0          0          0   _printf_percent_end.o
         6          0          0          0          0          0   _printf_s.o
        82          0          0          0          0         80   _printf_str.o
        36          0          0          0          0         84   _printf_truncate.o
         6          0          0          0          0          0   _printf_u.o
        44          0          0          0          0        108   _printf_wchar.o
       188          6          8          0          0         92   _printf_wctomb.o
         6          0          0          0          0          0   _printf_x.o
        22          0          0          0          0        100   _rserrno.o
       884          6          0          0          0        100   _scanf.o
       332          0          0          0          0         96   _scanf_int.o
       342          0          0          0          0        100   _scanf_longlong.o
       276          0          0          0          0        100   _scanf_mbtowc.o
       224          0          0          0          0         96   _scanf_str.o
        30          0          0          0          0         76   _scanf_wcharmap.o
       232          0          0          0          0        100   _scanf_wctomb.o
       208          0          0          0          0         96   _scanf_wstr.o
        64          0          0          0          0         84   _sgetc.o
        10          0          0          0          0         68   _sputc.o
       228          4        148          0          0         96   bigflt0.o
      2152        136          0          0          0        956   btod.o
        18          0          0          0          0         80   exit.o
         6          0          0          0          0        152   heapauxi.o
         0          0          0          0          0          0   indicate_semi.o
        18          0          0          0          0         76   isspace.o
        44         10        272          0          0         76   lc_ctype_c.o
        44         10         28          0          0         76   lc_numeric_c.o
         2          0          0          0          0          0   libinit.o
        30          0          0          0          0          0   libinit2.o
         2          0          0          0          0          0   libshutdown.o
         2          0          0          0          0          0   libshutdown2.o
         8          4          0          0         96         68   libspace.o
        38          0          0          0          0         68   llshl.o
       138          0          0          0          0         80   lludiv10.o
        16          4          0          0          0         76   rt_ctype_table.o
         8          4          0          0          0         68   rt_errno_addr_intlibspace.o
         8          4          0          0          0         68   rt_locale_intlibspace.o
        68          0          0          0          0         68   rt_memclr.o
        78          0          0          0          0         80   rt_memclr_w.o
         2          0          0          0          0          0   rtexit.o
        10          0          0          0          0          0   rtexit2.o
        44          8          0          0          0         84   scanf_char.o
      1272         16          0          0          0        168   scanf_fp.o
       800         14          0          0          0        100   scanf_hexfp.o
       308         16          0          0          0        100   scanf_infnan.o
        44          6          0          0          0         84   sprintf.o
        60          8          0          0          0         84   sscanf.o
        20          0          0          0          0         68   strchr.o
       128          0          0          0          0         68   strcmpv7m.o
        62          0          0          0          0         76   strlen.o
       150          0          0          0          0         80   strncmp.o
        12          4          0          0          0         68   sys_exit.o
        74          0          0          0          0         80   sys_stackheap_outer.o
         2          0          0          0          0         68   use_no_semi.o
        98          4          0          0          0         92   d2f.o
       812         16          0          0          0        296   daddsub_clz.o
        16          4          0          0          0         68   dcheck1.o
        24          0          0          0          0         68   dcmpi.o
       692        140          0          0          0        216   ddiv.o
       120          4          0          0          0         92   deqf.o
        46          0          0          0          0         68   dflt_clz.o
       120          4          0          0          0         92   dleqf.o
       340         12          0          0          0        104   dmul.o
       156          4          0          0          0         92   dnaninf.o
        12          0          0          0          0         68   dretinf.o
       108          0          0          0          0         80   drleqf.o
        86          4          0          0          0         84   f2d.o
       430          8          0          0          0        168   faddsub_clz.o
        84          0          0          0          0        196   fcmp.o
        24          0          0          0          0         68   fcmpi.o
       388         76          0          0          0         96   fdiv.o
       104          4          0          0          0         84   feqf.o
        54          4          0          0          0         84   ffix.o
        48          0          0          0          0         68   fflt_clz.o
       104          4          0          0          0         84   fgeqf.o
       104          4          0          0          0         84   fleqf.o
       258          4          0          0          0         84   fmul.o
       140          4          0          0          0         84   fnaninf.o
         0          0         16          0          0          0   fpconst.o
        10          0          0          0          0         68   fretinf.o
         6          0          0          0          0         68   istatus.o
         4          0          0          0          0         68   printf1.o
         4          0          0          0          0         68   printf2.o
       100          0          0          0          0         68   retnan.o
        92          0          0          0          0         68   scalbn.o
         4          0          0          0          0         68   scanf1.o
         8          0          0          0          0         84   scanf2.o
        48          0          0          0          0         68   trapv.o
         0          0          0          0          0          0   usenofp.o
        30          6          0          0          0        136   dunder.o
        40          0          0          0          0         68   fpclassify.o
        88          8          0          0          0         76   frexp.o
       138          0          0          0          0        160   ldexp.o
       204          4          0          0          0        168   narrow.o

    ----------------------------------------------------------------------
     17788        664        568          0         96      10096   Library Totals
        28          0          1          0          0          0   (incl. Padding)

    ----------------------------------------------------------------------

      Code (inc. data)   RO Data    RW Data    ZI Data      Debug   Library Name

     12616        346        551          0         96       6340   c_w.l
      4644        300         16          0          0       3148   fz_ws.l
       500         18          0          0          0        608   m_ws.l

    ----------------------------------------------------------------------
     17788        664        568          0         96      10096   Library Totals

    ----------------------------------------------------------------------

==============================================================================


      Code (inc. data)   RO Data    RW Data    ZI Data      Debug   

     51008        728       3148        456       2744     193276   Grand Totals
     51008        728       3148        256       2744     193276   ELF Image Totals (compressed)
     51008        728       3148        256          0          0   ROM Totals

==============================================================================

    Total RO  Size (Code + RO Data)                54156 (  52.89kB)
    Total RW  Size (RW Data + ZI Data)              3200 (   3.12kB)
    Total ROM Size (Code + RO Data + RW Data)      54412 (  53.14kB)

==============================================================================

